Archive member included because of file (symbol)

c:/winavr-20100110/bin/../lib/gcc/avr/4.3.3/avr6\libgcc.a(_udivmodsi4.o)
                              ./MCAL/UART.o (__udivmodsi4)
c:/winavr-20100110/bin/../lib/gcc/avr/4.3.3/avr6\libgcc.a(_exit.o)
                              c:/winavr-20100110/bin/../lib/gcc/avr/4.3.3/../../../../avr/lib/avr6/crtm2560.o (exit)
c:/winavr-20100110/bin/../lib/gcc/avr/4.3.3/avr6\libgcc.a(_clear_bss.o)
                              ./utils/Millis.o (__do_clear_bss)
c:/winavr-20100110/bin/../lib/gcc/avr/4.3.3/avr6\libgcc.a(_fixunssfsi.o)
                              ./ECUAL/Modbus/Modbus_master.o (__fixunssfsi)
c:/winavr-20100110/bin/../lib/gcc/avr/4.3.3/avr6\libgcc.a(_addsub_sf.o)
                              c:/winavr-20100110/bin/../lib/gcc/avr/4.3.3/avr6\libgcc.a(_fixunssfsi.o) (__subsf3)
c:/winavr-20100110/bin/../lib/gcc/avr/4.3.3/avr6\libgcc.a(_mul_sf.o)
                              ./ECUAL/Modbus/Modbus_master.o (__mulsf3)
c:/winavr-20100110/bin/../lib/gcc/avr/4.3.3/avr6\libgcc.a(_div_sf.o)
                              ./ECUAL/Modbus/Modbus_master.o (__divsf3)
c:/winavr-20100110/bin/../lib/gcc/avr/4.3.3/avr6\libgcc.a(_gt_sf.o)
                              ./ECUAL/Modbus/Modbus_master.o (__gtsf2)
c:/winavr-20100110/bin/../lib/gcc/avr/4.3.3/avr6\libgcc.a(_ge_sf.o)
                              c:/winavr-20100110/bin/../lib/gcc/avr/4.3.3/avr6\libgcc.a(_fixunssfsi.o) (__gesf2)
c:/winavr-20100110/bin/../lib/gcc/avr/4.3.3/avr6\libgcc.a(_lt_sf.o)
                              ./ECUAL/Modbus/Modbus_master.o (__ltsf2)
c:/winavr-20100110/bin/../lib/gcc/avr/4.3.3/avr6\libgcc.a(_sf_to_si.o)
                              c:/winavr-20100110/bin/../lib/gcc/avr/4.3.3/avr6\libgcc.a(_fixunssfsi.o) (__fixsfsi)
c:/winavr-20100110/bin/../lib/gcc/avr/4.3.3/avr6\libgcc.a(_thenan_sf.o)
                              c:/winavr-20100110/bin/../lib/gcc/avr/4.3.3/avr6\libgcc.a(_addsub_sf.o) (__thenan_sf)
c:/winavr-20100110/bin/../lib/gcc/avr/4.3.3/avr6\libgcc.a(_prologue.o)
                              c:/winavr-20100110/bin/../lib/gcc/avr/4.3.3/avr6\libgcc.a(_addsub_sf.o) (__prologue_saves__)
c:/winavr-20100110/bin/../lib/gcc/avr/4.3.3/avr6\libgcc.a(_epilogue.o)
                              c:/winavr-20100110/bin/../lib/gcc/avr/4.3.3/avr6\libgcc.a(_addsub_sf.o) (__epilogue_restores__)
c:/winavr-20100110/bin/../lib/gcc/avr/4.3.3/avr6\libgcc.a(_pack_sf.o)
                              c:/winavr-20100110/bin/../lib/gcc/avr/4.3.3/avr6\libgcc.a(_addsub_sf.o) (__pack_f)
c:/winavr-20100110/bin/../lib/gcc/avr/4.3.3/avr6\libgcc.a(_unpack_sf.o)
                              c:/winavr-20100110/bin/../lib/gcc/avr/4.3.3/avr6\libgcc.a(_addsub_sf.o) (__unpack_f)
c:/winavr-20100110/bin/../lib/gcc/avr/4.3.3/avr6\libgcc.a(_fpcmp_parts_sf.o)
                              c:/winavr-20100110/bin/../lib/gcc/avr/4.3.3/avr6\libgcc.a(_gt_sf.o) (__fpcmp_parts_f)

Allocating common symbols
Common symbol       size              file

debug_send_lcd      0xb               ./main.o
timer1_millis       0x4               ./utils/Millis.o
debug_rece_lcd      0x7               ./main.o

Memory Configuration

Name             Origin             Length             Attributes
text             0x00000000         0x00100000         xr
data             0x00800200         0x0000fe00         rw !x
eeprom           0x00810000         0x00010000         rw !x
fuse             0x00820000         0x00000400         rw !x
lock             0x00830000         0x00000400         rw !x
signature        0x00840000         0x00000400         rw !x
*default*        0x00000000         0xffffffff

Linker script and memory map

Address of section .data set to 0x800200
LOAD c:/winavr-20100110/bin/../lib/gcc/avr/4.3.3/../../../../avr/lib/avr6/crtm2560.o
LOAD ./utils/CRC16.o
LOAD ./utils/Millis.o
LOAD ./MCAL/ADC.o
LOAD ./MCAL/DIO.o
LOAD ./MCAL/Interrupt.o
LOAD ./MCAL/SPI.o
LOAD ./MCAL/Timer.o
LOAD ./MCAL/UART.o
LOAD ./ECUAL/Modbus/Modbus_master.o
LOAD ./ECUAL/Blancher_level.o
LOAD ./ECUAL/Flow_rate.o
LOAD ./ECUAL/Gas.o
LOAD ./ECUAL/Inverter.o
LOAD ./ECUAL/LCD.o
LOAD ./ECUAL/PowderIF.o
LOAD ./ECUAL/Pumb.o
LOAD ./ECUAL/Tank_level.o
LOAD ./ECUAL/Temperature.o
LOAD ./GLOBAL.o
LOAD ./Tasks.o
LOAD ./main.o
LOAD c:/winavr-20100110/bin/../lib/gcc/avr/4.3.3/avr6\libgcc.a
LOAD c:/winavr-20100110/bin/../lib/gcc/avr/4.3.3/../../../../avr/lib/avr6\libc.a
LOAD c:/winavr-20100110/bin/../lib/gcc/avr/4.3.3/avr6\libgcc.a

.hash
 *(.hash)

.dynsym
 *(.dynsym)

.dynstr
 *(.dynstr)

.gnu.version
 *(.gnu.version)

.gnu.version_d
 *(.gnu.version_d)

.gnu.version_r
 *(.gnu.version_r)

.rel.init
 *(.rel.init)

.rela.init
 *(.rela.init)

.rel.text
 *(.rel.text)
 *(.rel.text.*)
 *(.rel.gnu.linkonce.t*)

.rela.text
 *(.rela.text)
 *(.rela.text.*)
 *(.rela.gnu.linkonce.t*)

.rel.fini
 *(.rel.fini)

.rela.fini
 *(.rela.fini)

.rel.rodata
 *(.rel.rodata)
 *(.rel.rodata.*)
 *(.rel.gnu.linkonce.r*)

.rela.rodata
 *(.rela.rodata)
 *(.rela.rodata.*)
 *(.rela.gnu.linkonce.r*)

.rel.data
 *(.rel.data)
 *(.rel.data.*)
 *(.rel.gnu.linkonce.d*)

.rela.data
 *(.rela.data)
 *(.rela.data.*)
 *(.rela.gnu.linkonce.d*)

.rel.ctors
 *(.rel.ctors)

.rela.ctors
 *(.rela.ctors)

.rel.dtors
 *(.rel.dtors)

.rela.dtors
 *(.rela.dtors)

.rel.got
 *(.rel.got)

.rela.got
 *(.rela.got)

.rel.bss
 *(.rel.bss)

.rela.bss
 *(.rela.bss)

.rel.plt
 *(.rel.plt)

.rela.plt
 *(.rela.plt)

.text           0x00000000     0x5054
 *(.vectors)
 .vectors       0x00000000       0xe4 c:/winavr-20100110/bin/../lib/gcc/avr/4.3.3/../../../../avr/lib/avr6/crtm2560.o
                0x00000000                __vectors
                0x00000000                __vector_default
 *(.vectors)
 *(.progmem.gcc*)
 *(.progmem*)
                0x000000e4                . = ALIGN (0x2)
                0x000000e4                __trampolines_start = .
 *(.trampolines)
 .trampolines   0x000000e4        0x0 linker stubs
 *(.trampolines*)
                0x000000e4                __trampolines_end = .
 *(.jumptables)
 *(.jumptables*)
 *(.lowtext)
 *(.lowtext*)
                0x000000e4                __ctors_start = .
 *(.ctors)
                0x000000e4                __ctors_end = .
                0x000000e4                __dtors_start = .
 *(.dtors)
                0x000000e4                __dtors_end = .
 SORT(*)(.ctors)
 SORT(*)(.dtors)
 *(.init0)
 .init0         0x000000e4        0x0 c:/winavr-20100110/bin/../lib/gcc/avr/4.3.3/../../../../avr/lib/avr6/crtm2560.o
                0x000000e4                __init
 *(.init0)
 *(.init1)
 *(.init1)
 *(.init2)
 .init2         0x000000e4       0x10 c:/winavr-20100110/bin/../lib/gcc/avr/4.3.3/../../../../avr/lib/avr6/crtm2560.o
 *(.init2)
 *(.init3)
 *(.init3)
 *(.init4)
 .init4         0x000000f4       0x1a c:/winavr-20100110/bin/../lib/gcc/avr/4.3.3/../../../../avr/lib/avr6/crtm2560.o
                0x000000f4                __do_copy_data
 .init4         0x0000010e       0x10 c:/winavr-20100110/bin/../lib/gcc/avr/4.3.3/avr6\libgcc.a(_clear_bss.o)
                0x0000010e                __do_clear_bss
 *(.init4)
 *(.init5)
 *(.init5)
 *(.init6)
 *(.init6)
 *(.init7)
 *(.init7)
 *(.init8)
 *(.init8)
 *(.init9)
 .init9         0x0000011e        0x8 c:/winavr-20100110/bin/../lib/gcc/avr/4.3.3/../../../../avr/lib/avr6/crtm2560.o
 *(.init9)
 *(.text)
 .text          0x00000126        0x4 c:/winavr-20100110/bin/../lib/gcc/avr/4.3.3/../../../../avr/lib/avr6/crtm2560.o
                0x00000126                __vector_38
                0x00000126                __vector_22
                0x00000126                __vector_28
                0x00000126                __vector_1
                0x00000126                __vector_32
                0x00000126                __vector_34
                0x00000126                __vector_24
                0x00000126                __vector_12
                0x00000126                __vector_55
                0x00000126                __vector_46
                0x00000126                __bad_interrupt
                0x00000126                __vector_6
                0x00000126                __vector_31
                0x00000126                __vector_35
                0x00000126                __vector_39
                0x00000126                __vector_3
                0x00000126                __vector_23
                0x00000126                __vector_30
                0x00000126                __vector_45
                0x00000126                __vector_11
                0x00000126                __vector_54
                0x00000126                __vector_17
                0x00000126                __vector_19
                0x00000126                __vector_56
                0x00000126                __vector_7
                0x00000126                __vector_49
                0x00000126                __vector_41
                0x00000126                __vector_43
                0x00000126                __vector_27
                0x00000126                __vector_5
                0x00000126                __vector_33
                0x00000126                __vector_47
                0x00000126                __vector_4
                0x00000126                __vector_44
                0x00000126                __vector_9
                0x00000126                __vector_2
                0x00000126                __vector_21
                0x00000126                __vector_15
                0x00000126                __vector_29
                0x00000126                __vector_40
                0x00000126                __vector_8
                0x00000126                __vector_48
                0x00000126                __vector_14
                0x00000126                __vector_53
                0x00000126                __vector_10
                0x00000126                __vector_50
                0x00000126                __vector_16
                0x00000126                __vector_18
                0x00000126                __vector_20
                0x00000126                __vector_42
 .text          0x0000012a        0x0 ./utils/CRC16.o
 .text          0x0000012a        0x0 ./utils/Millis.o
 .text          0x0000012a        0x0 ./MCAL/ADC.o
 .text          0x0000012a        0x0 ./MCAL/DIO.o
 .text          0x0000012a        0x0 ./MCAL/Interrupt.o
 .text          0x0000012a        0x0 ./MCAL/SPI.o
 .text          0x0000012a        0x0 ./MCAL/Timer.o
 .text          0x0000012a        0x0 ./MCAL/UART.o
 .text          0x0000012a        0x0 ./ECUAL/Modbus/Modbus_master.o
 .text          0x0000012a        0x0 ./ECUAL/Blancher_level.o
 .text          0x0000012a        0x0 ./ECUAL/Flow_rate.o
 .text          0x0000012a        0x0 ./ECUAL/Gas.o
 .text          0x0000012a        0x0 ./ECUAL/Inverter.o
 .text          0x0000012a        0x0 ./ECUAL/LCD.o
 .text          0x0000012a        0x0 ./ECUAL/PowderIF.o
 .text          0x0000012a        0x0 ./ECUAL/Pumb.o
 .text          0x0000012a        0x0 ./ECUAL/Tank_level.o
 .text          0x0000012a        0x0 ./ECUAL/Temperature.o
 .text          0x0000012a        0x0 ./GLOBAL.o
 .text          0x0000012a        0x0 ./Tasks.o
 .text          0x0000012a        0x0 ./main.o
 .text          0x0000012a        0x0 c:/winavr-20100110/bin/../lib/gcc/avr/4.3.3/avr6\libgcc.a(_udivmodsi4.o)
 .text          0x0000012a        0x0 c:/winavr-20100110/bin/../lib/gcc/avr/4.3.3/avr6\libgcc.a(_exit.o)
 .text          0x0000012a        0x0 c:/winavr-20100110/bin/../lib/gcc/avr/4.3.3/avr6\libgcc.a(_clear_bss.o)
 .text          0x0000012a       0x58 c:/winavr-20100110/bin/../lib/gcc/avr/4.3.3/avr6\libgcc.a(_fixunssfsi.o)
                0x0000012a                __fixunssfsi
 .text          0x00000182      0x354 c:/winavr-20100110/bin/../lib/gcc/avr/4.3.3/avr6\libgcc.a(_addsub_sf.o)
                0x0000041a                __subsf3
                0x0000047c                __addsf3
 .text          0x000004d6      0x1f4 c:/winavr-20100110/bin/../lib/gcc/avr/4.3.3/avr6\libgcc.a(_mul_sf.o)
                0x000004d6                __mulsf3
 .text          0x000006ca      0x158 c:/winavr-20100110/bin/../lib/gcc/avr/4.3.3/avr6\libgcc.a(_div_sf.o)
                0x000006ca                __divsf3
 .text          0x00000822       0x60 c:/winavr-20100110/bin/../lib/gcc/avr/4.3.3/avr6\libgcc.a(_gt_sf.o)
                0x00000822                __gtsf2
 .text          0x00000882       0x60 c:/winavr-20100110/bin/../lib/gcc/avr/4.3.3/avr6\libgcc.a(_ge_sf.o)
                0x00000882                __gesf2
 .text          0x000008e2       0x60 c:/winavr-20100110/bin/../lib/gcc/avr/4.3.3/avr6\libgcc.a(_lt_sf.o)
                0x000008e2                __ltsf2
 .text          0x00000942       0xa8 c:/winavr-20100110/bin/../lib/gcc/avr/4.3.3/avr6\libgcc.a(_sf_to_si.o)
                0x00000942                __fixsfsi
 .text          0x000009ea        0x0 c:/winavr-20100110/bin/../lib/gcc/avr/4.3.3/avr6\libgcc.a(_thenan_sf.o)
 .text          0x000009ea        0x0 c:/winavr-20100110/bin/../lib/gcc/avr/4.3.3/avr6\libgcc.a(_prologue.o)
 .text          0x000009ea        0x0 c:/winavr-20100110/bin/../lib/gcc/avr/4.3.3/avr6\libgcc.a(_epilogue.o)
 .text          0x000009ea      0x1aa c:/winavr-20100110/bin/../lib/gcc/avr/4.3.3/avr6\libgcc.a(_pack_sf.o)
                0x000009ea                __pack_f
 .text          0x00000b94       0xf0 c:/winavr-20100110/bin/../lib/gcc/avr/4.3.3/avr6\libgcc.a(_unpack_sf.o)
                0x00000b94                __unpack_f
 .text          0x00000c84       0xb2 c:/winavr-20100110/bin/../lib/gcc/avr/4.3.3/avr6\libgcc.a(_fpcmp_parts_sf.o)
                0x00000c84                __fpcmp_parts_f
                0x00000d36                . = ALIGN (0x2)
 *(.text.*)
 .text.crc16_update
                0x00000d36       0x84 ./utils/CRC16.o
                0x00000d36                crc16_update
 .text.millis_init
                0x00000dba       0x34 ./utils/Millis.o
                0x00000dba                millis_init
 .text.Get_millis
                0x00000dee       0x5c ./utils/Millis.o
                0x00000dee                Get_millis
 .text.__iCliRetVal
                0x00000e4a       0x12 ./utils/Millis.o
 .text.__iSeiParam
                0x00000e5c       0x1c ./utils/Millis.o
 .text.__vector_13
                0x00000e78       0x56 ./utils/Millis.o
                0x00000e78                __vector_13
 .text.UART_Init
                0x00000ece       0x8a ./MCAL/UART.o
                0x00000ece                UART_Init
 .text.__vector_25
                0x00000f58       0xae ./MCAL/UART.o
                0x00000f58                __vector_25
 .text.__vector_26
                0x00001006       0x9c ./MCAL/UART.o
                0x00001006                __vector_26
 .text.UART0_init
                0x000010a2      0x136 ./MCAL/UART.o
                0x000010a2                UART0_init
 .text.__iCliRetVal
                0x000011d8       0x12 ./MCAL/UART.o
 .text.__iSeiParam
                0x000011ea       0x1c ./MCAL/UART.o
 .text.UART0_OutUDec
                0x00001206       0x84 ./MCAL/UART.o
                0x00001206                UART0_OutUDec
 .text.UART0_getc
                0x0000128a       0xb0 ./MCAL/UART.o
                0x0000128a                UART0_getc
 .text.UART0_peek
                0x0000133a       0xaa ./MCAL/UART.o
                0x0000133a                UART0_peek
 .text.UART0_putc
                0x000013e4       0x5e ./MCAL/UART.o
                0x000013e4                UART0_putc
 .text.UART0_puts
                0x00001442       0x3c ./MCAL/UART.o
                0x00001442                UART0_puts
 .text.UART0_puts_p
                0x0000147e       0x4e ./MCAL/UART.o
                0x0000147e                UART0_puts_p
 .text.UART0_available
                0x000014cc       0x5e ./MCAL/UART.o
                0x000014cc                UART0_available
 .text.UART0_flush
                0x0000152a       0x16 ./MCAL/UART.o
                0x0000152a                UART0_flush
 .text.__vector_36
                0x00001540       0xae ./MCAL/UART.o
                0x00001540                __vector_36
 .text.__vector_37
                0x000015ee       0x9c ./MCAL/UART.o
                0x000015ee                __vector_37
 .text.UART1_init
                0x0000168a      0x136 ./MCAL/UART.o
                0x0000168a                UART1_init
 .text.UART1_OutUDec
                0x000017c0       0x84 ./MCAL/UART.o
                0x000017c0                UART1_OutUDec
 .text.UART1_getc
                0x00001844       0xb0 ./MCAL/UART.o
                0x00001844                UART1_getc
 .text.UART1_peek
                0x000018f4       0xaa ./MCAL/UART.o
                0x000018f4                UART1_peek
 .text.UART1_putc
                0x0000199e       0x5e ./MCAL/UART.o
                0x0000199e                UART1_putc
 .text.UART1_puts
                0x000019fc       0x3c ./MCAL/UART.o
                0x000019fc                UART1_puts
 .text.UART1_puts_p
                0x00001a38       0x4e ./MCAL/UART.o
                0x00001a38                UART1_puts_p
 .text.UART1_available
                0x00001a86       0x5e ./MCAL/UART.o
                0x00001a86                UART1_available
 .text.UART1_flush
                0x00001ae4       0x16 ./MCAL/UART.o
                0x00001ae4                UART1_flush
 .text.__vector_51
                0x00001afa       0xca ./MCAL/UART.o
                0x00001afa                __vector_51
 .text.__vector_52
                0x00001bc4       0x9c ./MCAL/UART.o
                0x00001bc4                __vector_52
 .text.UART2_init
                0x00001c60      0x136 ./MCAL/UART.o
                0x00001c60                UART2_init
 .text.UART2_OutUDec
                0x00001d96       0x84 ./MCAL/UART.o
                0x00001d96                UART2_OutUDec
 .text.UART2_getc
                0x00001e1a       0x78 ./MCAL/UART.o
                0x00001e1a                UART2_getc
 .text.UART2_peek
                0x00001e92       0xaa ./MCAL/UART.o
                0x00001e92                UART2_peek
 .text.UART2_putc
                0x00001f3c       0x5e ./MCAL/UART.o
                0x00001f3c                UART2_putc
 .text.UART2_puts
                0x00001f9a       0x3c ./MCAL/UART.o
                0x00001f9a                UART2_puts
 .text.UART2_puts_p
                0x00001fd6       0x4e ./MCAL/UART.o
                0x00001fd6                UART2_puts_p
 .text.UART2_available
                0x00002024       0x5e ./MCAL/UART.o
                0x00002024                UART2_available
 .text.UART2_flush
                0x00002082       0x16 ./MCAL/UART.o
                0x00002082                UART2_flush
 .text.Modbus_init
                0x00002098      0x306 ./ECUAL/Modbus/Modbus_master.o
                0x00002098                Modbus_init
 .text.Modbus_Begin_transmission
                0x0000239e       0x5a ./ECUAL/Modbus/Modbus_master.o
                0x0000239e                Modbus_Begin_transmission
 .text.Modbus_Send_16
                0x000023f8       0xb8 ./ECUAL/Modbus/Modbus_master.o
                0x000023f8                Modbus_Send_16
 .text.Modbus_Send_8
                0x000024b0       0x34 ./ECUAL/Modbus/Modbus_master.o
                0x000024b0                Modbus_Send_8
 .text.Modbus_Send_32
                0x000024e4       0x4c ./ECUAL/Modbus/Modbus_master.o
                0x000024e4                Modbus_Send_32
 .text.Modbus_Available
                0x00002530       0x48 ./ECUAL/Modbus/Modbus_master.o
                0x00002530                Modbus_Available
 .text.Modbus_Receive
                0x00002578       0xa4 ./ECUAL/Modbus/Modbus_master.o
                0x00002578                Modbus_Receive
 .text.Modbus_Idle
                0x0000261c       0x42 ./ECUAL/Modbus/Modbus_master.o
                0x0000261c                Modbus_Idle
 .text.Modbus_Get_response_buffer
                0x0000265e       0x8a ./ECUAL/Modbus/Modbus_master.o
                0x0000265e                Modbus_Get_response_buffer
 .text.Modbus_Clear_response_buffer
                0x000026e8       0x6e ./ECUAL/Modbus/Modbus_master.o
                0x000026e8                Modbus_Clear_response_buffer
 .text.Modbus_Set_transmit_buffer
                0x00002756       0x88 ./ECUAL/Modbus/Modbus_master.o
                0x00002756                Modbus_Set_transmit_buffer
 .text.Modbus_Clear_transmit_buffer
                0x000027de       0x6e ./ECUAL/Modbus/Modbus_master.o
                0x000027de                Modbus_Clear_transmit_buffer
 .text.Modbus_Read_coils
                0x0000284c       0x82 ./ECUAL/Modbus/Modbus_master.o
                0x0000284c                Modbus_Read_coils
 .text.Modbus_Read_discrete_inputs
                0x000028ce       0x82 ./ECUAL/Modbus/Modbus_master.o
                0x000028ce                Modbus_Read_discrete_inputs
 .text.Modbus_Read_holding_registers
                0x00002950       0x82 ./ECUAL/Modbus/Modbus_master.o
                0x00002950                Modbus_Read_holding_registers
 .text.Modbus_Read_input_registers
                0x000029d2       0x84 ./ECUAL/Modbus/Modbus_master.o
                0x000029d2                Modbus_Read_input_registers
 .text.Modbus_Write_single_coil
                0x00002a56       0xb0 ./ECUAL/Modbus/Modbus_master.o
                0x00002a56                Modbus_Write_single_coil
 .text.Modbus_Write_single_register
                0x00002b06       0x92 ./ECUAL/Modbus/Modbus_master.o
                0x00002b06                Modbus_Write_single_register
 .text.Modbus_Write_multiple_coils
                0x00002b98       0x82 ./ECUAL/Modbus/Modbus_master.o
                0x00002b98                Modbus_Write_multiple_coils
 .text.Modbus_Our_write_multiple_Coils
                0x00002c1a       0x82 ./ECUAL/Modbus/Modbus_master.o
                0x00002c1a                Modbus_Our_write_multiple_Coils
 .text.Modbus_Write_multiple_registers
                0x00002c9c       0x82 ./ECUAL/Modbus/Modbus_master.o
                0x00002c9c                Modbus_Write_multiple_registers
 .text.Modbus_Mask_write_register
                0x00002d1e       0xa6 ./ECUAL/Modbus/Modbus_master.o
                0x00002d1e                Modbus_Mask_write_register
 .text.Modbus_Read_write_multiple_registers
                0x00002dc4       0xca ./ECUAL/Modbus/Modbus_master.o
                0x00002dc4                Modbus_Read_write_multiple_registers
 .text.Modbus_mster_transaction
                0x00002e8e     0x1b6c ./ECUAL/Modbus/Modbus_master.o
 .text.main     0x000049fa      0x56c ./main.o
                0x000049fa                main
 .text.LCD_pre_transmition
                0x00004f66       0x1c ./main.o
                0x00004f66                LCD_pre_transmition
 .text.LCD_post_transmition
                0x00004f82       0x1c ./main.o
                0x00004f82                LCD_post_transmition
 .text.libgcc   0x00004f9e       0x44 c:/winavr-20100110/bin/../lib/gcc/avr/4.3.3/avr6\libgcc.a(_udivmodsi4.o)
                0x00004f9e                __udivmodsi4
 .text.libgcc   0x00004fe2        0x0 c:/winavr-20100110/bin/../lib/gcc/avr/4.3.3/avr6\libgcc.a(_exit.o)
 .text.libgcc   0x00004fe2        0x0 c:/winavr-20100110/bin/../lib/gcc/avr/4.3.3/avr6\libgcc.a(_clear_bss.o)
 .text.libgcc   0x00004fe2       0x38 c:/winavr-20100110/bin/../lib/gcc/avr/4.3.3/avr6\libgcc.a(_prologue.o)
                0x00004fe2                __prologue_saves__
 .text.libgcc   0x0000501a       0x36 c:/winavr-20100110/bin/../lib/gcc/avr/4.3.3/avr6\libgcc.a(_epilogue.o)
                0x0000501a                __epilogue_restores__
                0x00005050                . = ALIGN (0x2)
 *(.fini9)
 .fini9         0x00005050        0x0 c:/winavr-20100110/bin/../lib/gcc/avr/4.3.3/avr6\libgcc.a(_exit.o)
                0x00005050                exit
                0x00005050                _exit
 *(.fini9)
 *(.fini8)
 *(.fini8)
 *(.fini7)
 *(.fini7)
 *(.fini6)
 *(.fini6)
 *(.fini5)
 *(.fini5)
 *(.fini4)
 *(.fini4)
 *(.fini3)
 *(.fini3)
 *(.fini2)
 *(.fini2)
 *(.fini1)
 *(.fini1)
 *(.fini0)
 .fini0         0x00005050        0x4 c:/winavr-20100110/bin/../lib/gcc/avr/4.3.3/avr6\libgcc.a(_exit.o)
 *(.fini0)
                0x00005054                _etext = .

.data           0x00800200       0x7a load address 0x00005054
                0x00800200                PROVIDE (__data_start, .)
 *(.data)
 .data          0x00800200        0x0 c:/winavr-20100110/bin/../lib/gcc/avr/4.3.3/../../../../avr/lib/avr6/crtm2560.o
 .data          0x00800200        0x0 ./utils/CRC16.o
 .data          0x00800200        0x0 ./utils/Millis.o
 .data          0x00800200        0x0 ./MCAL/ADC.o
 .data          0x00800200        0x0 ./MCAL/DIO.o
 .data          0x00800200        0x0 ./MCAL/Interrupt.o
 .data          0x00800200        0x0 ./MCAL/SPI.o
 .data          0x00800200        0x0 ./MCAL/Timer.o
 .data          0x00800200        0x0 ./MCAL/UART.o
 .data          0x00800200       0x6a ./ECUAL/Modbus/Modbus_master.o
 .data          0x0080026a        0x0 ./ECUAL/Blancher_level.o
 .data          0x0080026a        0x0 ./ECUAL/Flow_rate.o
 .data          0x0080026a        0x0 ./ECUAL/Gas.o
 .data          0x0080026a        0x0 ./ECUAL/Inverter.o
 .data          0x0080026a        0x0 ./ECUAL/LCD.o
 .data          0x0080026a        0x0 ./ECUAL/PowderIF.o
 .data          0x0080026a        0x0 ./ECUAL/Pumb.o
 .data          0x0080026a        0x0 ./ECUAL/Tank_level.o
 .data          0x0080026a        0x0 ./ECUAL/Temperature.o
 .data          0x0080026a        0x0 ./GLOBAL.o
 .data          0x0080026a        0x0 ./Tasks.o
 .data          0x0080026a        0x7 ./main.o
 .data          0x00800271        0x0 c:/winavr-20100110/bin/../lib/gcc/avr/4.3.3/avr6\libgcc.a(_udivmodsi4.o)
 .data          0x00800271        0x0 c:/winavr-20100110/bin/../lib/gcc/avr/4.3.3/avr6\libgcc.a(_exit.o)
 .data          0x00800271        0x0 c:/winavr-20100110/bin/../lib/gcc/avr/4.3.3/avr6\libgcc.a(_clear_bss.o)
 .data          0x00800271        0x0 c:/winavr-20100110/bin/../lib/gcc/avr/4.3.3/avr6\libgcc.a(_fixunssfsi.o)
 .data          0x00800271        0x0 c:/winavr-20100110/bin/../lib/gcc/avr/4.3.3/avr6\libgcc.a(_addsub_sf.o)
 .data          0x00800271        0x0 c:/winavr-20100110/bin/../lib/gcc/avr/4.3.3/avr6\libgcc.a(_mul_sf.o)
 .data          0x00800271        0x0 c:/winavr-20100110/bin/../lib/gcc/avr/4.3.3/avr6\libgcc.a(_div_sf.o)
 .data          0x00800271        0x0 c:/winavr-20100110/bin/../lib/gcc/avr/4.3.3/avr6\libgcc.a(_gt_sf.o)
 .data          0x00800271        0x0 c:/winavr-20100110/bin/../lib/gcc/avr/4.3.3/avr6\libgcc.a(_ge_sf.o)
 .data          0x00800271        0x0 c:/winavr-20100110/bin/../lib/gcc/avr/4.3.3/avr6\libgcc.a(_lt_sf.o)
 .data          0x00800271        0x0 c:/winavr-20100110/bin/../lib/gcc/avr/4.3.3/avr6\libgcc.a(_sf_to_si.o)
 .data          0x00800271        0x8 c:/winavr-20100110/bin/../lib/gcc/avr/4.3.3/avr6\libgcc.a(_thenan_sf.o)
                0x00800271                __thenan_sf
 .data          0x00800279        0x0 c:/winavr-20100110/bin/../lib/gcc/avr/4.3.3/avr6\libgcc.a(_prologue.o)
 .data          0x00800279        0x0 c:/winavr-20100110/bin/../lib/gcc/avr/4.3.3/avr6\libgcc.a(_epilogue.o)
 .data          0x00800279        0x0 c:/winavr-20100110/bin/../lib/gcc/avr/4.3.3/avr6\libgcc.a(_pack_sf.o)
 .data          0x00800279        0x0 c:/winavr-20100110/bin/../lib/gcc/avr/4.3.3/avr6\libgcc.a(_unpack_sf.o)
 .data          0x00800279        0x0 c:/winavr-20100110/bin/../lib/gcc/avr/4.3.3/avr6\libgcc.a(_fpcmp_parts_sf.o)
 *(.data*)
 *(.rodata)
 *(.rodata*)
 *(.gnu.linkonce.d*)
                0x0080027a                . = ALIGN (0x2)
 *fill*         0x00800279        0x1 00
                0x0080027a                _edata = .
                0x0080027a                PROVIDE (__data_end, .)

.bss            0x0080027a      0x579
                0x0080027a                PROVIDE (__bss_start, .)
 *(.bss)
 .bss           0x0080027a        0x0 c:/winavr-20100110/bin/../lib/gcc/avr/4.3.3/../../../../avr/lib/avr6/crtm2560.o
 .bss           0x0080027a        0x0 ./utils/CRC16.o
 .bss           0x0080027a        0x0 ./utils/Millis.o
 .bss           0x0080027a        0x0 ./MCAL/ADC.o
 .bss           0x0080027a        0x0 ./MCAL/DIO.o
 .bss           0x0080027a        0x0 ./MCAL/Interrupt.o
 .bss           0x0080027a        0x0 ./MCAL/SPI.o
 .bss           0x0080027a        0x0 ./MCAL/Timer.o
 .bss           0x0080027a        0x0 ./MCAL/UART.o
 .bss           0x0080027a        0x0 ./ECUAL/Modbus/Modbus_master.o
 .bss           0x0080027a        0x0 ./ECUAL/Blancher_level.o
 .bss           0x0080027a        0x0 ./ECUAL/Flow_rate.o
 .bss           0x0080027a        0x0 ./ECUAL/Gas.o
 .bss           0x0080027a        0x0 ./ECUAL/Inverter.o
 .bss           0x0080027a        0x0 ./ECUAL/LCD.o
 .bss           0x0080027a        0x0 ./ECUAL/PowderIF.o
 .bss           0x0080027a        0x0 ./ECUAL/Pumb.o
 .bss           0x0080027a        0x0 ./ECUAL/Tank_level.o
 .bss           0x0080027a        0x0 ./ECUAL/Temperature.o
 .bss           0x0080027a        0x0 ./GLOBAL.o
 .bss           0x0080027a        0x0 ./Tasks.o
 .bss           0x0080027a        0x0 ./main.o
 .bss           0x0080027a        0x0 c:/winavr-20100110/bin/../lib/gcc/avr/4.3.3/avr6\libgcc.a(_udivmodsi4.o)
 .bss           0x0080027a        0x0 c:/winavr-20100110/bin/../lib/gcc/avr/4.3.3/avr6\libgcc.a(_exit.o)
 .bss           0x0080027a        0x0 c:/winavr-20100110/bin/../lib/gcc/avr/4.3.3/avr6\libgcc.a(_clear_bss.o)
 .bss           0x0080027a        0x0 c:/winavr-20100110/bin/../lib/gcc/avr/4.3.3/avr6\libgcc.a(_fixunssfsi.o)
 .bss           0x0080027a        0x0 c:/winavr-20100110/bin/../lib/gcc/avr/4.3.3/avr6\libgcc.a(_addsub_sf.o)
 .bss           0x0080027a        0x0 c:/winavr-20100110/bin/../lib/gcc/avr/4.3.3/avr6\libgcc.a(_mul_sf.o)
 .bss           0x0080027a        0x0 c:/winavr-20100110/bin/../lib/gcc/avr/4.3.3/avr6\libgcc.a(_div_sf.o)
 .bss           0x0080027a        0x0 c:/winavr-20100110/bin/../lib/gcc/avr/4.3.3/avr6\libgcc.a(_gt_sf.o)
 .bss           0x0080027a        0x0 c:/winavr-20100110/bin/../lib/gcc/avr/4.3.3/avr6\libgcc.a(_ge_sf.o)
 .bss           0x0080027a        0x0 c:/winavr-20100110/bin/../lib/gcc/avr/4.3.3/avr6\libgcc.a(_lt_sf.o)
 .bss           0x0080027a        0x0 c:/winavr-20100110/bin/../lib/gcc/avr/4.3.3/avr6\libgcc.a(_sf_to_si.o)
 .bss           0x0080027a        0x0 c:/winavr-20100110/bin/../lib/gcc/avr/4.3.3/avr6\libgcc.a(_thenan_sf.o)
 .bss           0x0080027a        0x0 c:/winavr-20100110/bin/../lib/gcc/avr/4.3.3/avr6\libgcc.a(_prologue.o)
 .bss           0x0080027a        0x0 c:/winavr-20100110/bin/../lib/gcc/avr/4.3.3/avr6\libgcc.a(_epilogue.o)
 .bss           0x0080027a        0x0 c:/winavr-20100110/bin/../lib/gcc/avr/4.3.3/avr6\libgcc.a(_pack_sf.o)
 .bss           0x0080027a        0x0 c:/winavr-20100110/bin/../lib/gcc/avr/4.3.3/avr6\libgcc.a(_unpack_sf.o)
 .bss           0x0080027a        0x0 c:/winavr-20100110/bin/../lib/gcc/avr/4.3.3/avr6\libgcc.a(_fpcmp_parts_sf.o)
 *(.bss*)
 .bss.UART0_Transmission_end
                0x0080027a        0x1 ./MCAL/UART.o
 .bss.UART1_Transmission_end
                0x0080027b        0x1 ./MCAL/UART.o
 .bss.count.1880
                0x0080027c        0x1 ./MCAL/UART.o
 .bss.UART2_Transmission_end
                0x0080027d        0x1 ./MCAL/UART.o
 .bss.UART_TxBuf
                0x0080027e       0x80 ./MCAL/UART.o
 .bss.UART_RxBuf
                0x008002fe       0x80 ./MCAL/UART.o
 .bss.UART_TxHead
                0x0080037e        0x1 ./MCAL/UART.o
 .bss.UART_TxTail
                0x0080037f        0x1 ./MCAL/UART.o
 .bss.UART_RxHead
                0x00800380        0x1 ./MCAL/UART.o
 .bss.UART_RxTail
                0x00800381        0x1 ./MCAL/UART.o
 .bss.UART_LastRxError
                0x00800382        0x1 ./MCAL/UART.o
 .bss.UART1_TxBuf
                0x00800383       0x80 ./MCAL/UART.o
 .bss.UART1_RxBuf
                0x00800403       0x80 ./MCAL/UART.o
 .bss.UART1_TxHead
                0x00800483        0x1 ./MCAL/UART.o
 .bss.UART1_TxTail
                0x00800484        0x1 ./MCAL/UART.o
 .bss.UART1_RxHead
                0x00800485        0x1 ./MCAL/UART.o
 .bss.UART1_RxTail
                0x00800486        0x1 ./MCAL/UART.o
 .bss.UART1_LastRxError
                0x00800487        0x1 ./MCAL/UART.o
 .bss.UART2_TxBuf
                0x00800488       0x80 ./MCAL/UART.o
 .bss.UART2_RxBuf
                0x00800508       0x80 ./MCAL/UART.o
 .bss.UART2_TxHead
                0x00800588        0x1 ./MCAL/UART.o
 .bss.UART2_TxTail
                0x00800589        0x1 ./MCAL/UART.o
 .bss.UART2_RxHead
                0x0080058a        0x1 ./MCAL/UART.o
 .bss.UART2_RxTail
                0x0080058b        0x1 ./MCAL/UART.o
 .bss.UART2_LastRxError
                0x0080058c        0x1 ./MCAL/UART.o
 .bss.UART2_used.1511
                0x0080058d        0x1 ./ECUAL/Modbus/Modbus_master.o
 .bss.UART1_used.1510
                0x0080058e        0x1 ./ECUAL/Modbus/Modbus_master.o
 .bss.g_mod0_slave
                0x0080058f        0x1 ./ECUAL/Modbus/Modbus_master.o
 .bss.g_mod0_uart_no
                0x00800590        0x1 ./ECUAL/Modbus/Modbus_master.o
 .bss.g_mod0_baud_rate
                0x00800591        0x4 ./ECUAL/Modbus/Modbus_master.o
 .bss.g_mod0_read_address
                0x00800595        0x2 ./ECUAL/Modbus/Modbus_master.o
 .bss.g_mod0_read_qty
                0x00800597        0x2 ./ECUAL/Modbus/Modbus_master.o
 .bss.g_mod0_response_buffer
                0x00800599       0x80 ./ECUAL/Modbus/Modbus_master.o
 .bss.g_mod0_write_address
                0x00800619        0x2 ./ECUAL/Modbus/Modbus_master.o
 .bss.g_mod0_write_qty
                0x0080061b        0x2 ./ECUAL/Modbus/Modbus_master.o
 .bss.g_mod0_transmit_buffer
                0x0080061d       0x80 ./ECUAL/Modbus/Modbus_master.o
 .bss.g_mod0_transmit_buffer_index
                0x0080069d        0x1 ./ECUAL/Modbus/Modbus_master.o
 .bss.g_mod0_transmit_buffer_length
                0x0080069e        0x2 ./ECUAL/Modbus/Modbus_master.o
 .bss.g_mod0_response_buffer_index
                0x008006a0        0x1 ./ECUAL/Modbus/Modbus_master.o
 .bss.g_mod0_response_buffer_length
                0x008006a1        0x1 ./ECUAL/Modbus/Modbus_master.o
 .bss.g_mod0_idle
                0x008006a2        0x2 ./ECUAL/Modbus/Modbus_master.o
 .bss.g_mod0_pre_transmission
                0x008006a4        0x2 ./ECUAL/Modbus/Modbus_master.o
 .bss.g_mod0_post_transmission
                0x008006a6        0x2 ./ECUAL/Modbus/Modbus_master.o
 .bss.g_mod0_Serial_putc
                0x008006a8        0x2 ./ECUAL/Modbus/Modbus_master.o
 .bss.g_mod0_Serial_getc
                0x008006aa        0x2 ./ECUAL/Modbus/Modbus_master.o
 .bss.g_mod0_Serial_flush
                0x008006ac        0x2 ./ECUAL/Modbus/Modbus_master.o
 .bss.g_mod0_Serial_peek
                0x008006ae        0x2 ./ECUAL/Modbus/Modbus_master.o
 .bss.g_mod0_Serial_available
                0x008006b0        0x2 ./ECUAL/Modbus/Modbus_master.o
 .bss.g_mod0_Serial_puts
                0x008006b2        0x2 ./ECUAL/Modbus/Modbus_master.o
 .bss.g_mod0_Serial_puts_p
                0x008006b4        0x2 ./ECUAL/Modbus/Modbus_master.o
 .bss.g_mod1_slave
                0x008006b6        0x1 ./ECUAL/Modbus/Modbus_master.o
 .bss.g_mod1_uart_no
                0x008006b7        0x1 ./ECUAL/Modbus/Modbus_master.o
 .bss.g_mod1_baud_rate
                0x008006b8        0x4 ./ECUAL/Modbus/Modbus_master.o
 .bss.g_mod1_read_address
                0x008006bc        0x2 ./ECUAL/Modbus/Modbus_master.o
 .bss.g_mod1_read_qty
                0x008006be        0x2 ./ECUAL/Modbus/Modbus_master.o
 .bss.g_mod1_response_buffer
                0x008006c0       0x80 ./ECUAL/Modbus/Modbus_master.o
 .bss.g_mod1_write_address
                0x00800740        0x2 ./ECUAL/Modbus/Modbus_master.o
 .bss.g_mod1_write_qty
                0x00800742        0x2 ./ECUAL/Modbus/Modbus_master.o
 .bss.g_mod1_transmit_buffer
                0x00800744       0x80 ./ECUAL/Modbus/Modbus_master.o
 .bss.g_mod1_transmit_buffer_index
                0x008007c4        0x1 ./ECUAL/Modbus/Modbus_master.o
 .bss.g_mod1_transmit_buffer_length
                0x008007c5        0x2 ./ECUAL/Modbus/Modbus_master.o
 .bss.g_mod1_response_buffer_index
                0x008007c7        0x1 ./ECUAL/Modbus/Modbus_master.o
 .bss.g_mod1_response_buffer_length
                0x008007c8        0x1 ./ECUAL/Modbus/Modbus_master.o
 .bss.g_mod1_idle
                0x008007c9        0x2 ./ECUAL/Modbus/Modbus_master.o
 .bss.g_mod1_pre_transmission
                0x008007cb        0x2 ./ECUAL/Modbus/Modbus_master.o
 .bss.g_mod1_post_transmission
                0x008007cd        0x2 ./ECUAL/Modbus/Modbus_master.o
 .bss.g_mod1_Serial_putc
                0x008007cf        0x2 ./ECUAL/Modbus/Modbus_master.o
 .bss.g_mod1_Serial_getc
                0x008007d1        0x2 ./ECUAL/Modbus/Modbus_master.o
 .bss.g_mod1_Serial_peek
                0x008007d3        0x2 ./ECUAL/Modbus/Modbus_master.o
 .bss.g_mod1_Serial_puts
                0x008007d5        0x2 ./ECUAL/Modbus/Modbus_master.o
 .bss.g_mod1_Serial_puts_p
                0x008007d7        0x2 ./ECUAL/Modbus/Modbus_master.o
 .bss.g_mod1_Serial_available
                0x008007d9        0x2 ./ECUAL/Modbus/Modbus_master.o
 .bss.g_mod1_Serial_flush
                0x008007db        0x2 ./ECUAL/Modbus/Modbus_master.o
 *(COMMON)
 COMMON         0x008007dd        0x4 ./utils/Millis.o
                0x008007dd                timer1_millis
 COMMON         0x008007e1       0x12 ./main.o
                0x008007e1                debug_send_lcd
                0x008007ec                debug_rece_lcd
                0x008007f3                PROVIDE (__bss_end, .)
                0x00005054                __data_load_start = LOADADDR (.data)
                0x000050ce                __data_load_end = (__data_load_start + SIZEOF (.data))

.noinit         0x008007f3        0x0
                0x008007f3                PROVIDE (__noinit_start, .)
 *(.noinit*)
                0x008007f3                PROVIDE (__noinit_end, .)
                0x008007f3                _end = .
                0x008007f3                PROVIDE (__heap_start, .)

.eeprom         0x00810000        0x0
 *(.eeprom*)
                0x00810000                __eeprom_end = .

.fuse
 *(.fuse)
 *(.lfuse)
 *(.hfuse)
 *(.efuse)

.lock
 *(.lock*)

.signature
 *(.signature*)

.stab           0x00000000     0x5754
 *(.stab)
 .stab          0x00000000      0x348 ./utils/CRC16.o
 .stab          0x00000348      0x318 ./utils/Millis.o
                                0x4a4 (size before relaxing)
 .stab          0x00000660       0xd8 ./MCAL/ADC.o
                                 0xe4 (size before relaxing)
 .stab          0x00000738       0xd8 ./MCAL/DIO.o
                                 0xe4 (size before relaxing)
 .stab          0x00000810       0xd8 ./MCAL/Interrupt.o
                                 0xe4 (size before relaxing)
 .stab          0x000008e8       0xd8 ./MCAL/SPI.o
                                 0xe4 (size before relaxing)
 .stab          0x000009c0       0xd8 ./MCAL/Timer.o
                                 0xe4 (size before relaxing)
 .stab          0x00000a98     0x18c0 ./MCAL/UART.o
                               0x1a7c (size before relaxing)
 .stab          0x00002358     0x2418 ./ECUAL/Modbus/Modbus_master.o
                               0x25c8 (size before relaxing)
 .stab          0x00004770       0xd8 ./ECUAL/Blancher_level.o
                                 0xe4 (size before relaxing)
 .stab          0x00004848       0xd8 ./ECUAL/Flow_rate.o
                                 0xe4 (size before relaxing)
 .stab          0x00004920       0xd8 ./ECUAL/Gas.o
                                 0xe4 (size before relaxing)
 .stab          0x000049f8       0xd8 ./ECUAL/Inverter.o
                                 0xe4 (size before relaxing)
 .stab          0x00004ad0       0xd8 ./ECUAL/LCD.o
                                 0xe4 (size before relaxing)
 .stab          0x00004ba8       0xd8 ./ECUAL/PowderIF.o
                                 0xe4 (size before relaxing)
 .stab          0x00004c80       0xd8 ./ECUAL/Pumb.o
                                 0xe4 (size before relaxing)
 .stab          0x00004d58       0xd8 ./ECUAL/Tank_level.o
                                 0xe4 (size before relaxing)
 .stab          0x00004e30       0xd8 ./ECUAL/Temperature.o
                                 0xe4 (size before relaxing)
 .stab          0x00004f08       0xd8 ./GLOBAL.o
                                 0xe4 (size before relaxing)
 .stab          0x00004fe0       0xd8 ./Tasks.o
                                 0xe4 (size before relaxing)
 .stab          0x000050b8      0x69c ./main.o
                                0x8ac (size before relaxing)

.stabstr        0x00000000     0x1efd
 *(.stabstr)
 .stabstr       0x00000000     0x1efd ./utils/CRC16.o

.stab.excl
 *(.stab.excl)

.stab.exclstr
 *(.stab.exclstr)

.stab.index
 *(.stab.index)

.stab.indexstr
 *(.stab.indexstr)

.comment
 *(.comment)

.debug
 *(.debug)

.line
 *(.line)

.debug_srcinfo
 *(.debug_srcinfo)

.debug_sfnames
 *(.debug_sfnames)

.debug_aranges  0x00000000      0x160
 *(.debug_aranges)
 .debug_aranges
                0x00000000       0x20 c:/winavr-20100110/bin/../lib/gcc/avr/4.3.3/avr6\libgcc.a(_fixunssfsi.o)
 .debug_aranges
                0x00000020       0x20 c:/winavr-20100110/bin/../lib/gcc/avr/4.3.3/avr6\libgcc.a(_addsub_sf.o)
 .debug_aranges
                0x00000040       0x20 c:/winavr-20100110/bin/../lib/gcc/avr/4.3.3/avr6\libgcc.a(_mul_sf.o)
 .debug_aranges
                0x00000060       0x20 c:/winavr-20100110/bin/../lib/gcc/avr/4.3.3/avr6\libgcc.a(_div_sf.o)
 .debug_aranges
                0x00000080       0x20 c:/winavr-20100110/bin/../lib/gcc/avr/4.3.3/avr6\libgcc.a(_gt_sf.o)
 .debug_aranges
                0x000000a0       0x20 c:/winavr-20100110/bin/../lib/gcc/avr/4.3.3/avr6\libgcc.a(_ge_sf.o)
 .debug_aranges
                0x000000c0       0x20 c:/winavr-20100110/bin/../lib/gcc/avr/4.3.3/avr6\libgcc.a(_lt_sf.o)
 .debug_aranges
                0x000000e0       0x20 c:/winavr-20100110/bin/../lib/gcc/avr/4.3.3/avr6\libgcc.a(_sf_to_si.o)
 .debug_aranges
                0x00000100       0x20 c:/winavr-20100110/bin/../lib/gcc/avr/4.3.3/avr6\libgcc.a(_pack_sf.o)
 .debug_aranges
                0x00000120       0x20 c:/winavr-20100110/bin/../lib/gcc/avr/4.3.3/avr6\libgcc.a(_unpack_sf.o)
 .debug_aranges
                0x00000140       0x20 c:/winavr-20100110/bin/../lib/gcc/avr/4.3.3/avr6\libgcc.a(_fpcmp_parts_sf.o)

.debug_pubnames
                0x00000000      0x18f
 *(.debug_pubnames)
 .debug_pubnames
                0x00000000       0x23 c:/winavr-20100110/bin/../lib/gcc/avr/4.3.3/avr6\libgcc.a(_fixunssfsi.o)
 .debug_pubnames
                0x00000023       0x2c c:/winavr-20100110/bin/../lib/gcc/avr/4.3.3/avr6\libgcc.a(_addsub_sf.o)
 .debug_pubnames
                0x0000004f       0x1f c:/winavr-20100110/bin/../lib/gcc/avr/4.3.3/avr6\libgcc.a(_mul_sf.o)
 .debug_pubnames
                0x0000006e       0x1f c:/winavr-20100110/bin/../lib/gcc/avr/4.3.3/avr6\libgcc.a(_div_sf.o)
 .debug_pubnames
                0x0000008d       0x1e c:/winavr-20100110/bin/../lib/gcc/avr/4.3.3/avr6\libgcc.a(_gt_sf.o)
 .debug_pubnames
                0x000000ab       0x1e c:/winavr-20100110/bin/../lib/gcc/avr/4.3.3/avr6\libgcc.a(_ge_sf.o)
 .debug_pubnames
                0x000000c9       0x1e c:/winavr-20100110/bin/../lib/gcc/avr/4.3.3/avr6\libgcc.a(_lt_sf.o)
 .debug_pubnames
                0x000000e7       0x20 c:/winavr-20100110/bin/../lib/gcc/avr/4.3.3/avr6\libgcc.a(_sf_to_si.o)
 .debug_pubnames
                0x00000107       0x22 c:/winavr-20100110/bin/../lib/gcc/avr/4.3.3/avr6\libgcc.a(_thenan_sf.o)
 .debug_pubnames
                0x00000129       0x1f c:/winavr-20100110/bin/../lib/gcc/avr/4.3.3/avr6\libgcc.a(_pack_sf.o)
 .debug_pubnames
                0x00000148       0x21 c:/winavr-20100110/bin/../lib/gcc/avr/4.3.3/avr6\libgcc.a(_unpack_sf.o)
 .debug_pubnames
                0x00000169       0x26 c:/winavr-20100110/bin/../lib/gcc/avr/4.3.3/avr6\libgcc.a(_fpcmp_parts_sf.o)

.debug_info     0x00000000     0x2045
 *(.debug_info)
 .debug_info    0x00000000       0xb1 c:/winavr-20100110/bin/../lib/gcc/avr/4.3.3/avr6\libgcc.a(_fixunssfsi.o)
 .debug_info    0x000000b1      0x47a c:/winavr-20100110/bin/../lib/gcc/avr/4.3.3/avr6\libgcc.a(_addsub_sf.o)
 .debug_info    0x0000052b      0x485 c:/winavr-20100110/bin/../lib/gcc/avr/4.3.3/avr6\libgcc.a(_mul_sf.o)
 .debug_info    0x000009b0      0x3fc c:/winavr-20100110/bin/../lib/gcc/avr/4.3.3/avr6\libgcc.a(_div_sf.o)
 .debug_info    0x00000dac      0x27f c:/winavr-20100110/bin/../lib/gcc/avr/4.3.3/avr6\libgcc.a(_gt_sf.o)
 .debug_info    0x0000102b      0x27f c:/winavr-20100110/bin/../lib/gcc/avr/4.3.3/avr6\libgcc.a(_ge_sf.o)
 .debug_info    0x000012aa      0x27f c:/winavr-20100110/bin/../lib/gcc/avr/4.3.3/avr6\libgcc.a(_lt_sf.o)
 .debug_info    0x00001529      0x2b0 c:/winavr-20100110/bin/../lib/gcc/avr/4.3.3/avr6\libgcc.a(_sf_to_si.o)
 .debug_info    0x000017d9      0x12c c:/winavr-20100110/bin/../lib/gcc/avr/4.3.3/avr6\libgcc.a(_thenan_sf.o)
 .debug_info    0x00001905      0x2df c:/winavr-20100110/bin/../lib/gcc/avr/4.3.3/avr6\libgcc.a(_pack_sf.o)
 .debug_info    0x00001be4      0x251 c:/winavr-20100110/bin/../lib/gcc/avr/4.3.3/avr6\libgcc.a(_unpack_sf.o)
 .debug_info    0x00001e35      0x210 c:/winavr-20100110/bin/../lib/gcc/avr/4.3.3/avr6\libgcc.a(_fpcmp_parts_sf.o)
 *(.gnu.linkonce.wi.*)

.debug_abbrev   0x00000000     0x1101
 *(.debug_abbrev)
 .debug_abbrev  0x00000000       0x5d c:/winavr-20100110/bin/../lib/gcc/avr/4.3.3/avr6\libgcc.a(_fixunssfsi.o)
 .debug_abbrev  0x0000005d      0x1ea c:/winavr-20100110/bin/../lib/gcc/avr/4.3.3/avr6\libgcc.a(_addsub_sf.o)
 .debug_abbrev  0x00000247      0x21b c:/winavr-20100110/bin/../lib/gcc/avr/4.3.3/avr6\libgcc.a(_mul_sf.o)
 .debug_abbrev  0x00000462      0x216 c:/winavr-20100110/bin/../lib/gcc/avr/4.3.3/avr6\libgcc.a(_div_sf.o)
 .debug_abbrev  0x00000678      0x15a c:/winavr-20100110/bin/../lib/gcc/avr/4.3.3/avr6\libgcc.a(_gt_sf.o)
 .debug_abbrev  0x000007d2      0x15a c:/winavr-20100110/bin/../lib/gcc/avr/4.3.3/avr6\libgcc.a(_ge_sf.o)
 .debug_abbrev  0x0000092c      0x15a c:/winavr-20100110/bin/../lib/gcc/avr/4.3.3/avr6\libgcc.a(_lt_sf.o)
 .debug_abbrev  0x00000a86      0x17f c:/winavr-20100110/bin/../lib/gcc/avr/4.3.3/avr6\libgcc.a(_sf_to_si.o)
 .debug_abbrev  0x00000c05       0xad c:/winavr-20100110/bin/../lib/gcc/avr/4.3.3/avr6\libgcc.a(_thenan_sf.o)
 .debug_abbrev  0x00000cb2      0x1c0 c:/winavr-20100110/bin/../lib/gcc/avr/4.3.3/avr6\libgcc.a(_pack_sf.o)
 .debug_abbrev  0x00000e72      0x154 c:/winavr-20100110/bin/../lib/gcc/avr/4.3.3/avr6\libgcc.a(_unpack_sf.o)
 .debug_abbrev  0x00000fc6      0x13b c:/winavr-20100110/bin/../lib/gcc/avr/4.3.3/avr6\libgcc.a(_fpcmp_parts_sf.o)

.debug_line     0x00000000      0xf82
 *(.debug_line)
 .debug_line    0x00000000       0xa7 c:/winavr-20100110/bin/../lib/gcc/avr/4.3.3/avr6\libgcc.a(_fixunssfsi.o)
 .debug_line    0x000000a7      0x2af c:/winavr-20100110/bin/../lib/gcc/avr/4.3.3/avr6\libgcc.a(_addsub_sf.o)
 .debug_line    0x00000356      0x239 c:/winavr-20100110/bin/../lib/gcc/avr/4.3.3/avr6\libgcc.a(_mul_sf.o)
 .debug_line    0x0000058f      0x1d5 c:/winavr-20100110/bin/../lib/gcc/avr/4.3.3/avr6\libgcc.a(_div_sf.o)
 .debug_line    0x00000764       0xd3 c:/winavr-20100110/bin/../lib/gcc/avr/4.3.3/avr6\libgcc.a(_gt_sf.o)
 .debug_line    0x00000837       0xd3 c:/winavr-20100110/bin/../lib/gcc/avr/4.3.3/avr6\libgcc.a(_ge_sf.o)
 .debug_line    0x0000090a       0xd3 c:/winavr-20100110/bin/../lib/gcc/avr/4.3.3/avr6\libgcc.a(_lt_sf.o)
 .debug_line    0x000009dd      0x109 c:/winavr-20100110/bin/../lib/gcc/avr/4.3.3/avr6\libgcc.a(_sf_to_si.o)
 .debug_line    0x00000ae6       0x90 c:/winavr-20100110/bin/../lib/gcc/avr/4.3.3/avr6\libgcc.a(_thenan_sf.o)
 .debug_line    0x00000b76      0x18a c:/winavr-20100110/bin/../lib/gcc/avr/4.3.3/avr6\libgcc.a(_pack_sf.o)
 .debug_line    0x00000d00      0x14b c:/winavr-20100110/bin/../lib/gcc/avr/4.3.3/avr6\libgcc.a(_unpack_sf.o)
 .debug_line    0x00000e4b      0x137 c:/winavr-20100110/bin/../lib/gcc/avr/4.3.3/avr6\libgcc.a(_fpcmp_parts_sf.o)

.debug_frame    0x00000000      0x180
 *(.debug_frame)
 .debug_frame   0x00000000       0x20 c:/winavr-20100110/bin/../lib/gcc/avr/4.3.3/avr6\libgcc.a(_fixunssfsi.o)
 .debug_frame   0x00000020       0x40 c:/winavr-20100110/bin/../lib/gcc/avr/4.3.3/avr6\libgcc.a(_addsub_sf.o)
 .debug_frame   0x00000060       0x20 c:/winavr-20100110/bin/../lib/gcc/avr/4.3.3/avr6\libgcc.a(_mul_sf.o)
 .debug_frame   0x00000080       0x20 c:/winavr-20100110/bin/../lib/gcc/avr/4.3.3/avr6\libgcc.a(_div_sf.o)
 .debug_frame   0x000000a0       0x20 c:/winavr-20100110/bin/../lib/gcc/avr/4.3.3/avr6\libgcc.a(_gt_sf.o)
 .debug_frame   0x000000c0       0x20 c:/winavr-20100110/bin/../lib/gcc/avr/4.3.3/avr6\libgcc.a(_ge_sf.o)
 .debug_frame   0x000000e0       0x20 c:/winavr-20100110/bin/../lib/gcc/avr/4.3.3/avr6\libgcc.a(_lt_sf.o)
 .debug_frame   0x00000100       0x20 c:/winavr-20100110/bin/../lib/gcc/avr/4.3.3/avr6\libgcc.a(_sf_to_si.o)
 .debug_frame   0x00000120       0x20 c:/winavr-20100110/bin/../lib/gcc/avr/4.3.3/avr6\libgcc.a(_pack_sf.o)
 .debug_frame   0x00000140       0x20 c:/winavr-20100110/bin/../lib/gcc/avr/4.3.3/avr6\libgcc.a(_unpack_sf.o)
 .debug_frame   0x00000160       0x20 c:/winavr-20100110/bin/../lib/gcc/avr/4.3.3/avr6\libgcc.a(_fpcmp_parts_sf.o)

.debug_str      0x00000000      0x2c2
 *(.debug_str)
 .debug_str     0x00000000       0xbf c:/winavr-20100110/bin/../lib/gcc/avr/4.3.3/avr6\libgcc.a(_fixunssfsi.o)
                                 0xfe (size before relaxing)
 .debug_str     0x000000bf      0x14d c:/winavr-20100110/bin/../lib/gcc/avr/4.3.3/avr6\libgcc.a(_addsub_sf.o)
                                0x206 (size before relaxing)
 .debug_str     0x0000020c       0x27 c:/winavr-20100110/bin/../lib/gcc/avr/4.3.3/avr6\libgcc.a(_mul_sf.o)
                                0x1bf (size before relaxing)
 .debug_str     0x00000233       0x35 c:/winavr-20100110/bin/../lib/gcc/avr/4.3.3/avr6\libgcc.a(_div_sf.o)
                                0x1c8 (size before relaxing)
 .debug_str     0x00000268        0xf c:/winavr-20100110/bin/../lib/gcc/avr/4.3.3/avr6\libgcc.a(_gt_sf.o)
                                0x195 (size before relaxing)
 .debug_str     0x00000277        0x8 c:/winavr-20100110/bin/../lib/gcc/avr/4.3.3/avr6\libgcc.a(_ge_sf.o)
                                0x195 (size before relaxing)
 .debug_str     0x0000027f        0x8 c:/winavr-20100110/bin/../lib/gcc/avr/4.3.3/avr6\libgcc.a(_lt_sf.o)
                                0x195 (size before relaxing)
 .debug_str     0x00000287        0xa c:/winavr-20100110/bin/../lib/gcc/avr/4.3.3/avr6\libgcc.a(_sf_to_si.o)
                                0x19e (size before relaxing)
 .debug_str     0x00000000      0x103 c:/winavr-20100110/bin/../lib/gcc/avr/4.3.3/avr6\libgcc.a(_thenan_sf.o)
 .debug_str     0x00000291       0x16 c:/winavr-20100110/bin/../lib/gcc/avr/4.3.3/avr6\libgcc.a(_pack_sf.o)
                                0x19d (size before relaxing)
 .debug_str     0x000002a7        0xb c:/winavr-20100110/bin/../lib/gcc/avr/4.3.3/avr6\libgcc.a(_unpack_sf.o)
                                0x17f (size before relaxing)
 .debug_str     0x000002b2       0x10 c:/winavr-20100110/bin/../lib/gcc/avr/4.3.3/avr6\libgcc.a(_fpcmp_parts_sf.o)
                                0x163 (size before relaxing)

.debug_loc      0x00000000      0x88e
 *(.debug_loc)
 .debug_loc     0x00000000       0x34 c:/winavr-20100110/bin/../lib/gcc/avr/4.3.3/avr6\libgcc.a(_fixunssfsi.o)
 .debug_loc     0x00000034      0x32a c:/winavr-20100110/bin/../lib/gcc/avr/4.3.3/avr6\libgcc.a(_addsub_sf.o)
 .debug_loc     0x0000035e      0x104 c:/winavr-20100110/bin/../lib/gcc/avr/4.3.3/avr6\libgcc.a(_mul_sf.o)
 .debug_loc     0x00000462       0xc0 c:/winavr-20100110/bin/../lib/gcc/avr/4.3.3/avr6\libgcc.a(_div_sf.o)
 .debug_loc     0x00000522       0x3c c:/winavr-20100110/bin/../lib/gcc/avr/4.3.3/avr6\libgcc.a(_gt_sf.o)
 .debug_loc     0x0000055e       0x3c c:/winavr-20100110/bin/../lib/gcc/avr/4.3.3/avr6\libgcc.a(_ge_sf.o)
 .debug_loc     0x0000059a       0x3c c:/winavr-20100110/bin/../lib/gcc/avr/4.3.3/avr6\libgcc.a(_lt_sf.o)
 .debug_loc     0x000005d6       0x7e c:/winavr-20100110/bin/../lib/gcc/avr/4.3.3/avr6\libgcc.a(_sf_to_si.o)
 .debug_loc     0x00000654      0x13e c:/winavr-20100110/bin/../lib/gcc/avr/4.3.3/avr6\libgcc.a(_pack_sf.o)
 .debug_loc     0x00000792       0xac c:/winavr-20100110/bin/../lib/gcc/avr/4.3.3/avr6\libgcc.a(_unpack_sf.o)
 .debug_loc     0x0000083e       0x50 c:/winavr-20100110/bin/../lib/gcc/avr/4.3.3/avr6\libgcc.a(_fpcmp_parts_sf.o)

.debug_macinfo
 *(.debug_macinfo)
OUTPUT(Blancher_code.elf elf32-avr)
LOAD linker stubs

.debug_ranges   0x00000000       0x50
 .debug_ranges  0x00000000       0x50 c:/winavr-20100110/bin/../lib/gcc/avr/4.3.3/avr6\libgcc.a(_mul_sf.o)
