Archive member included to satisfy reference by file (symbol)

c:/program files (x86)/atmel/studio/7.0/toolchain/avr8/avr8-gnu-toolchain/bin/../lib/gcc/avr/4.9.2/../../../../avr/lib/avr6\libm.a(addsf3.o)
                              ECUAL/PowderIF.o (__subsf3)
c:/program files (x86)/atmel/studio/7.0/toolchain/avr8/avr8-gnu-toolchain/bin/../lib/gcc/avr/4.9.2/../../../../avr/lib/avr6\libm.a(addsf3x.o)
                              c:/program files (x86)/atmel/studio/7.0/toolchain/avr8/avr8-gnu-toolchain/bin/../lib/gcc/avr/4.9.2/../../../../avr/lib/avr6\libm.a(addsf3.o) (__addsf3x)
c:/program files (x86)/atmel/studio/7.0/toolchain/avr8/avr8-gnu-toolchain/bin/../lib/gcc/avr/4.9.2/../../../../avr/lib/avr6\libm.a(cmpsf2.o)
                              ECUAL/Drum.o (__nesf2)
c:/program files (x86)/atmel/studio/7.0/toolchain/avr8/avr8-gnu-toolchain/bin/../lib/gcc/avr/4.9.2/../../../../avr/lib/avr6\libm.a(divsf3.o)
                              ECUAL/Drum.o (__divsf3)
c:/program files (x86)/atmel/studio/7.0/toolchain/avr8/avr8-gnu-toolchain/bin/../lib/gcc/avr/4.9.2/../../../../avr/lib/avr6\libm.a(divsf3x.o)
                              c:/program files (x86)/atmel/studio/7.0/toolchain/avr8/avr8-gnu-toolchain/bin/../lib/gcc/avr/4.9.2/../../../../avr/lib/avr6\libm.a(divsf3.o) (__divsf3x)
c:/program files (x86)/atmel/studio/7.0/toolchain/avr8/avr8-gnu-toolchain/bin/../lib/gcc/avr/4.9.2/../../../../avr/lib/avr6\libm.a(fixunssfsi.o)
                              application/Level_monitor.o (__fixunssfsi)
c:/program files (x86)/atmel/studio/7.0/toolchain/avr8/avr8-gnu-toolchain/bin/../lib/gcc/avr/4.9.2/../../../../avr/lib/avr6\libm.a(floatsisf.o)
                              application/Level_monitor.o (__floatunsisf)
c:/program files (x86)/atmel/studio/7.0/toolchain/avr8/avr8-gnu-toolchain/bin/../lib/gcc/avr/4.9.2/../../../../avr/lib/avr6\libm.a(fp_cmp.o)
                              c:/program files (x86)/atmel/studio/7.0/toolchain/avr8/avr8-gnu-toolchain/bin/../lib/gcc/avr/4.9.2/../../../../avr/lib/avr6\libm.a(cmpsf2.o) (__fp_cmp)
c:/program files (x86)/atmel/studio/7.0/toolchain/avr8/avr8-gnu-toolchain/bin/../lib/gcc/avr/4.9.2/../../../../avr/lib/avr6\libm.a(fp_inf.o)
                              c:/program files (x86)/atmel/studio/7.0/toolchain/avr8/avr8-gnu-toolchain/bin/../lib/gcc/avr/4.9.2/../../../../avr/lib/avr6\libm.a(addsf3x.o) (__fp_inf)
c:/program files (x86)/atmel/studio/7.0/toolchain/avr8/avr8-gnu-toolchain/bin/../lib/gcc/avr/4.9.2/../../../../avr/lib/avr6\libm.a(fp_nan.o)
                              c:/program files (x86)/atmel/studio/7.0/toolchain/avr8/avr8-gnu-toolchain/bin/../lib/gcc/avr/4.9.2/../../../../avr/lib/avr6\libm.a(addsf3x.o) (__fp_nan)
c:/program files (x86)/atmel/studio/7.0/toolchain/avr8/avr8-gnu-toolchain/bin/../lib/gcc/avr/4.9.2/../../../../avr/lib/avr6\libm.a(fp_pscA.o)
                              c:/program files (x86)/atmel/studio/7.0/toolchain/avr8/avr8-gnu-toolchain/bin/../lib/gcc/avr/4.9.2/../../../../avr/lib/avr6\libm.a(addsf3x.o) (__fp_pscA)
c:/program files (x86)/atmel/studio/7.0/toolchain/avr8/avr8-gnu-toolchain/bin/../lib/gcc/avr/4.9.2/../../../../avr/lib/avr6\libm.a(fp_pscB.o)
                              c:/program files (x86)/atmel/studio/7.0/toolchain/avr8/avr8-gnu-toolchain/bin/../lib/gcc/avr/4.9.2/../../../../avr/lib/avr6\libm.a(addsf3x.o) (__fp_pscB)
c:/program files (x86)/atmel/studio/7.0/toolchain/avr8/avr8-gnu-toolchain/bin/../lib/gcc/avr/4.9.2/../../../../avr/lib/avr6\libm.a(fp_round.o)
                              c:/program files (x86)/atmel/studio/7.0/toolchain/avr8/avr8-gnu-toolchain/bin/../lib/gcc/avr/4.9.2/../../../../avr/lib/avr6\libm.a(addsf3.o) (__fp_round)
c:/program files (x86)/atmel/studio/7.0/toolchain/avr8/avr8-gnu-toolchain/bin/../lib/gcc/avr/4.9.2/../../../../avr/lib/avr6\libm.a(fp_split3.o)
                              c:/program files (x86)/atmel/studio/7.0/toolchain/avr8/avr8-gnu-toolchain/bin/../lib/gcc/avr/4.9.2/../../../../avr/lib/avr6\libm.a(addsf3x.o) (__fp_split3)
c:/program files (x86)/atmel/studio/7.0/toolchain/avr8/avr8-gnu-toolchain/bin/../lib/gcc/avr/4.9.2/../../../../avr/lib/avr6\libm.a(fp_zero.o)
                              c:/program files (x86)/atmel/studio/7.0/toolchain/avr8/avr8-gnu-toolchain/bin/../lib/gcc/avr/4.9.2/../../../../avr/lib/avr6\libm.a(addsf3x.o) (__fp_zero)
c:/program files (x86)/atmel/studio/7.0/toolchain/avr8/avr8-gnu-toolchain/bin/../lib/gcc/avr/4.9.2/../../../../avr/lib/avr6\libm.a(gesf2.o)
                              ECUAL/Inverter.o (__gtsf2)
c:/program files (x86)/atmel/studio/7.0/toolchain/avr8/avr8-gnu-toolchain/bin/../lib/gcc/avr/4.9.2/../../../../avr/lib/avr6\libm.a(mulsf3.o)
                              application/Level_monitor.o (__mulsf3)
c:/program files (x86)/atmel/studio/7.0/toolchain/avr8/avr8-gnu-toolchain/bin/../lib/gcc/avr/4.9.2/../../../../avr/lib/avr6\libm.a(mulsf3x.o)
[...]
Memory Configuration

Name             Origin             Length             Attributes
text             0x00000000         0x00100000         xr
data             0x00800200         0x0000fe00         rw !x
eeprom           0x00810000         0x00010000         rw !x
fuse             0x00820000         0x00000003         rw !x
lock             0x00830000         0x00000400         rw !x
signature        0x00840000         0x00000400         rw !x
user_signatures  0x00850000         0x00000400         rw !x
*default*        0x00000000         0xffffffff

Linker script and memory map

Address of section .data set to 0x800200
LOAD C:/Program Files (x86)/Atmel/Studio/7.0/Packs/atmel/ATmega_DFP/1.1.130/gcc/dev/atmega2560/avr6/crtatmega2560.o
LOAD application/errors.o
LOAD application/Level_monitor.o
LOAD application/sequance.o
LOAD application/Temp_monitor.o
LOAD ECUAL/Drum.o
LOAD ECUAL/Encoder/Encoder.o
LOAD ECUAL/Flow_rate.o
LOAD ECUAL/Gas.o
LOAD ECUAL/Inverter.o
LOAD ECUAL/LCD.o
LOAD ECUAL/levels.o
LOAD ECUAL/Modbus/Modbus_master.o
LOAD ECUAL/PowderIF.o
LOAD ECUAL/Temperature.o
LOAD error_callbacks.o
LOAD error_functions.o
LOAD GLOBAL.o
LOAD main.o
LOAD MCAL/ADC.o
LOAD MCAL/DIO.o
LOAD MCAL/Interrupt.o
LOAD MCAL/SPI.o
LOAD MCAL/Timer.o
LOAD MCAL/UART.o
LOAD RTE/RTE_drum.o
LOAD RTE/RTE_invertersetting.o
LOAD RTE/RTE_levels.o
LOAD RTE/RTE_main.o
LOAD RTE/RTE_operations.o
LOAD RTE/RTE_temperature.o
LOAD rtos/croutine.o
LOAD rtos/event_groups.o
LOAD rtos/hooks.o
LOAD rtos/list.o
LOAD rtos/port.o
LOAD rtos/queue.o
LOAD rtos/stream_buffer.o
LOAD rtos/tasks.o
LOAD rtos/timers.o
LOAD RTOS_sync.o
LOAD Services/Drum_speed_Tasks.o
LOAD Services/Ignition_operation.o
LOAD Services/LCD_Tasks.o
LOAD Services/Level_Task.o
LOAD Services/NVM_Task.o
LOAD Services/tank_operation.o
LOAD Services/TEMP_Task.o
LOAD System.o
LOAD Tasks.o
LOAD utils/CRC16.o
LOAD utils/Millis.o
START GROUP
LOAD c:/program files (x86)/atmel/studio/7.0/toolchain/avr8/avr8-gnu-toolchain/bin/../lib/gcc/avr/4.9.2/../../../../avr/lib/avr6\libm.a
END GROUP
START GROUP
LOAD c:/program files (x86)/atmel/studio/7.0/toolchain/avr8/avr8-gnu-toolchain/bin/../lib/gcc/avr/4.9.2/avr6\libgcc.a
LOAD c:/program files (x86)/atmel/studio/7.0/toolchain/avr8/avr8-gnu-toolchain/bin/../lib/gcc/avr/4.9.2/../../../../avr/lib/avr6\libm.a
LOAD c:/program files (x86)/atmel/studio/7.0/toolchain/avr8/avr8-gnu-toolchain/bin/../lib/gcc/avr/4.9.2/../../../../avr/lib/avr6\libc.a
LOAD C:/Program Files (x86)/Atmel/Studio/7.0/Packs/atmel/ATmega_DFP/1.1.130/gcc/dev/atmega2560/avr6\libatmega2560.a
END GROUP
                0x00100000                __TEXT_REGION_LENGTH__ = DEFINED (__TEXT_REGION_LENGTH__)?__TEXT_REGION_LENGTH__:0x100000
                0x0000fe00                __DATA_REGION_LENGTH__ = DEFINED (__DATA_REGION_LENGTH__)?__DATA_REGION_LENGTH__:0xfe00
                0x00010000                __EEPROM_REGION_LENGTH__ = DEFINED (__EEPROM_REGION_LENGTH__)?__EEPROM_REGION_LENGTH__:0x10000
                [0x00000003]                __FUSE_REGION_LENGTH__ = DEFINED (__FUSE_REGION_LENGTH__)?__FUSE_REGION_LENGTH__:0x400
                0x00000400                __LOCK_REGION_LENGTH__ = DEFINED (__LOCK_REGION_LENGTH__)?__LOCK_REGION_LENGTH__:0x400
                0x00000400                __SIGNATURE_REGION_LENGTH__ = DEFINED (__SIGNATURE_REGION_LENGTH__)?__SIGNATURE_REGION_LENGTH__:0x400
                0x00000400                __USER_SIGNATURE_REGION_LENGTH__ = DEFINED (__USER_SIGNATURE_REGION_LENGTH__)?__USER_SIGNATURE_REGION_LENGTH__:0x400

.hash
 *(.hash)

.dynsym
 *(.dynsym)

.dynstr
 *(.dynstr)

.gnu.version
 *(.gnu.version)

.gnu.version_d
 *(.gnu.version_d)

.gnu.version_r
 *(.gnu.version_r)

.rel.init
 *(.rel.init)

.rela.init
 *(.rela.init)

.rel.text
 *(.rel.text)
 *(.rel.text.*)
 *(.rel.gnu.linkonce.t*)

.rela.text
 *(.rela.text)
 *(.rela.text.*)
 *(.rela.gnu.linkonce.t*)

.rel.fini
 *(.rel.fini)

.rela.fini
 *(.rela.fini)

.rel.rodata
 *(.rel.rodata)
 *(.rel.rodata.*)
 *(.rel.gnu.linkonce.r*)

.rela.rodata
 *(.rela.rodata)
 *(.rela.rodata.*)
 *(.rela.gnu.linkonce.r*)

.rel.data
 *(.rel.data)
 *(.rel.data.*)
 *(.rel.gnu.linkonce.d*)

.rela.data
 *(.rela.data)
 *(.rela.data.*)
 *(.rela.gnu.linkonce.d*)

.rel.ctors
 *(.rel.ctors)

.rela.ctors
 *(.rela.ctors)

.rel.dtors
 *(.rel.dtors)

.rela.dtors
 *(.rela.dtors)

.rel.got
 *(.rel.got)

.rela.got
 *(.rela.got)

.rel.bss
 *(.rel.bss)

.rela.bss
 *(.rela.bss)

.rel.plt
 *(.rel.plt)

.rela.plt
 *(.rela.plt)

.text           0x00000000     0x56ca
 *(.vectors)
 .vectors       0x00000000       0xe4 C:/Program Files (x86)/Atmel/Studio/7.0/Packs/atmel/ATmega_DFP/1.1.130/gcc/dev/atmega2560/avr6/crtatmega2560.o
                0x00000000                __vector_default
                0x00000000                __vectors
 *(.vectors)
 *(.progmem.gcc*)
 .progmem.gcc_fplib
                0x000000e4       0x28 c:/program files (x86)/atmel/studio/7.0/toolchain/avr8/avr8-gnu-toolchain/bin/../lib/gcc/avr/4.9.2/../../../../avr/lib/avr6\libm.a(exp.o)
 .progmem.gcc_fplib
                0x0000010c       0x5a c:/program files (x86)/atmel/studio/7.0/toolchain/avr8/avr8-gnu-toolchain/bin/../lib/gcc/avr/4.9.2/../../../../avr/lib/avr6\libm.a(log.o)
                0x00000166                . = ALIGN (0x2)
                0x00000166                __trampolines_start = .
 *(.trampolines)
 .trampolines   0x00000166        0x0 linker stubs
 *(.trampolines*)
                0x00000166                __trampolines_end = .
 *libprintf_flt.a:*(.progmem.data)
 *libc.a:*(.progmem.data)
 *(.progmem*)
                0x00000166                . = ALIGN (0x2)
 *(.jumptables)
 *(.jumptables*)
 *(.lowtext)
 .lowtext       0x00000166       0x52 rtos/tasks.o
 *(.lowtext*)
                0x000001b8                __ctors_start = .
 *(.ctors)
                0x000001b8                __ctors_end = .
                0x000001b8                __dtors_start = .
 *(.dtors)
                0x000001b8                __dtors_end = .
 SORT(*)(.ctors)
 SORT(*)(.dtors)
 *(.init0)
 .init0         0x000001b8        0x0 C:/Program Files (x86)/Atmel/Studio/7.0/Packs/atmel/ATmega_DFP/1.1.130/gcc/dev/atmega2560/avr6/crtatmega2560.o
                0x000001b8                __init
 *(.init0)
 *(.init1)
 *(.init1)
 *(.init2)
 .init2         0x000001b8       0x10 C:/Program Files (x86)/Atmel/Studio/7.0/Packs/atmel/ATmega_DFP/1.1.130/gcc/dev/atmega2560/avr6/crtatmega2560.o
 *(.init2)
 *(.init3)
 *(.init3)
 *(.init4)
 .init4         0x000001c8       0x1a c:/program files (x86)/atmel/studio/7.0/toolchain/avr8/avr8-gnu-toolchain/bin/../lib/gcc/avr/4.9.2/avr6\libgcc.a(_copy_data.o)
                0x000001c8                __do_copy_data
 .init4         0x000001e2       0x10 c:/program files (x86)/atmel/studio/7.0/toolchain/avr8/avr8-gnu-toolchain/bin/../lib/gcc/avr/4.9.2/avr6\libgcc.a(_clear_bss.o)
                0x000001e2                __do_clear_bss
 *(.init4)
 *(.init5)
 *(.init5)
 *(.init6)
 *(.init6)
 *(.init7)
 *(.init7)
 *(.init8)
 *(.init8)
 *(.init9)
 .init9         0x000001f2        0x8 C:/Program Files (x86)/Atmel/Studio/7.0/Packs/atmel/ATmega_DFP/1.1.130/gcc/dev/atmega2560/avr6/crtatmega2560.o
 *(.init9)
 *(.text)
 .text          0x000001fa        0x2 C:/Program Files (x86)/Atmel/Studio/7.0/Packs/atmel/ATmega_DFP/1.1.130/gcc/dev/atmega2560/avr6/crtatmega2560.o
                0x000001fa                __vector_38
                0x000001fa                __vector_22
                0x000001fa                __vector_28
                0x000001fa                __vector_1
                0x000001fa                __vector_34
                0x000001fa                __vector_24
                0x000001fa                __vector_46
                0x000001fa                __bad_interrupt
                0x000001fa                __vector_6
                0x000001fa                __vector_31
                0x000001fa                __vector_35
                0x000001fa                __vector_39
                0x000001fa                __vector_3
                0x000001fa                __vector_23
                0x000001fa                __vector_30
                0x000001fa                __vector_45
                0x000001fa                __vector_11
                0x000001fa                __vector_19
                0x000001fa                __vector_56
                0x000001fa                __vector_7
                0x000001fa                __vector_49
                0x000001fa                __vector_41
                0x000001fa                __vector_43
                0x000001fa                __vector_27
                0x000001fa                __vector_5
                0x000001fa                __vector_33
                0x000001fa                __vector_4
                0x000001fa                __vector_44
                0x000001fa                __vector_9
                0x000001fa                __vector_2
                0x000001fa                __vector_21
                0x000001fa                __vector_15
                0x000001fa                __vector_40
                0x000001fa                __vector_8
                0x000001fa                __vector_48
                0x000001fa                __vector_14
                0x000001fa                __vector_53
                0x000001fa                __vector_10
                0x000001fa                __vector_50
                0x000001fa                __vector_16
                0x000001fa                __vector_18
                0x000001fa                __vector_20
                0x000001fc                . = ALIGN (0x2)
 *(.text.*)
 .text.Error_monitor_main
                0x000001fc       0x7c application/errors.o
                0x000001fc                Error_monitor_main
 .text.Heat     0x00000278      0x128 application/Temp_monitor.o
                0x00000278                Heat
 .text.Temp_monitor_main
                0x000003a0       0xdc application/Temp_monitor.o
                0x000003a0                Temp_monitor_main
 .text.Set_drum_time_callback
                0x0000047c       0x12 ECUAL/Drum.o
 .text.Drum_speed_init
                0x0000048e        0xe ECUAL/Drum.o
                0x0000048e                Drum_speed_init
 .text.Encoder_init
                0x0000049c       0x16 ECUAL/Encoder/Encoder.o
                0x0000049c                Encoder_init
 .text.flowrate_feeding_callback
                0x000004b2        0xc ECUAL/Flow_rate.o
 .text.flowrate_outing_callback
                0x000004be        0xc ECUAL/Flow_rate.o
 .text.Flow_rate_init
                0x000004ca       0x66 ECUAL/Flow_rate.o
                0x000004ca                Flow_rate_init
 .text.Inverter_pre_transmition
                0x00000530        0xa ECUAL/Inverter.o
                0x00000530                Inverter_pre_transmition
 .text.Inverter_post_transmition
                0x0000053a        0xa ECUAL/Inverter.o
                0x0000053a                Inverter_post_transmition
 .text.Inverter_init
                0x00000544       0x28 ECUAL/Inverter.o
                0x00000544                Inverter_init
 .text.Inverter_change_state
                0x0000056c       0x26 ECUAL/Inverter.o
                0x0000056c                Inverter_change_state
 .text.Modbus_idle_task
                0x00000592        0xa ECUAL/LCD.o
 .text.LCD_post_transmission
                0x0000059c        0xa ECUAL/LCD.o
 .text.LCD_pre_transmission
                0x000005a6        0xa ECUAL/LCD.o
 .text.Lcd_init
                0x000005b0       0x30 ECUAL/LCD.o
                0x000005b0                Lcd_init
 .text.Lcd_Read_multiple_data
                0x000005e0       0x50 ECUAL/LCD.o
                0x000005e0                Lcd_Read_multiple_data
 .text.Lcd_Write_multiple_data
                0x00000630       0x4a ECUAL/LCD.o
                0x00000630                Lcd_Write_multiple_data
 .text.lcd_Jump_to
                0x0000067a       0x1a ECUAL/LCD.o
                0x0000067a                lcd_Jump_to
 .text.Modbus_mster_transaction
                0x00000694      0xd70 ECUAL/Modbus/Modbus_master.o
 .text.Modbus_init
                0x00001404      0x2dc ECUAL/Modbus/Modbus_master.o
                0x00001404                Modbus_init
 .text.Modbus_Get_response_buffer
                0x000016e0       0x46 ECUAL/Modbus/Modbus_master.o
                0x000016e0                Modbus_Get_response_buffer
 .text.Modbus_Set_transmit_buffer
                0x00001726       0x42 ECUAL/Modbus/Modbus_master.o
                0x00001726                Modbus_Set_transmit_buffer
 .text.Modbus_Read_holding_registers
                0x00001768       0x3c ECUAL/Modbus/Modbus_master.o
                0x00001768                Modbus_Read_holding_registers
 .text.Modbus_Write_single_register
                0x000017a4       0x4c ECUAL/Modbus/Modbus_master.o
                0x000017a4                Modbus_Write_single_register
 .text.Modbus_Our_write_multiple_coils
                0x000017f0       0x3c ECUAL/Modbus/Modbus_master.o
                0x000017f0                Modbus_Our_write_multiple_coils
 .text.Modbus_Write_multiple_registers
                0x0000182c       0x3c ECUAL/Modbus/Modbus_master.o
                0x0000182c                Modbus_Write_multiple_registers
 .text.temp_init
                0x00001868        0x4 ECUAL/Temperature.o
                0x00001868                temp_init
 .text.temp_read
                0x0000186c       0xec ECUAL/Temperature.o
                0x0000186c                temp_read
 .text.Temperature_over_temp
                0x00001958        0xe error_callbacks.o
 .text.Level_sensor_error_callback
                0x00001966        0x8 error_callbacks.o
 .text.LCD_writeTimeout
                0x0000196e        0x8 error_callbacks.o
 .text.LCD_readTimeout
                0x00001976        0x8 error_callbacks.o
 .text.Service_error_init
                0x0000197e       0x1e error_callbacks.o
                0x0000197e                Service_error_init
 .text.vTask5   0x0000199c       0x1a main.o
 .text.vTask4   0x000019b6       0x24 main.o
 .text.vTask3   0x000019da       0x22 main.o
 .text.vTask2   0x000019fc       0x1e main.o
 .text.vTask1   0x00001a1a       0x24 main.o
 .text.main     0x00001a3e      0x13e main.o
                0x00001a3e                main
 .text.ADC_init
                0x00001b7c       0x38 MCAL/ADC.o
                0x00001b7c                ADC_init
 .text.ADC_enable_reading
                0x00001bb4        0xc MCAL/ADC.o
                0x00001bb4                ADC_enable_reading
 .text.ADC_read
                0x00001bc0       0x20 MCAL/ADC.o
                0x00001bc0                ADC_read
 .text.__vector_29
                0x00001be0       0x3a MCAL/ADC.o
                0x00001be0                __vector_29
 .text.DIO_init
                0x00001c1a       0x86 MCAL/DIO.o
                0x00001c1a                DIO_init
 .text.Get_light_state
                0x00001ca0        0xa MCAL/DIO.o
                0x00001ca0                Get_light_state
 .text.Gas_valve_change_state
                0x00001caa       0x10 MCAL/DIO.o
                0x00001caa                Gas_valve_change_state
 .text.Main_gas_valve_change_state
                0x00001cba       0x10 MCAL/DIO.o
                0x00001cba                Main_gas_valve_change_state
 .text.Conveyor_motor_change_state
                0x00001cca       0x20 MCAL/DIO.o
                0x00001cca                Conveyor_motor_change_state
 .text.Spark_change_state
                0x00001cea       0x10 MCAL/DIO.o
                0x00001cea                Spark_change_state
 .text.Modbus_change_state
                0x00001cfa       0x3a MCAL/DIO.o
                0x00001cfa                Modbus_change_state
 .text.Electrical_heater_change_state
                0x00001d34       0x10 MCAL/DIO.o
                0x00001d34                Electrical_heater_change_state
 .text.Watch_dog_change_state
                0x00001d44       0x20 MCAL/DIO.o
                0x00001d44                Watch_dog_change_state
 .text.Sareen_change_state
                0x00001d64       0x10 MCAL/DIO.o
                0x00001d64                Sareen_change_state
 .text.timers_init
                0x00001d74      0x100 MCAL/Timer.o
                0x00001d74                timers_init
 .text.__vector_17
                0x00001e74       0xe0 MCAL/Timer.o
                0x00001e74                __vector_17
 .text.__vector_32
                0x00001f54       0xe0 MCAL/Timer.o
                0x00001f54                __vector_32
 .text.__vector_42
                0x00002034       0xe0 MCAL/Timer.o
                0x00002034                __vector_42
 .text.__vector_47
                0x00002114       0xe4 MCAL/Timer.o
                0x00002114                __vector_47
 .text.__vector_25
                0x000021f8       0x72 MCAL/UART.o
                0x000021f8                __vector_25
 .text.__vector_26
                0x0000226a       0x6a MCAL/UART.o
                0x0000226a                __vector_26
 .text.UART0_init
                0x000022d4       0xaa MCAL/UART.o
                0x000022d4                UART0_init
 .text.UART0_putc
                0x0000237e       0x32 MCAL/UART.o
                0x0000237e                UART0_putc
 .text.UART0_OutUDec
                0x000023b0       0x38 MCAL/UART.o
                0x000023b0                UART0_OutUDec
 .text.UART0_puts
                0x000023e8       0x1c MCAL/UART.o
                0x000023e8                UART0_puts
 .text.__vector_36
                0x00002404       0x72 MCAL/UART.o
                0x00002404                __vector_36
 .text.__vector_37
                0x00002476       0x6a MCAL/UART.o
                0x00002476                __vector_37
 .text.UART1_init
                0x000024e0       0xaa MCAL/UART.o
                0x000024e0                UART1_init
 .text.UART1_getc
                0x0000258a       0x40 MCAL/UART.o
                0x0000258a                UART1_getc
 .text.UART1_peek
                0x000025ca       0x3a MCAL/UART.o
                0x000025ca                UART1_peek
 .text.UART1_putc
                0x00002604       0x32 MCAL/UART.o
                0x00002604                UART1_putc
 .text.UART1_puts
                0x00002636       0x1c MCAL/UART.o
                0x00002636                UART1_puts
 .text.UART1_puts_p
                0x00002652       0x22 MCAL/UART.o
                0x00002652                UART1_puts_p
 .text.UART1_available
                0x00002674       0x1c MCAL/UART.o
                0x00002674                UART1_available
 .text.UART1_flush
                0x00002690        0xa MCAL/UART.o
                0x00002690                UART1_flush
 .text.__vector_51
                0x0000269a       0x72 MCAL/UART.o
                0x0000269a                __vector_51
 .text.__vector_52
                0x0000270c       0x6a MCAL/UART.o
                0x0000270c                __vector_52
 .text.UART2_init
                0x00002776       0xaa MCAL/UART.o
                0x00002776                UART2_init
 .text.UART2_getc
                0x00002820       0x3a MCAL/UART.o
                0x00002820                UART2_getc
 .text.UART2_peek
                0x0000285a       0x3a MCAL/UART.o
                0x0000285a                UART2_peek
 .text.UART2_putc
                0x00002894       0x32 MCAL/UART.o
                0x00002894                UART2_putc
 .text.UART2_puts
                0x000028c6       0x1c MCAL/UART.o
                0x000028c6                UART2_puts
 .text.UART2_puts_p
                0x000028e2       0x22 MCAL/UART.o
                0x000028e2                UART2_puts_p
 .text.UART2_available
                0x00002904       0x1c MCAL/UART.o
                0x00002904                UART2_available
 .text.UART2_flush
                0x00002920        0xa MCAL/UART.o
                0x00002920                UART2_flush
 .text.__vector_54
                0x0000292a       0x72 MCAL/UART.o
                0x0000292a                __vector_54
 .text.__vector_55
                0x0000299c       0x6a MCAL/UART.o
                0x0000299c                __vector_55
 .text.UART3_init
                0x00002a06       0xaa MCAL/UART.o
                0x00002a06                UART3_init
 .text.UART3_getc
                0x00002ab0       0x3a MCAL/UART.o
                0x00002ab0                UART3_getc
 .text.UART3_peek
                0x00002aea       0x3a MCAL/UART.o
                0x00002aea                UART3_peek
 .text.UART3_putc
                0x00002b24       0x32 MCAL/UART.o
                0x00002b24                UART3_putc
 .text.UART3_puts
                0x00002b56       0x1c MCAL/UART.o
                0x00002b56                UART3_puts
 .text.UART3_puts_p
                0x00002b72       0x22 MCAL/UART.o
                0x00002b72                UART3_puts_p
 .text.UART3_available
                0x00002b94       0x1c MCAL/UART.o
                0x00002b94                UART3_available
 .text.UART3_flush
                0x00002bb0        0xa MCAL/UART.o
                0x00002bb0                UART3_flush
 .text.RTE_drum_init
                0x00002bba        0x2 RTE/RTE_drum.o
                0x00002bba                RTE_drum_init
 .text.RTE_get_Drum_speed
                0x00002bbc        0xa RTE/RTE_drum.o
                0x00002bbc                RTE_get_Drum_speed
 .text.RTE_invertersetting_init
                0x00002bc6       0x8c RTE/RTE_invertersetting.o
                0x00002bc6                RTE_invertersetting_init
 .text.RTE_set_Gear_ratio
                0x00002c52       0x1e RTE/RTE_invertersetting.o
                0x00002c52                RTE_set_Gear_ratio
 .text.RTE_set_RPM_max
                0x00002c70       0x1e RTE/RTE_invertersetting.o
                0x00002c70                RTE_set_RPM_max
 .text.RTE_set_Conveyor_length
                0x00002c8e       0x1e RTE/RTE_invertersetting.o
                0x00002c8e                RTE_set_Conveyor_length
 .text.RTE_set_Driver_diameter
                0x00002cac       0x1e RTE/RTE_invertersetting.o
                0x00002cac                RTE_set_Driver_diameter
 .text.RTE_set_Time_minute
                0x00002cca       0x1e RTE/RTE_invertersetting.o
                0x00002cca                RTE_set_Time_minute
 .text.RTE_set_Time_second
                0x00002ce8       0x1e RTE/RTE_invertersetting.o
                0x00002ce8                RTE_set_Time_second
 .text.RTE_levels_init
                0x00002d06       0x34 RTE/RTE_levels.o
                0x00002d06                RTE_levels_init
 .text.RTE_init
                0x00002d3a        0xc RTE/RTE_main.o
                0x00002d3a                RTE_init
 .text.RTE_operations_init
                0x00002d46       0x60 RTE/RTE_operations.o
                0x00002d46                RTE_operations_init
 .text.RTE_set_System_on
                0x00002da6       0x1e RTE/RTE_operations.o
                0x00002da6                RTE_set_System_on
 .text.RTE_set_Start_blancher_Operation
                0x00002dc4       0x1e RTE/RTE_operations.o
                0x00002dc4                RTE_set_Start_blancher_Operation
 .text.RTE_get_Start_blancher_Operation
                0x00002de2       0x18 RTE/RTE_operations.o
                0x00002de2                RTE_get_Start_blancher_Operation
 .text.RTE_set_Wash_Operation
                0x00002dfa       0x1e RTE/RTE_operations.o
                0x00002dfa                RTE_set_Wash_Operation
 .text.RTE_set_Tank_Calibration_Operation
                0x00002e18       0x1e RTE/RTE_operations.o
                0x00002e18                RTE_set_Tank_Calibration_Operation
 .text.RTE_temperature_init
                0x00002e36       0xa2 RTE/RTE_temperature.o
                0x00002e36                RTE_temperature_init
 .text.RTE_set_Sleep_temperature
                0x00002ed8       0x1e RTE/RTE_temperature.o
                0x00002ed8                RTE_set_Sleep_temperature
 .text.RTE_get_Sleep_temperature
                0x00002ef6       0x18 RTE/RTE_temperature.o
                0x00002ef6                RTE_get_Sleep_temperature
 .text.RTE_set_Set_temperature
                0x00002f0e       0x1e RTE/RTE_temperature.o
                0x00002f0e                RTE_set_Set_temperature
 .text.RTE_get_Set_temperature
                0x00002f2c       0x18 RTE/RTE_temperature.o
                0x00002f2c                RTE_get_Set_temperature
 .text.RTE_set_Threshold_set_temperature
                0x00002f44       0x1e RTE/RTE_temperature.o
                0x00002f44                RTE_set_Threshold_set_temperature
 .text.RTE_get_Threshold_set_temperature
                0x00002f62       0x18 RTE/RTE_temperature.o
                0x00002f62                RTE_get_Threshold_set_temperature
 .text.RTE_set_Threshold_sleep_temperature
                0x00002f7a       0x1e RTE/RTE_temperature.o
                0x00002f7a                RTE_set_Threshold_sleep_temperature
 .text.RTE_get_Threshold_sleep_temperature
                0x00002f98       0x18 RTE/RTE_temperature.o
                0x00002f98                RTE_get_Threshold_sleep_temperature
 .text.RTE_set_Positive_offset_temperature
                0x00002fb0       0x1e RTE/RTE_temperature.o
                0x00002fb0                RTE_set_Positive_offset_temperature
 .text.RTE_get_Positive_offset_temperature
                0x00002fce       0x18 RTE/RTE_temperature.o
                0x00002fce                RTE_get_Positive_offset_temperature
 .text.RTE_set_Negative_offset_temperature
                0x00002fe6       0x1e RTE/RTE_temperature.o
                0x00002fe6                RTE_set_Negative_offset_temperature
 .text.RTE_get_Negative_offset_temperature
                0x00003004       0x18 RTE/RTE_temperature.o
                0x00003004                RTE_get_Negative_offset_temperature
 .text.RTE_set_Current_temperature
                0x0000301c        0xa RTE/RTE_temperature.o
                0x0000301c                RTE_set_Current_temperature
 .text.RTE_get_Current_temperature
                0x00003026        0xa RTE/RTE_temperature.o
                0x00003026                RTE_get_Current_temperature
 .text.RTE_set_app_Current_temperature
                0x00003030       0x1e RTE/RTE_temperature.o
                0x00003030                RTE_set_app_Current_temperature
 .text.RTE_get_app_Current_temperature
                0x0000304e       0x18 RTE/RTE_temperature.o
                0x0000304e                RTE_get_app_Current_temperature
 .text.vApplicationStackOverflowHook
                0x00003066       0x1a rtos/hooks.o
                0x00003066                vApplicationStackOverflowHook
 .text.vApplicationGetIdleTaskMemory
                0x00003080       0x20 rtos/hooks.o
                0x00003080                vApplicationGetIdleTaskMemory
 .text.vApplicationGetTimerTaskMemory
                0x000030a0       0x20 rtos/hooks.o
                0x000030a0                vApplicationGetTimerTaskMemory
 .text.vListInitialise
                0x000030c0       0x1c rtos/list.o
                0x000030c0                vListInitialise
 .text.vListInitialiseItem
                0x000030dc        0x8 rtos/list.o
                0x000030dc                vListInitialiseItem
 .text.vListInsertEnd
                0x000030e4       0x42 rtos/list.o
                0x000030e4                vListInsertEnd
 .text.vListInsert
                0x00003126       0x62 rtos/list.o
                0x00003126                vListInsert
 .text.uxListRemove
                0x00003188       0x4e rtos/list.o
                0x00003188                uxListRemove
 .text.pxPortInitialiseStack
                0x000031d6       0xe4 rtos/port.o
                0x000031d6                pxPortInitialiseStack
 .text.xPortStartScheduler
                0x000032ba       0x78 rtos/port.o
                0x000032ba                xPortStartScheduler
 .text.vPortEndScheduler
                0x00003332       0x18 rtos/port.o
                0x00003332                vPortEndScheduler
 .text.vPortYield
                0x0000334a       0xc0 rtos/port.o
                0x0000334a                vPortYield
 .text.vPortYieldFromTick
                0x0000340a       0xc6 rtos/port.o
                0x0000340a                vPortYieldFromTick
 .text.__vector_12
                0x000034d0        0x4 rtos/port.o
                0x000034d0                __vector_12
 .text.prvIsQueueEmpty
                0x000034d4       0x16 rtos/queue.o
 .text.prvCopyDataToQueue
                0x000034ea       0xc0 rtos/queue.o
 .text.prvCopyDataFromQueue
                0x000035aa       0x34 rtos/queue.o
 .text.prvUnlockQueue
                0x000035de       0x92 rtos/queue.o
 .text.xQueueGenericReset
                0x00003670       0x84 rtos/queue.o
                0x00003670                xQueueGenericReset
 .text.xQueueGenericCreateStatic
                0x000036f4       0x2a rtos/queue.o
                0x000036f4                xQueueGenericCreateStatic
 .text.xQueueGenericSend
                0x0000371e      0x124 rtos/queue.o
                0x0000371e                xQueueGenericSend
 .text.xQueueGenericSendFromISR
                0x00003842       0x70 rtos/queue.o
                0x00003842                xQueueGenericSendFromISR
 .text.xQueueReceive
                0x000038b2      0x112 rtos/queue.o
                0x000038b2                xQueueReceive
 .text.xQueueSemaphoreTake
                0x000039c4      0x176 rtos/queue.o
                0x000039c4                xQueueSemaphoreTake
 .text.vQueueWaitForMessageRestricted
                0x00003b3a       0x36 rtos/queue.o
                0x00003b3a                vQueueWaitForMessageRestricted
 .text.prvResetNextTaskUnblockTime
                0x00003b70       0x3e rtos/tasks.o
 .text.prvAddCurrentTaskToDelayedList
                0x00003bae       0x82 rtos/tasks.o
 .text.xTaskCreateStatic
                0x00003c30      0x1f4 rtos/tasks.o
                0x00003c30                xTaskCreateStatic
 .text.vTaskStartScheduler
                0x00003e24       0x98 rtos/tasks.o
                0x00003e24                vTaskStartScheduler
 .text.vTaskEndScheduler
                0x00003ebc        0xc rtos/tasks.o
                0x00003ebc                vTaskEndScheduler
 .text.vTaskSuspendAll
                0x00003ec8        0xc rtos/tasks.o
                0x00003ec8                vTaskSuspendAll
 .text.xTaskGetTickCount
                0x00003ed4       0x14 rtos/tasks.o
                0x00003ed4                xTaskGetTickCount
 .text.xTaskIncrementTick
                0x00003ee8      0x16e rtos/tasks.o
                0x00003ee8                xTaskIncrementTick
 .text.xTaskResumeAll
                0x00004056       0xf2 rtos/tasks.o
                0x00004056                xTaskResumeAll
 .text.vTaskDelay
                0x00004148       0x20 rtos/tasks.o
                0x00004148                vTaskDelay
 .text.vTaskSwitchContext
                0x00004168      0x102 rtos/tasks.o
                0x00004168                vTaskSwitchContext
 .text.vTaskPlaceOnEventList
                0x0000426a       0x24 rtos/tasks.o
                0x0000426a                vTaskPlaceOnEventList
 .text.vTaskPlaceOnEventListRestricted
                0x0000428e       0x32 rtos/tasks.o
                0x0000428e                vTaskPlaceOnEventListRestricted
 .text.xTaskRemoveFromEventList
                0x000042c0       0x90 rtos/tasks.o
                0x000042c0                xTaskRemoveFromEventList
 .text.vTaskInternalSetTimeOutState
                0x00004350       0x16 rtos/tasks.o
                0x00004350                vTaskInternalSetTimeOutState
 .text.xTaskCheckForTimeOut
                0x00004366       0x56 rtos/tasks.o
                0x00004366                xTaskCheckForTimeOut
 .text.vTaskMissedYield
                0x000043bc        0x8 rtos/tasks.o
                0x000043bc                vTaskMissedYield
 .text.xTaskGetSchedulerState
                0x000043c4       0x1c rtos/tasks.o
                0x000043c4                xTaskGetSchedulerState
 .text.xTaskPriorityInherit
                0x000043e0       0xe4 rtos/tasks.o
                0x000043e0                xTaskPriorityInherit
 .text.xTaskPriorityDisinherit
                0x000044c4       0x80 rtos/tasks.o
                0x000044c4                xTaskPriorityDisinherit
 .text.vTaskPriorityDisinheritAfterTimeout
                0x00004544       0xa0 rtos/tasks.o
                0x00004544                vTaskPriorityDisinheritAfterTimeout
 .text.pvTaskIncrementMutexHeldCount
                0x000045e4       0x24 rtos/tasks.o
                0x000045e4                pvTaskIncrementMutexHeldCount
 .text.prvInsertTimerInActiveList
                0x00004608       0x5e rtos/timers.o
 .text.prvCheckForValidListAndQueue
                0x00004666       0x5c rtos/timers.o
 .text.xTimerCreateTimerTask
                0x000046c2       0x8e rtos/timers.o
                0x000046c2                xTimerCreateTimerTask
 .text.xTimerGenericCommand
                0x00004750       0x8c rtos/timers.o
                0x00004750                xTimerGenericCommand
 .text.prvSampleTimeNow
                0x000047dc       0xdc rtos/timers.o
 .text.prvTimerTask
                0x000048b8      0x1b8 rtos/timers.o
 .text.RTOS_sync_init
                0x00004a70       0x2e RTOS_sync.o
                0x00004a70                RTOS_sync_init
 .text.Drum_speed_Tasks_init
                0x00004a9e        0x6 Services/Drum_speed_Tasks.o
                0x00004a9e                Drum_speed_Tasks_init
 .text.start_gas__igintion
                0x00004aa4       0x68 Services/Ignition_operation.o
                0x00004aa4                start_gas__igintion
 .text.Start_ignition
                0x00004b0c       0x24 Services/Ignition_operation.o
                0x00004b0c                Start_ignition
 .text.close_gas__igintion
                0x00004b30       0x28 Services/Ignition_operation.o
                0x00004b30                close_gas__igintion
 .text.Stop_ignition
                0x00004b58       0x24 Services/Ignition_operation.o
                0x00004b58                Stop_ignition
 .text.LCD_main_err_Init
                0x00004b7c       0x12 Services/LCD_Tasks.o
                0x00004b7c                LCD_main_err_Init
 .text.LCD_main
                0x00004b8e      0x17e Services/LCD_Tasks.o
                0x00004b8e                LCD_main
 .text.Level_main_err_init
                0x00004d0c        0xa Services/Level_Task.o
                0x00004d0c                Level_main_err_init
 .text.Tank_out_callback
                0x00004d16       0x66 Services/tank_operation.o
 .text.Tank_feed_callback
                0x00004d7c       0x66 Services/tank_operation.o
 .text.Tank_operation_init
                0x00004de2       0x44 Services/tank_operation.o
                0x00004de2                Tank_operation_init
 .text.Temp_main_err_init
                0x00004e26        0xa Services/TEMP_Task.o
                0x00004e26                Temp_main_err_init
 .text.Temp_main
                0x00004e30       0x3e Services/TEMP_Task.o
                0x00004e30                Temp_main
 .text.System_init
                0x00004e6e       0x3e System.o
                0x00004e6e                System_init
 .text.crc16_update
                0x00004eac       0x24 utils/CRC16.o
                0x00004eac                crc16_update
 .text.millis_init
                0x00004ed0       0x1e utils/Millis.o
                0x00004ed0                millis_init
 .text.Get_millis
                0x00004eee       0x16 utils/Millis.o
                0x00004eee                Get_millis
 .text.__vector_13
                0x00004f04       0x4a utils/Millis.o
                0x00004f04                __vector_13
 .text.avr-libc.fplib
                0x00004f4e        0xa c:/program files (x86)/atmel/studio/7.0/toolchain/avr8/avr8-gnu-toolchain/bin/../lib/gcc/avr/4.9.2/../../../../avr/lib/avr6\libm.a(addsf3.o)
                0x00004f4e                __subsf3
                0x00004f50                __addsf3
 .text.avr-libc.fplib
                0x00004f58       0xc0 c:/program files (x86)/atmel/studio/7.0/toolchain/avr8/avr8-gnu-toolchain/bin/../lib/gcc/avr/4.9.2/../../../../avr/lib/avr6\libm.a(addsf3x.o)
                0x00004f72                __addsf3x
 .text.avr-libc.fplib
                0x00005018        0x4 c:/program files (x86)/atmel/studio/7.0/toolchain/avr8/avr8-gnu-toolchain/bin/../lib/gcc/avr/4.9.2/../../../../avr/lib/avr6\libm.a(divsf3.o)
                0x00005018                __divsf3
 .text.avr-libc.fplib
                0x0000501c       0xcc c:/program files (x86)/atmel/studio/7.0/toolchain/avr8/avr8-gnu-toolchain/bin/../lib/gcc/avr/4.9.2/../../../../avr/lib/avr6\libm.a(divsf3x.o)
                0x00005032                __divsf3x
                0x00005036                __divsf3_pse
 .text.avr-libc.fplib
                0x000050e8       0x58 c:/program files (x86)/atmel/studio/7.0/toolchain/avr8/avr8-gnu-toolchain/bin/../lib/gcc/avr/4.9.2/../../../../avr/lib/avr6\libm.a(fixunssfsi.o)
                0x000050e8                __fixunssfsi
 .text.avr-libc.fplib
                0x00005140       0x7a c:/program files (x86)/atmel/studio/7.0/toolchain/avr8/avr8-gnu-toolchain/bin/../lib/gcc/avr/4.9.2/../../../../avr/lib/avr6\libm.a(floatsisf.o)
                0x00005140                __floatunsisf
                0x00005144                __floatsisf
 .text.avr-libc.fplib
                0x000051ba        0xc c:/program files (x86)/atmel/studio/7.0/toolchain/avr8/avr8-gnu-toolchain/bin/../lib/gcc/avr/4.9.2/../../../../avr/lib/avr6\libm.a(fp_inf.o)
                0x000051ba                __fp_inf
 .text.avr-libc.fplib
                0x000051c6        0x6 c:/program files (x86)/atmel/studio/7.0/toolchain/avr8/avr8-gnu-toolchain/bin/../lib/gcc/avr/4.9.2/../../../../avr/lib/avr6\libm.a(fp_nan.o)
                0x000051c6                __fp_nan
 .text.avr-libc.fplib
                0x000051cc        0xe c:/program files (x86)/atmel/studio/7.0/toolchain/avr8/avr8-gnu-toolchain/bin/../lib/gcc/avr/4.9.2/../../../../avr/lib/avr6\libm.a(fp_pscA.o)
                0x000051cc                __fp_pscA
 .text.avr-libc.fplib
                0x000051da        0xe c:/program files (x86)/atmel/studio/7.0/toolchain/avr8/avr8-gnu-toolchain/bin/../lib/gcc/avr/4.9.2/../../../../avr/lib/avr6\libm.a(fp_pscB.o)
                0x000051da                __fp_pscB
 .text.avr-libc.fplib
                0x000051e8       0x22 c:/program files (x86)/atmel/studio/7.0/toolchain/avr8/avr8-gnu-toolchain/bin/../lib/gcc/avr/4.9.2/../../../../avr/lib/avr6\libm.a(fp_round.o)
                0x000051e8                __fp_round
 .text.avr-libc.fplib
                0x0000520a       0x44 c:/program files (x86)/atmel/studio/7.0/toolchain/avr8/avr8-gnu-toolchain/bin/../lib/gcc/avr/4.9.2/../../../../avr/lib/avr6\libm.a(fp_split3.o)
                0x0000520a                __fp_split3
                0x0000521a                __fp_splitA
 .text.avr-libc.fplib
                0x0000524e        0xe c:/program files (x86)/atmel/studio/7.0/toolchain/avr8/avr8-gnu-toolchain/bin/../lib/gcc/avr/4.9.2/../../../../avr/lib/avr6\libm.a(fp_zero.o)
                0x0000524e                __fp_zero
                0x00005250                __fp_szero
 .text.avr-libc.fplib
                0x0000525c        0x4 c:/program files (x86)/atmel/studio/7.0/toolchain/avr8/avr8-gnu-toolchain/bin/../lib/gcc/avr/4.9.2/../../../../avr/lib/avr6\libm.a(mulsf3.o)
                0x0000525c                __mulsf3
 .text.avr-libc.fplib
                0x00005260       0xc2 c:/program files (x86)/atmel/studio/7.0/toolchain/avr8/avr8-gnu-toolchain/bin/../lib/gcc/avr/4.9.2/../../../../avr/lib/avr6\libm.a(mulsf3x.o)
                0x00005274                __mulsf3x
                0x00005278                __mulsf3_pse
 .text.avr-libc.fplib
                0x00005322       0x98 c:/program files (x86)/atmel/studio/7.0/toolchain/avr8/avr8-gnu-toolchain/bin/../lib/gcc/avr/4.9.2/../../../../avr/lib/avr6\libm.a(pow.o)
                0x00005322                pow
 .text.avr-libc.fplib
                0x000053ba       0x40 c:/program files (x86)/atmel/studio/7.0/toolchain/avr8/avr8-gnu-toolchain/bin/../lib/gcc/avr/4.9.2/../../../../avr/lib/avr6\libm.a(round.o)
                0x000053ba                round
 .text.avr-libc.fplib
                0x000053fa       0x62 c:/program files (x86)/atmel/studio/7.0/toolchain/avr8/avr8-gnu-toolchain/bin/../lib/gcc/avr/4.9.2/../../../../avr/lib/avr6\libm.a(exp.o)
                0x00005404                exp
 .text.avr-libc.fplib
                0x0000545c       0x36 c:/program files (x86)/atmel/studio/7.0/toolchain/avr8/avr8-gnu-toolchain/bin/../lib/gcc/avr/4.9.2/../../../../avr/lib/avr6\libm.a(fp_mintl.o)
                0x0000545c                __fp_mintl
 .text.avr-libc.fplib
                0x00005492       0x1c c:/program files (x86)/atmel/studio/7.0/toolchain/avr8/avr8-gnu-toolchain/bin/../lib/gcc/avr/4.9.2/../../../../avr/lib/avr6\libm.a(fp_mpack.o)
                0x00005492                __fp_mpack
                0x00005496                __fp_mpack_finite
 .text.avr-libc.fplib
                0x000054ae       0x4a c:/program files (x86)/atmel/studio/7.0/toolchain/avr8/avr8-gnu-toolchain/bin/../lib/gcc/avr/4.9.2/../../../../avr/lib/avr6\libm.a(fp_powser.o)
                0x000054ae                __fp_powser
 .text.avr-libc.fplib
                0x000054f8        0xe c:/program files (x86)/atmel/studio/7.0/toolchain/avr8/avr8-gnu-toolchain/bin/../lib/gcc/avr/4.9.2/../../../../avr/lib/avr6\libm.a(inverse.o)
                0x000054f8                inverse
 .text.avr-libc.fplib
                0x00005506       0x6c c:/program files (x86)/atmel/studio/7.0/toolchain/avr8/avr8-gnu-toolchain/bin/../lib/gcc/avr/4.9.2/../../../../avr/lib/avr6\libm.a(ldexp.o)
                0x0000550a                ldexp
 .text.avr-libc.fplib
                0x00005572       0x8a c:/program files (x86)/atmel/studio/7.0/toolchain/avr8/avr8-gnu-toolchain/bin/../lib/gcc/avr/4.9.2/../../../../avr/lib/avr6\libm.a(log.o)
                0x0000557c                log
 .text.avr-libc.fplib
                0x000055fc       0x66 c:/program files (x86)/atmel/studio/7.0/toolchain/avr8/avr8-gnu-toolchain/bin/../lib/gcc/avr/4.9.2/../../../../avr/lib/avr6\libm.a(modf.o)
                0x000055fc                modf
                0x000055fc                modff
 .text.libgcc.div
                0x00005662       0x44 c:/program files (x86)/atmel/studio/7.0/toolchain/avr8/avr8-gnu-toolchain/bin/../lib/gcc/avr/4.9.2/avr6\libgcc.a(_udivmodsi4.o)
                0x00005662                __udivmodsi4
 .text.avr-libc
                0x000056a6       0x12 c:/program files (x86)/atmel/studio/7.0/toolchain/avr8/avr8-gnu-toolchain/bin/../lib/gcc/avr/4.9.2/../../../../avr/lib/avr6\libc.a(memcpy.o)
                0x000056a6                memcpy
 .text.avr-libc
                0x000056b8        0xe c:/program files (x86)/atmel/studio/7.0/toolchain/avr8/avr8-gnu-toolchain/bin/../lib/gcc/avr/4.9.2/../../../../avr/lib/avr6\libc.a(memset.o)
                0x000056b8                memset
                0x000056c6                . = ALIGN (0x2)
 *(.fini9)
 .fini9         0x000056c6        0x0 c:/program files (x86)/atmel/studio/7.0/toolchain/avr8/avr8-gnu-toolchain/bin/../lib/gcc/avr/4.9.2/avr6\libgcc.a(_exit.o)
                0x000056c6                _exit
                0x000056c6                exit
 *(.fini9)
 *(.fini8)
 *(.fini8)
 *(.fini7)
 *(.fini7)
 *(.fini6)
 *(.fini6)
 *(.fini5)
 *(.fini5)
 *(.fini4)
 *(.fini4)
 *(.fini3)
 *(.fini3)
 *(.fini2)
 *(.fini2)
 *(.fini1)
 *(.fini1)
 *(.fini0)
 .fini0         0x000056c6        0x4 c:/program files (x86)/atmel/studio/7.0/toolchain/avr8/avr8-gnu-toolchain/bin/../lib/gcc/avr/4.9.2/avr6\libgcc.a(_exit.o)
 *(.fini0)
                0x000056ca                _etext = .

.data           0x00800200      0x298 load address 0x000056ca
                0x00800200                PROVIDE (__data_start, .)
 *(.data)
 *(.data*)
 .data.ignitiontype
                0x00800200        0x2 GLOBAL.o
                0x00800200                ignitiontype
 *(.rodata)
 *(.rodata*)
 .rodata.str1.1
                0x00800202       0x1d application/Temp_monitor.o
 .rodata.str1.1
                0x0080021f       0x32 ECUAL/Modbus/Modbus_master.o
 .rodata.str1.1
                0x00800251       0x97 error_callbacks.o
 .rodata.str1.1
                0x008002e8       0x52 main.o
 .rodata.str1.1
                0x0080033a        0x5 rtos/tasks.o
 .rodata.str1.1
                0x0080033f        0x8 rtos/timers.o
 .rodata.str1.1
                0x00800347        0xe Services/Ignition_operation.o
 .rodata.str1.1
                0x00800355        0xe Services/LCD_Tasks.o
 .rodata.str1.1
                0x00800363      0x134 Services/tank_operation.o
 *(.gnu.linkonce.d*)
                0x00800498                . = ALIGN (0x2)
 *fill*         0x00800497        0x1 
                0x00800498                _edata = .
                0x00800498                PROVIDE (__data_end, .)

.bss            0x00800498     0x167d
                0x00800498                PROVIDE (__bss_start, .)
 *(.bss)
 *(.bss*)
 .bss.jumped.2436
                0x00800498        0x1 application/errors.o
 .bss.g_Positive_offset
                0x00800499        0x2 application/Temp_monitor.o
                0x00800499                g_Positive_offset
 .bss.g_negative_offset
                0x0080049b        0x2 application/Temp_monitor.o
                0x0080049b                g_negative_offset
 .bss.g_iginited
                0x0080049d        0x1 application/Temp_monitor.o
                0x0080049d                g_iginited
 .bss.g_heat_state
                0x0080049e        0x1 application/Temp_monitor.o
                0x0080049e                g_heat_state
 .bss.s_inv_mod_confg
                0x0080049f        0xc ECUAL/Inverter.o
 .bss.g_LCD_modbus_config
                0x008004ab        0xc ECUAL/LCD.o
 .bss.UART3_used.1879
                0x008004b7        0x1 ECUAL/Modbus/Modbus_master.o
 .bss.UART2_used.1878
                0x008004b8        0x1 ECUAL/Modbus/Modbus_master.o
 .bss.UART1_used.1877
                0x008004b9        0x1 ECUAL/Modbus/Modbus_master.o
 .bss.g_mod1_Serial_flush
                0x008004ba        0x2 ECUAL/Modbus/Modbus_master.o
 .bss.g_mod1_Serial_available
                0x008004bc        0x2 ECUAL/Modbus/Modbus_master.o
 .bss.g_mod1_Serial_puts_p
                0x008004be        0x2 ECUAL/Modbus/Modbus_master.o
 .bss.g_mod1_Serial_puts
                0x008004c0        0x2 ECUAL/Modbus/Modbus_master.o
 .bss.g_mod1_Serial_peek
                0x008004c2        0x2 ECUAL/Modbus/Modbus_master.o
 .bss.g_mod1_Serial_getc
                0x008004c4        0x2 ECUAL/Modbus/Modbus_master.o
 .bss.g_mod1_Serial_putc
                0x008004c6        0x2 ECUAL/Modbus/Modbus_master.o
 .bss.g_mod1_post_transmission
                0x008004c8        0x2 ECUAL/Modbus/Modbus_master.o
 .bss.g_mod1_pre_transmission
                0x008004ca        0x2 ECUAL/Modbus/Modbus_master.o
 .bss.g_mod1_idle
                0x008004cc        0x2 ECUAL/Modbus/Modbus_master.o
 .bss.g_mod1_response_buffer_length
                0x008004ce        0x1 ECUAL/Modbus/Modbus_master.o
 .bss.g_mod1_response_buffer_index
                0x008004cf        0x1 ECUAL/Modbus/Modbus_master.o
 .bss.g_mod1_transmit_buffer_length
                0x008004d0        0x2 ECUAL/Modbus/Modbus_master.o
 .bss.g_mod1_transmit_buffer_index
                0x008004d2        0x1 ECUAL/Modbus/Modbus_master.o
 .bss.g_mod1_transmit_buffer
                0x008004d3       0x80 ECUAL/Modbus/Modbus_master.o
 .bss.g_mod1_write_qty
                0x00800553        0x2 ECUAL/Modbus/Modbus_master.o
 .bss.g_mod1_write_address
                0x00800555        0x2 ECUAL/Modbus/Modbus_master.o
 .bss.g_mod1_response_buffer
                0x00800557       0x80 ECUAL/Modbus/Modbus_master.o
 .bss.g_mod1_read_qty
                0x008005d7        0x2 ECUAL/Modbus/Modbus_master.o
 .bss.g_mod1_read_address
                0x008005d9        0x2 ECUAL/Modbus/Modbus_master.o
 .bss.g_mod1_baud_rate
                0x008005db        0x4 ECUAL/Modbus/Modbus_master.o
 .bss.g_mod1_uart_no
                0x008005df        0x1 ECUAL/Modbus/Modbus_master.o
 .bss.g_mod1_slave
                0x008005e0        0x1 ECUAL/Modbus/Modbus_master.o
 .bss.g_mod0_Serial_puts_p
                0x008005e1        0x2 ECUAL/Modbus/Modbus_master.o
 .bss.g_mod0_Serial_puts
                0x008005e3        0x2 ECUAL/Modbus/Modbus_master.o
 .bss.g_mod0_Serial_available
                0x008005e5        0x2 ECUAL/Modbus/Modbus_master.o
 .bss.g_mod0_Serial_peek
                0x008005e7        0x2 ECUAL/Modbus/Modbus_master.o
 .bss.g_mod0_Serial_flush
                0x008005e9        0x2 ECUAL/Modbus/Modbus_master.o
 .bss.g_mod0_Serial_getc
                0x008005eb        0x2 ECUAL/Modbus/Modbus_master.o
 .bss.g_mod0_Serial_putc
                0x008005ed        0x2 ECUAL/Modbus/Modbus_master.o
 .bss.g_mod0_post_transmission
                0x008005ef        0x2 ECUAL/Modbus/Modbus_master.o
 .bss.g_mod0_pre_transmission
                0x008005f1        0x2 ECUAL/Modbus/Modbus_master.o
 .bss.g_mod0_idle
                0x008005f3        0x2 ECUAL/Modbus/Modbus_master.o
 .bss.g_mod0_response_buffer_length
                0x008005f5        0x1 ECUAL/Modbus/Modbus_master.o
 .bss.g_mod0_response_buffer_index
                0x008005f6        0x1 ECUAL/Modbus/Modbus_master.o
 .bss.g_mod0_transmit_buffer_length
                0x008005f7        0x2 ECUAL/Modbus/Modbus_master.o
 .bss.g_mod0_transmit_buffer_index
                0x008005f9        0x1 ECUAL/Modbus/Modbus_master.o
 .bss.g_mod0_transmit_buffer
                0x008005fa       0x80 ECUAL/Modbus/Modbus_master.o
 .bss.g_mod0_write_qty
                0x0080067a        0x2 ECUAL/Modbus/Modbus_master.o
 .bss.g_mod0_write_address
                0x0080067c        0x2 ECUAL/Modbus/Modbus_master.o
 .bss.g_mod0_response_buffer
                0x0080067e       0x80 ECUAL/Modbus/Modbus_master.o
 .bss.g_mod0_read_qty
                0x008006fe        0x2 ECUAL/Modbus/Modbus_master.o
 .bss.g_mod0_read_address
                0x00800700        0x2 ECUAL/Modbus/Modbus_master.o
 .bss.g_mod0_baud_rate
                0x00800702        0x4 ECUAL/Modbus/Modbus_master.o
 .bss.g_mod0_uart_no
                0x00800706        0x1 ECUAL/Modbus/Modbus_master.o
 .bss.g_mod0_slave
                0x00800707        0x1 ECUAL/Modbus/Modbus_master.o
 .bss.xHandle5  0x00800708        0x2 main.o
                0x00800708                xHandle5
 .bss.xHandle4  0x0080070a        0x2 main.o
                0x0080070a                xHandle4
 .bss.xHandle3  0x0080070c        0x2 main.o
                0x0080070c                xHandle3
 .bss.xHandle2  0x0080070e        0x2 main.o
                0x0080070e                xHandle2
 .bss.xHandle1  0x00800710        0x2 main.o
                0x00800710                xHandle1
 .bss.returned_data.1707
                0x00800712        0x2 MCAL/ADC.o
 .bss.g_converted
                0x00800714        0x1 MCAL/ADC.o
                0x00800714                g_converted
 .bss.g_analog_data
                0x00800715        0x2 MCAL/ADC.o
                0x00800715                g_analog_data
 .bss.s_Timer5_old_time.1673
                0x00800717        0x4 MCAL/Timer.o
 .bss.s_Timer5_new_time.1674
                0x0080071b        0x4 MCAL/Timer.o
 .bss.s_Timer4_old_time.1665
                0x0080071f        0x4 MCAL/Timer.o
 .bss.s_Timer4_new_time.1666
                0x00800723        0x4 MCAL/Timer.o
 .bss.s_Timer3_old_time.1657
                0x00800727        0x4 MCAL/Timer.o
 .bss.s_Timer3_new_time.1658
                0x0080072b        0x4 MCAL/Timer.o
 .bss.s_Timer1_old_time.1649
                0x0080072f        0x4 MCAL/Timer.o
 .bss.s_Timer1_new_time.1650
                0x00800733        0x4 MCAL/Timer.o
 .bss.UART3_Transmission_end
                0x00800737        0x1 MCAL/UART.o
 .bss.UART2_Transmission_end
                0x00800738        0x1 MCAL/UART.o
 .bss.UART1_Transmission_end
                0x00800739        0x1 MCAL/UART.o
 .bss.UART0_Transmission_end
                0x0080073a        0x1 MCAL/UART.o
 .bss.UART3_LastRxError
                0x0080073b        0x1 MCAL/UART.o
 .bss.UART3_RxTail
                0x0080073c        0x1 MCAL/UART.o
 .bss.UART3_RxHead
                0x0080073d        0x1 MCAL/UART.o
 .bss.UART3_TxTail
                0x0080073e        0x1 MCAL/UART.o
 .bss.UART3_TxHead
                0x0080073f        0x1 MCAL/UART.o
 .bss.UART3_RxBuf
                0x00800740       0x80 MCAL/UART.o
 .bss.UART3_TxBuf
                0x008007c0       0x80 MCAL/UART.o
 .bss.UART2_LastRxError
                0x00800840        0x1 MCAL/UART.o
 .bss.UART2_RxTail
                0x00800841        0x1 MCAL/UART.o
 .bss.UART2_RxHead
                0x00800842        0x1 MCAL/UART.o
 .bss.UART2_TxTail
                0x00800843        0x1 MCAL/UART.o
 .bss.UART2_TxHead
                0x00800844        0x1 MCAL/UART.o
 .bss.UART2_RxBuf
                0x00800845       0x80 MCAL/UART.o
 .bss.UART2_TxBuf
                0x008008c5       0x80 MCAL/UART.o
 .bss.UART1_LastRxError
                0x00800945        0x1 MCAL/UART.o
 .bss.UART1_RxTail
                0x00800946        0x1 MCAL/UART.o
 .bss.UART1_RxHead
                0x00800947        0x1 MCAL/UART.o
 .bss.UART1_TxTail
                0x00800948        0x1 MCAL/UART.o
 .bss.UART1_TxHead
                0x00800949        0x1 MCAL/UART.o
 .bss.UART1_RxBuf
                0x0080094a       0x80 MCAL/UART.o
 .bss.UART1_TxBuf
                0x008009ca       0x80 MCAL/UART.o
 .bss.UART_LastRxError
                0x00800a4a        0x1 MCAL/UART.o
 .bss.UART_RxTail
                0x00800a4b        0x1 MCAL/UART.o
 .bss.UART_RxHead
                0x00800a4c        0x1 MCAL/UART.o
 .bss.UART_TxTail
                0x00800a4d        0x1 MCAL/UART.o
 .bss.UART_TxHead
                0x00800a4e        0x1 MCAL/UART.o
 .bss.UART_RxBuf
                0x00800a4f       0x80 MCAL/UART.o
 .bss.UART_TxBuf
                0x00800acf       0x80 MCAL/UART.o
 .bss.Drum_speed
                0x00800b4f        0x2 RTE/RTE_drum.o
 .bss.Time_second
                0x00800b51        0x2 RTE/RTE_invertersetting.o
 .bss.Sema_Time_second_Buffer
                0x00800b53       0x1f RTE/RTE_invertersetting.o
 .bss.Sema_Time_second_handle
                0x00800b72        0x2 RTE/RTE_invertersetting.o
 .bss.Time_minute
                0x00800b74        0x2 RTE/RTE_invertersetting.o
 .bss.Sema_Time_minute_Buffer
                0x00800b76       0x1f RTE/RTE_invertersetting.o
 .bss.Sema_Time_minute_handle
                0x00800b95        0x2 RTE/RTE_invertersetting.o
 .bss.Driver_diameter
                0x00800b97        0x2 RTE/RTE_invertersetting.o
 .bss.Sema_Driver_diameter_Buffer
                0x00800b99       0x1f RTE/RTE_invertersetting.o
 .bss.Sema_Driver_diameter_handle
                0x00800bb8        0x2 RTE/RTE_invertersetting.o
 .bss.Conveyor_length
                0x00800bba        0x2 RTE/RTE_invertersetting.o
 .bss.Sema_Conveyor_length_Buffer
                0x00800bbc       0x1f RTE/RTE_invertersetting.o
 .bss.Sema_Conveyor_length_handle
                0x00800bdb        0x2 RTE/RTE_invertersetting.o
 .bss.RPM_max   0x00800bdd        0x2 RTE/RTE_invertersetting.o
 .bss.Sema_RPM_max_Buffer
                0x00800bdf       0x1f RTE/RTE_invertersetting.o
 .bss.Sema_RPM_max_handle
                0x00800bfe        0x2 RTE/RTE_invertersetting.o
 .bss.Gear_ratio
                0x00800c00        0x2 RTE/RTE_invertersetting.o
 .bss.Sema_Gear_ratio_Buffer
                0x00800c02       0x1f RTE/RTE_invertersetting.o
 .bss.Sema_Gear_ratio_handle
                0x00800c21        0x2 RTE/RTE_invertersetting.o
 .bss.Sema_blancher_level_Buffer
                0x00800c23       0x1f RTE/RTE_levels.o
 .bss.Sema_blancher_level_handle
                0x00800c42        0x2 RTE/RTE_levels.o
 .bss.Sema_tank_level_Buffer
                0x00800c44       0x1f RTE/RTE_levels.o
 .bss.Sema_tank_level_handle
                0x00800c63        0x2 RTE/RTE_levels.o
 .bss.Tank_Calibration_Operation
                0x00800c65        0x2 RTE/RTE_operations.o
 .bss.Sema_Tank_Calibration_Operation_Buffer
                0x00800c67       0x1f RTE/RTE_operations.o
 .bss.Sema_Tank_Calibration_Operation_handle
                0x00800c86        0x2 RTE/RTE_operations.o
 .bss.Wash_Operation
                0x00800c88        0x2 RTE/RTE_operations.o
 .bss.Sema_Wash_Operation_Buffer
                0x00800c8a       0x1f RTE/RTE_operations.o
 .bss.Sema_Wash_Operation_handle
                0x00800ca9        0x2 RTE/RTE_operations.o
 .bss.Start_blancher_Operation
                0x00800cab        0x2 RTE/RTE_operations.o
 .bss.Sema_Start_blancher_Operation_Buffer
                0x00800cad       0x1f RTE/RTE_operations.o
 .bss.Sema_Start_blancher_Operation_handle
                0x00800ccc        0x2 RTE/RTE_operations.o
 .bss.System_on
                0x00800cce        0x2 RTE/RTE_operations.o
 .bss.Sema_System_on_Buffer
                0x00800cd0       0x1f RTE/RTE_operations.o
 .bss.Sema_System_on_handle
                0x00800cef        0x2 RTE/RTE_operations.o
 .bss.Current_temperature
                0x00800cf1        0x2 RTE/RTE_temperature.o
 .bss.APP_current_temp
                0x00800cf3        0x2 RTE/RTE_temperature.o
 .bss.Sema_APP_current_temp_Buffer
                0x00800cf5       0x1f RTE/RTE_temperature.o
 .bss.Sema_APP_current_temp_handle
                0x00800d14        0x2 RTE/RTE_temperature.o
 .bss.Negative_offset_temp
                0x00800d16        0x2 RTE/RTE_temperature.o
 .bss.Sema_Negative_offset_temp_Buffer
                0x00800d18       0x1f RTE/RTE_temperature.o
 .bss.Sema_Negative_offset_temp_handle
                0x00800d37        0x2 RTE/RTE_temperature.o
 .bss.Positive_offset_temp
                0x00800d39        0x2 RTE/RTE_temperature.o
 .bss.Sema_Positive_offset_temp_Buffer
                0x00800d3b       0x1f RTE/RTE_temperature.o
 .bss.Sema_Positive_offset_temp_handle
                0x00800d5a        0x2 RTE/RTE_temperature.o
 .bss.Threshold_sleep_temp
                0x00800d5c        0x2 RTE/RTE_temperature.o
 .bss.Sema_threshold_sleep_temp_Buffer
                0x00800d5e       0x1f RTE/RTE_temperature.o
 .bss.Sema_threshold_sleep_temp_handle
                0x00800d7d        0x2 RTE/RTE_temperature.o
 .bss.Threshold_set_temp
                0x00800d7f        0x2 RTE/RTE_temperature.o
 .bss.Sema_threshold_set_temp_Buffer
                0x00800d81       0x1f RTE/RTE_temperature.o
 .bss.Sema_threshold_set_temp_handle
                0x00800da0        0x2 RTE/RTE_temperature.o
 .bss.Set_temp  0x00800da2        0x2 RTE/RTE_temperature.o
 .bss.Sema_Set_temp_Buffer
                0x00800da4       0x1f RTE/RTE_temperature.o
 .bss.Sema_Set_temp_handle
                0x00800dc3        0x2 RTE/RTE_temperature.o
 .bss.Sleep_temp
                0x00800dc5        0x2 RTE/RTE_temperature.o
 .bss.Sema_Sleep_temp_Buffer
                0x00800dc7       0x1f RTE/RTE_temperature.o
 .bss.Sema_Sleep_temp_handle
                0x00800de6        0x2 RTE/RTE_temperature.o
 .bss.uxTimerTaskStack.2111
                0x00800de8       0x55 rtos/hooks.o
 .bss.xTimerTaskTCB.2110
                0x00800e3d       0x2a rtos/hooks.o
 .bss.uxIdleTaskStack.2100
                0x00800e67       0x55 rtos/hooks.o
 .bss.xIdleTaskTCB.2099
                0x00800ebc       0x2a rtos/hooks.o
 .bss.xDelayedTaskList2.2408
                0x00800ee6        0x9 rtos/tasks.o
 .bss.xDelayedTaskList1.2407
                0x00800eef        0x9 rtos/tasks.o
 .bss.uxSchedulerSuspended
                0x00800ef8        0x1 rtos/tasks.o
 .bss.xIdleTaskHandle
                0x00800ef9        0x2 rtos/tasks.o
 .bss.xNextTaskUnblockTime
                0x00800efb        0x2 rtos/tasks.o
 .bss.uxTaskNumber
                0x00800efd        0x1 rtos/tasks.o
 .bss.xNumOfOverflows
                0x00800efe        0x1 rtos/tasks.o
 .bss.xYieldPending
                0x00800eff        0x1 rtos/tasks.o
 .bss.uxPendedTicks
                0x00800f00        0x1 rtos/tasks.o
 .bss.xSchedulerRunning
                0x00800f01        0x1 rtos/tasks.o
 .bss.uxTopReadyPriority
                0x00800f02        0x1 rtos/tasks.o
 .bss.xTickCount
                0x00800f03        0x2 rtos/tasks.o
 .bss.uxCurrentNumberOfTasks
                0x00800f05        0x1 rtos/tasks.o
 .bss.uxDeletedTasksWaitingCleanUp
                0x00800f06        0x1 rtos/tasks.o
 .bss.xTasksWaitingTermination
                0x00800f07        0x9 rtos/tasks.o
 .bss.xPendingReadyList
                0x00800f10        0x9 rtos/tasks.o
 .bss.pxOverflowDelayedTaskList
                0x00800f19        0x2 rtos/tasks.o
 .bss.pxDelayedTaskList
                0x00800f1b        0x2 rtos/tasks.o
 .bss.pxReadyTasksLists
                0x00800f1d       0x24 rtos/tasks.o
 .bss.pxCurrentTCB
                0x00800f41        0x2 rtos/tasks.o
                0x00800f41                pxCurrentTCB
 .bss.xStaticTimerQueue.2325
                0x00800f43       0x1f rtos/timers.o
 .bss.ucStaticTimerQueueStorage.2326
                0x00800f62       0x32 rtos/timers.o
 .bss.xActiveTimerList2.2324
                0x00800f94        0x9 rtos/timers.o
 .bss.xActiveTimerList1.2323
                0x00800f9d        0x9 rtos/timers.o
 .bss.xLastTime.2278
                0x00800fa6        0x2 rtos/timers.o
 .bss.xTimerTaskHandle
                0x00800fa8        0x2 rtos/timers.o
 .bss.xTimerQueue
                0x00800faa        0x2 rtos/timers.o
 .bss.pxOverflowTimerList
                0x00800fac        0x2 rtos/timers.o
 .bss.pxCurrentTimerList
                0x00800fae        0x2 rtos/timers.o
 .bss.LCD_mutex_Buffer
                0x00800fb0       0x1f RTOS_sync.o
 .bss.write_err_counter.2505
                0x00800fcf        0x1 Services/LCD_Tasks.o
 .bss.read_err_counter.2504
                0x00800fd0        0x1 Services/LCD_Tasks.o
 .bss.g_callback_write_timeout
                0x00800fd1        0x2 Services/LCD_Tasks.o
                0x00800fd1                g_callback_write_timeout
 .bss.g_callback_read_timeout
                0x00800fd3        0x2 Services/LCD_Tasks.o
                0x00800fd3                g_callback_read_timeout
 .bss.g_callback_level_sensor_fail
                0x00800fd5        0x2 Services/Level_Task.o
                0x00800fd5                g_callback_level_sensor_fail
 .bss.g_out_liters
                0x00800fd7        0x2 Services/tank_operation.o
 .bss.g_feed_liters
                0x00800fd9        0x2 Services/tank_operation.o
 .bss.g_out_liters_counter
                0x00800fdb        0x2 Services/tank_operation.o
 .bss.g_feeding_liters_counter
                0x00800fdd        0x2 Services/tank_operation.o
 .bss.over_temp_callback
                0x00800fdf        0x2 Services/TEMP_Task.o
                0x00800fdf                over_temp_callback
 *(COMMON)
 COMMON         0x00800fe1        0x1 application/errors.o
                0x00800fe1                g_error_number
 COMMON         0x00800fe2        0x4 ECUAL/Drum.o
                0x00800fe2                g_drum_time
 COMMON         0x00800fe6        0x5 ECUAL/Encoder/Encoder.o
                0x00800fe6                Encoder_1_confg
 COMMON         0x00800feb        0xe ECUAL/Flow_rate.o
                0x00800feb                feeding_operation_callback
                0x00800fed                out_operation_callback
                0x00800fef                outing_configeration
                0x00800ff4                feeding_configeration
 COMMON         0x00800ff9      0xaa8 main.o
                0x00800ff9                xTask4Buffer
                0x00801023                xTask1Buffer
                0x0080104d                xTask2Buffer
                0x00801077                debug_send_lcd
                0x00801082                xStack4
                0x00801276                xStack1
                0x0080146a                xTask3Buffer
                0x00801494                xStack5
                0x00801688                xStack2
                0x0080187c                debug_rece_lcd
                0x00801883                xStack3
                0x00801a77                xTask5Buffer
 COMMON         0x00801aa1        0x8 MCAL/Timer.o
                0x00801aa1                g_timer3_config
                0x00801aa3                g_timer4_config
                0x00801aa5                g_timer1_config
                0x00801aa7                g_timer5_config
 COMMON         0x00801aa9        0x2 RTOS_sync.o
                0x00801aa9                LCD_mutex_handle
 COMMON         0x00801aab       0x24 Services/LCD_Tasks.o
                0x00801aab                s_Lcd_data_write
                0x00801aaf                s_Lcd_data_read
 COMMON         0x00801acf       0x42 Services/tank_operation.o
                0x00801acf                outing_Semaphore
                0x00801ad1                outing_SemaphoreBuffer
                0x00801af0                feeding_SemaphoreBuffer
                0x00801b0f                Feeding_Semaphore
 COMMON         0x00801b11        0x4 utils/Millis.o
                0x00801b11                timer1_millis
                0x00801b15                PROVIDE (__bss_end, .)
                0x000056ca                __data_load_start = LOADADDR (.data)
                0x00005962                __data_load_end = (__data_load_start + SIZEOF (.data))

.noinit         0x00801b15        0x0
                [!provide]                PROVIDE (__noinit_start, .)
 *(.noinit*)
                [!provide]                PROVIDE (__noinit_end, .)
                0x00801b15                _end = .
                [!provide]                PROVIDE (__heap_start, .)

.eeprom         0x00810000        0x0
 *(.eeprom*)
                0x00810000                __eeprom_end = .

.fuse
 *(.fuse)
 *(.lfuse)
 *(.hfuse)
 *(.efuse)

.lock
 *(.lock*)

.signature
 *(.signature*)

.user_signatures
 *(.user_signatures*)

.stab
 *(.stab)

.stabstr
 *(.stabstr)

.stab.excl
 *(.stab.excl)

.stab.exclstr
 *(.stab.exclstr)

.stab.index
 *(.stab.index)

.stab.indexstr
 *(.stab.indexstr)

.comment        0x00000000       0x30
 *(.comment)
 .comment       0x00000000       0x30 application/errors.o
                                 0x31 (size before relaxing)
 .comment       0x00000030       0x31 application/Temp_monitor.o
 .comment       0x00000030       0x31 ECUAL/Drum.o
 .comment       0x00000030       0x31 ECUAL/Encoder/Encoder.o
 .comment       0x00000030       0x31 ECUAL/Flow_rate.o
 .comment       0x00000030       0x31 ECUAL/Inverter.o
 .comment       0x00000030       0x31 ECUAL/LCD.o
 .comment       0x00000030       0x31 ECUAL/Modbus/Modbus_master.o
 .comment       0x00000030       0x31 ECUAL/Temperature.o
 .comment       0x00000030       0x31 error_callbacks.o
 .comment       0x00000030       0x31 GLOBAL.o
 .comment       0x00000030       0x31 main.o
 .comment       0x00000030       0x31 MCAL/ADC.o
 .comment       0x00000030       0x31 MCAL/DIO.o
 .comment       0x00000030       0x31 MCAL/Timer.o
 .comment       0x00000030       0x31 MCAL/UART.o
 .comment       0x00000030       0x31 RTE/RTE_drum.o
 .comment       0x00000030       0x31 RTE/RTE_invertersetting.o
 .comment       0x00000030       0x31 RTE/RTE_levels.o
 .comment       0x00000030       0x31 RTE/RTE_main.o
 .comment       0x00000030       0x31 RTE/RTE_operations.o
 .comment       0x00000030       0x31 RTE/RTE_temperature.o
 .comment       0x00000030       0x31 rtos/hooks.o
 .comment       0x00000030       0x31 rtos/list.o
 .comment       0x00000030       0x31 rtos/port.o
 .comment       0x00000030       0x31 rtos/queue.o
 .comment       0x00000030       0x31 rtos/tasks.o
 .comment       0x00000030       0x31 rtos/timers.o
 .comment       0x00000030       0x31 RTOS_sync.o
 .comment       0x00000030       0x31 Services/Drum_speed_Tasks.o
 .comment       0x00000030       0x31 Services/Ignition_operation.o
 .comment       0x00000030       0x31 Services/LCD_Tasks.o
 .comment       0x00000030       0x31 Services/Level_Task.o
 .comment       0x00000030       0x31 Services/tank_operation.o
 .comment       0x00000030       0x31 Services/TEMP_Task.o
 .comment       0x00000030       0x31 System.o
 .comment       0x00000030       0x31 utils/CRC16.o
 .comment       0x00000030       0x31 utils/Millis.o

.note.gnu.avr.deviceinfo
                0x00000000       0x40
 .note.gnu.avr.deviceinfo
                0x00000000       0x40 C:/Program Files (x86)/Atmel/Studio/7.0/Packs/atmel/ATmega_DFP/1.1.130/gcc/dev/atmega2560/avr6/crtatmega2560.o

.note.gnu.build-id
 *(.note.gnu.build-id)

.debug
 *(.debug)

.line
 *(.line)

.debug_srcinfo
 *(.debug_srcinfo)

.debug_sfnames
 *(.debug_sfnames)

.debug_aranges  0x00000000      0xd70
 *(.debug_aranges)
 .debug_aranges
                0x00000000       0x20 application/errors.o
 .debug_aranges
                0x00000020       0x28 application/Temp_monitor.o
 .debug_aranges
                0x00000048       0x30 ECUAL/Drum.o
 .debug_aranges
                0x00000078       0x20 ECUAL/Encoder/Encoder.o
 .debug_aranges
                0x00000098       0x30 ECUAL/Flow_rate.o
 .debug_aranges
                0x000000c8       0x48 ECUAL/Inverter.o
 .debug_aranges
                0x00000110       0x68 ECUAL/LCD.o
 .debug_aranges
                0x00000178       0xd8 ECUAL/Modbus/Modbus_master.o
 .debug_aranges
                0x00000250       0x28 ECUAL/Temperature.o
 .debug_aranges
                0x00000278       0x40 error_callbacks.o
 .debug_aranges
                0x000002b8       0x18 GLOBAL.o
 .debug_aranges
                0x000002d0       0x48 main.o
 .debug_aranges
                0x00000318       0x38 MCAL/ADC.o
 .debug_aranges
                0x00000350       0xd8 MCAL/DIO.o
 .debug_aranges
                0x00000428       0x40 MCAL/Timer.o
 .debug_aranges
                0x00000468      0x180 MCAL/UART.o
 .debug_aranges
                0x000005e8       0x30 RTE/RTE_drum.o
 .debug_aranges
                0x00000618       0x80 RTE/RTE_invertersetting.o
 .debug_aranges
                0x00000698       0x40 RTE/RTE_levels.o
 .debug_aranges
                0x000006d8       0x20 RTE/RTE_main.o
 .debug_aranges
                0x000006f8       0x60 RTE/RTE_operations.o
 .debug_aranges
                0x00000758       0xa0 RTE/RTE_temperature.o
 .debug_aranges
                0x000007f8       0x38 rtos/hooks.o
 .debug_aranges
                0x00000830       0x40 rtos/list.o
 .debug_aranges
                0x00000870       0x48 rtos/port.o
 .debug_aranges
                0x000008b8       0xe0 rtos/queue.o
 .debug_aranges
                0x00000998      0x188 rtos/tasks.o
 .debug_aranges
                0x00000b20       0x88 rtos/timers.o
 .debug_aranges
                0x00000ba8       0x20 RTOS_sync.o
 .debug_aranges
                0x00000bc8       0x28 Services/Drum_speed_Tasks.o
 .debug_aranges
                0x00000bf0       0x48 Services/Ignition_operation.o
 .debug_aranges
                0x00000c38       0x38 Services/LCD_Tasks.o
 .debug_aranges
                0x00000c70       0x28 Services/Level_Task.o
 .debug_aranges
                0x00000c98       0x40 Services/tank_operation.o
 .debug_aranges
                0x00000cd8       0x28 Services/TEMP_Task.o
 .debug_aranges
                0x00000d00       0x20 System.o
 .debug_aranges
                0x00000d20       0x20 utils/CRC16.o
 .debug_aranges
                0x00000d40       0x30 utils/Millis.o

.debug_pubnames
 *(.debug_pubnames)

.debug_info     0x00000000     0xfb61
 *(.debug_info .gnu.linkonce.wi.*)
 .debug_info    0x00000000      0xbbc C:/Program Files (x86)/Atmel/Studio/7.0/Packs/atmel/ATmega_DFP/1.1.130/gcc/dev/atmega2560/avr6/crtatmega2560.o
 .debug_info    0x00000bbc      0x34e application/errors.o
 .debug_info    0x00000f0a      0x3f9 application/Temp_monitor.o
 .debug_info    0x00001303      0x23e ECUAL/Drum.o
 .debug_info    0x00001541      0x172 ECUAL/Encoder/Encoder.o
 .debug_info    0x000016b3      0x204 ECUAL/Flow_rate.o
 .debug_info    0x000018b7      0x442 ECUAL/Inverter.o
 .debug_info    0x00001cf9      0x686 ECUAL/LCD.o
 .debug_info    0x0000237f     0x10ec ECUAL/Modbus/Modbus_master.o
 .debug_info    0x0000346b      0x26c ECUAL/Temperature.o
 .debug_info    0x000036d7      0x22b error_callbacks.o
 .debug_info    0x00003902      0x119 GLOBAL.o
 .debug_info    0x00003a1b      0x96d main.o
 .debug_info    0x00004388      0x15e MCAL/ADC.o
 .debug_info    0x000044e6      0x3e2 MCAL/DIO.o
 .debug_info    0x000048c8      0x2c1 MCAL/Timer.o
 .debug_info    0x00004b89     0x144a MCAL/UART.o
 .debug_info    0x00005fd3       0xed RTE/RTE_drum.o
 .debug_info    0x000060c0      0x858 RTE/RTE_invertersetting.o
 .debug_info    0x00006918      0x4af RTE/RTE_levels.o
 .debug_info    0x00006dc7       0xe0 RTE/RTE_main.o
 .debug_info    0x00006ea7      0x684 RTE/RTE_operations.o
 .debug_info    0x0000752b      0x99a RTE/RTE_temperature.o
 .debug_info    0x00007ec5      0x403 rtos/hooks.o
 .debug_info    0x000082c8      0x2e3 rtos/list.o
 .debug_info    0x000085ab      0x283 rtos/port.o
 .debug_info    0x0000882e     0x1b2d rtos/queue.o
 .debug_info    0x0000a35b     0x2015 rtos/tasks.o
 .debug_info    0x0000c370     0x149c rtos/timers.o
 .debug_info    0x0000d80c      0x342 RTOS_sync.o
 .debug_info    0x0000db4e      0x141 Services/Drum_speed_Tasks.o
 .debug_info    0x0000dc8f      0x470 Services/Ignition_operation.o
 .debug_info    0x0000e0ff      0x9f5 Services/LCD_Tasks.o
 .debug_info    0x0000eaf4      0x27e Services/Level_Task.o
 .debug_info    0x0000ed72      0x767 Services/tank_operation.o
 .debug_info    0x0000f4d9      0x1da Services/TEMP_Task.o
 .debug_info    0x0000f6b3      0x284 System.o
 .debug_info    0x0000f937       0xbe utils/CRC16.o
 .debug_info    0x0000f9f5      0x16c utils/Millis.o

.debug_abbrev   0x00000000     0x4459
 *(.debug_abbrev)
 .debug_abbrev  0x00000000      0xb1a C:/Program Files (x86)/Atmel/Studio/7.0/Packs/atmel/ATmega_DFP/1.1.130/gcc/dev/atmega2560/avr6/crtatmega2560.o
 .debug_abbrev  0x00000b1a      0x1b5 application/errors.o
 .debug_abbrev  0x00000ccf      0x14a application/Temp_monitor.o
 .debug_abbrev  0x00000e19      0x154 ECUAL/Drum.o
 .debug_abbrev  0x00000f6d       0xd9 ECUAL/Encoder/Encoder.o
 .debug_abbrev  0x00001046      0x105 ECUAL/Flow_rate.o
 .debug_abbrev  0x0000114b      0x152 ECUAL/Inverter.o
 .debug_abbrev  0x0000129d      0x1c9 ECUAL/LCD.o
 .debug_abbrev  0x00001466      0x2de ECUAL/Modbus/Modbus_master.o
 .debug_abbrev  0x00001744      0x157 ECUAL/Temperature.o
 .debug_abbrev  0x0000189b       0xf8 error_callbacks.o
 .debug_abbrev  0x00001993       0x47 GLOBAL.o
 .debug_abbrev  0x000019da      0x1e0 main.o
 .debug_abbrev  0x00001bba       0xf4 MCAL/ADC.o
 .debug_abbrev  0x00001cae      0x112 MCAL/DIO.o
 .debug_abbrev  0x00001dc0       0xfd MCAL/Timer.o
 .debug_abbrev  0x00001ebd      0x1f0 MCAL/UART.o
 .debug_abbrev  0x000020ad       0xa6 RTE/RTE_drum.o
 .debug_abbrev  0x00002153      0x188 RTE/RTE_invertersetting.o
 .debug_abbrev  0x000022db      0x195 RTE/RTE_levels.o
 .debug_abbrev  0x00002470       0x65 RTE/RTE_main.o
 .debug_abbrev  0x000024d5      0x188 RTE/RTE_operations.o
 .debug_abbrev  0x0000265d      0x1b1 RTE/RTE_temperature.o
 .debug_abbrev  0x0000280e      0x18d rtos/hooks.o
 .debug_abbrev  0x0000299b      0x102 rtos/list.o
 .debug_abbrev  0x00002a9d      0x16d rtos/port.o
 .debug_abbrev  0x00002c0a      0x3df rtos/queue.o
 .debug_abbrev  0x00002fe9      0x38b rtos/tasks.o
 .debug_abbrev  0x00003374      0x3dd rtos/timers.o
 .debug_abbrev  0x00003751      0x141 RTOS_sync.o
 .debug_abbrev  0x00003892       0xd0 Services/Drum_speed_Tasks.o
 .debug_abbrev  0x00003962      0x1d0 Services/Ignition_operation.o
 .debug_abbrev  0x00003b32      0x23c Services/LCD_Tasks.o
 .debug_abbrev  0x00003d6e      0x12c Services/Level_Task.o
 .debug_abbrev  0x00003e9a      0x1ea Services/tank_operation.o
 .debug_abbrev  0x00004084      0x13b Services/TEMP_Task.o
 .debug_abbrev  0x000041bf       0xdb System.o
 .debug_abbrev  0x0000429a       0x83 utils/CRC16.o
 .debug_abbrev  0x0000431d      0x13c utils/Millis.o

.debug_line     0x00000000     0xe13c
 *(.debug_line .debug_line.* .debug_line_end)
 .debug_line    0x00000000      0x1f9 C:/Program Files (x86)/Atmel/Studio/7.0/Packs/atmel/ATmega_DFP/1.1.130/gcc/dev/atmega2560/avr6/crtatmega2560.o
 .debug_line    0x000001f9      0x650 application/errors.o
 .debug_line    0x00000849      0x745 application/Temp_monitor.o
 .debug_line    0x00000f8e      0x2fd ECUAL/Drum.o
 .debug_line    0x0000128b      0x3ed ECUAL/Encoder/Encoder.o
 .debug_line    0x00001678      0x44a ECUAL/Flow_rate.o
 .debug_line    0x00001ac2      0x41b ECUAL/Inverter.o
 .debug_line    0x00001edd      0x571 ECUAL/LCD.o
 .debug_line    0x0000244e     0x1374 ECUAL/Modbus/Modbus_master.o
 .debug_line    0x000037c2      0x405 ECUAL/Temperature.o
 .debug_line    0x00003bc7      0x436 error_callbacks.o
 .debug_line    0x00003ffd      0x115 GLOBAL.o
 .debug_line    0x00004112      0x815 main.o
 .debug_line    0x00004927      0x38b MCAL/ADC.o
 .debug_line    0x00004cb2      0x6cd MCAL/DIO.o
 .debug_line    0x0000537f      0x4fb MCAL/Timer.o
 .debug_line    0x0000587a      0xe80 MCAL/UART.o
 .debug_line    0x000066fa      0x37b RTE/RTE_drum.o
 .debug_line    0x00006a75      0x4e8 RTE/RTE_invertersetting.o
 .debug_line    0x00006f5d      0x3ea RTE/RTE_levels.o
 .debug_line    0x00007347      0x1b2 RTE/RTE_main.o
 .debug_line    0x000074f9      0x45d RTE/RTE_operations.o
 .debug_line    0x00007956      0x565 RTE/RTE_temperature.o
 .debug_line    0x00007ebb      0x45c rtos/hooks.o
 .debug_line    0x00008317      0x3fb rtos/list.o
 .debug_line    0x00008712      0x4ce rtos/port.o
 .debug_line    0x00008be0      0xd5b rtos/queue.o
 .debug_line    0x0000993b     0x12da rtos/tasks.o
 .debug_line    0x0000ac15      0x6ee rtos/timers.o
 .debug_line    0x0000b303      0x352 RTOS_sync.o
 .debug_line    0x0000b655      0x3e2 Services/Drum_speed_Tasks.o
 .debug_line    0x0000ba37      0x596 Services/Ignition_operation.o
 .debug_line    0x0000bfcd      0x7b1 Services/LCD_Tasks.o
 .debug_line    0x0000c77e      0x463 Services/Level_Task.o
 .debug_line    0x0000cbe1      0x4fe Services/tank_operation.o
 .debug_line    0x0000d0df      0x588 Services/TEMP_Task.o
 .debug_line    0x0000d667      0x633 System.o
 .debug_line    0x0000dc9a      0x151 utils/CRC16.o
 .debug_line    0x0000ddeb      0x351 utils/Millis.o

.debug_frame    0x00000000     0x21fc
 *(.debug_frame)
 .debug_frame   0x00000000       0x24 application/errors.o
 .debug_frame   0x00000024       0x58 application/Temp_monitor.o
 .debug_frame   0x0000007c       0x58 ECUAL/Drum.o
 .debug_frame   0x000000d4       0x24 ECUAL/Encoder/Encoder.o
 .debug_frame   0x000000f8       0x64 ECUAL/Flow_rate.o
 .debug_frame   0x0000015c       0xc4 ECUAL/Inverter.o
 .debug_frame   0x00000220      0x108 ECUAL/LCD.o
 .debug_frame   0x00000328      0x204 ECUAL/Modbus/Modbus_master.o
 .debug_frame   0x0000052c       0x50 ECUAL/Temperature.o
 .debug_frame   0x0000057c       0x64 error_callbacks.o
 .debug_frame   0x000005e0       0xd0 main.o
 .debug_frame   0x000006b0       0x70 MCAL/ADC.o
 .debug_frame   0x00000720      0x194 MCAL/DIO.o
 .debug_frame   0x000008b4      0x1c4 MCAL/Timer.o
 .debug_frame   0x00000a78      0x514 MCAL/UART.o
 .debug_frame   0x00000f8c       0x44 RTE/RTE_drum.o
 .debug_frame   0x00000fd0       0xec RTE/RTE_invertersetting.o
 .debug_frame   0x000010bc       0x6c RTE/RTE_levels.o
 .debug_frame   0x00001128       0x24 RTE/RTE_main.o
 .debug_frame   0x0000114c       0xac RTE/RTE_operations.o
 .debug_frame   0x000011f8      0x12c RTE/RTE_temperature.o
 .debug_frame   0x00001324       0x54 rtos/hooks.o
 .debug_frame   0x00001378       0x88 rtos/list.o
 .debug_frame   0x00001400       0x74 rtos/port.o
 .debug_frame   0x00001474      0x394 rtos/queue.o
 .debug_frame   0x00001808      0x540 rtos/tasks.o
 .debug_frame   0x00001d48      0x1cc rtos/timers.o
 .debug_frame   0x00001f14       0x2c RTOS_sync.o
 .debug_frame   0x00001f40       0x34 Services/Drum_speed_Tasks.o
 .debug_frame   0x00001f74       0x80 Services/Ignition_operation.o
 .debug_frame   0x00001ff4       0x88 Services/LCD_Tasks.o
 .debug_frame   0x0000207c       0x34 Services/Level_Task.o
 .debug_frame   0x000020b0       0x6c Services/tank_operation.o
 .debug_frame   0x0000211c       0x34 Services/TEMP_Task.o
 .debug_frame   0x00002150       0x24 System.o
 .debug_frame   0x00002174       0x24 utils/CRC16.o
 .debug_frame   0x00002198       0x64 utils/Millis.o

.debug_str      0x00000000    0x19acc
 *(.debug_str)
 .debug_str     0x00000000      0x3e6 C:/Program Files (x86)/Atmel/Studio/7.0/Packs/atmel/ATmega_DFP/1.1.130/gcc/dev/atmega2560/avr6/crtatmega2560.o
 .debug_str     0x000003e6     0xe43e application/errors.o
                               0xe5b4 (size before relaxing)
 .debug_str     0x0000e824      0x22c application/Temp_monitor.o
                               0xe2a9 (size before relaxing)
 .debug_str     0x0000ea50       0x7d ECUAL/Drum.o
                               0x9037 (size before relaxing)
 .debug_str     0x0000eacd      0xd68 ECUAL/Encoder/Encoder.o
                               0x9ce7 (size before relaxing)
 .debug_str     0x0000f835       0xd5 ECUAL/Flow_rate.o
                               0x9a67 (size before relaxing)
 .debug_str     0x0000f90a      0x1fc ECUAL/Inverter.o
                               0x9108 (size before relaxing)
 .debug_str     0x0000fb06      0x18a ECUAL/LCD.o
                               0xe0a3 (size before relaxing)
 .debug_str     0x0000fc90      0x7c1 ECUAL/Modbus/Modbus_master.o
                               0xa90e (size before relaxing)
 .debug_str     0x00010451       0x78 ECUAL/Temperature.o
                               0xdc36 (size before relaxing)
 .debug_str     0x000104c9      0x184 error_callbacks.o
                               0x937f (size before relaxing)
 .debug_str     0x0001064d       0x63 GLOBAL.o
                               0x3357 (size before relaxing)
 .debug_str     0x000106b0      0x29d main.o
                               0xf589 (size before relaxing)
 .debug_str     0x0001094d      0xb6c MCAL/ADC.o
                               0xa206 (size before relaxing)
 .debug_str     0x000114b9      0x2b5 MCAL/DIO.o
                               0x9a7a (size before relaxing)
 .debug_str     0x0001176e      0x11a MCAL/Timer.o
                               0x99d3 (size before relaxing)
 .debug_str     0x00011888     0x2fb8 MCAL/UART.o
                               0xc1fa (size before relaxing)
 .debug_str     0x00014840       0x56 RTE/RTE_drum.o
                               0xd46d (size before relaxing)
 .debug_str     0x00014896      0x3b5 RTE/RTE_invertersetting.o
                               0xd85a (size before relaxing)
 .debug_str     0x00014c4b      0x110 RTE/RTE_levels.o
                               0xd69a (size before relaxing)
 .debug_str     0x00014d5b       0x44 RTE/RTE_main.o
                               0x3373 (size before relaxing)
 .debug_str     0x00014d9f      0x224 RTE/RTE_operations.o
                               0xd807 (size before relaxing)
 .debug_str     0x00014fc3      0x3bb RTE/RTE_temperature.o
                               0xda48 (size before relaxing)
 .debug_str     0x0001537e      0xbd0 rtos/hooks.o
                               0xd383 (size before relaxing)
 .debug_str     0x00015f4e      0x2a1 rtos/list.o
                               0xbe81 (size before relaxing)
 .debug_str     0x000161ef     0x149b rtos/port.o
                               0xd776 (size before relaxing)
 .debug_str     0x0001768a      0xa19 rtos/queue.o
                               0xd111 (size before relaxing)
 .debug_str     0x000180a3     0x103d rtos/tasks.o
                               0xdcfc (size before relaxing)
 .debug_str     0x000190e0      0x4ab rtos/timers.o
                               0xd59b (size before relaxing)
 .debug_str     0x0001958b       0x50 RTOS_sync.o
                               0xd58a (size before relaxing)
 .debug_str     0x000195db       0x4e Services/Drum_speed_Tasks.o
                               0xd4c4 (size before relaxing)
 .debug_str     0x00019629       0x7a Services/Ignition_operation.o
                               0xdf81 (size before relaxing)
 .debug_str     0x000196a3      0x1f1 Services/LCD_Tasks.o
                               0xf5e7 (size before relaxing)
 .debug_str     0x00019894       0x7d Services/Level_Task.o
                               0xd99d (size before relaxing)
 .debug_str     0x00019911      0x118 Services/tank_operation.o
                               0xdcd1 (size before relaxing)
 .debug_str     0x00019a29       0x3e Services/TEMP_Task.o
                               0xecc6 (size before relaxing)
 .debug_str     0x00019a67       0x1a System.o
                               0xee4e (size before relaxing)
 .debug_str     0x00019a81       0x11 utils/CRC16.o
                               0x38f0 (size before relaxing)
 .debug_str     0x00019a92       0x3a utils/Millis.o
                               0x94df (size before relaxing)

.debug_loc      0x00000000     0xa8ac
 *(.debug_loc)
 .debug_loc     0x00000000       0xb1 application/errors.o
 .debug_loc     0x000000b1      0x25f application/Temp_monitor.o
 .debug_loc     0x00000310       0x7f ECUAL/Drum.o
 .debug_loc     0x0000038f       0x7c ECUAL/Encoder/Encoder.o
 .debug_loc     0x0000040b      0x129 ECUAL/Flow_rate.o
 .debug_loc     0x00000534      0x31a ECUAL/Inverter.o
 .debug_loc     0x0000084e      0x468 ECUAL/LCD.o
 .debug_loc     0x00000cb6     0x212b ECUAL/Modbus/Modbus_master.o
 .debug_loc     0x00002de1      0x228 ECUAL/Temperature.o
 .debug_loc     0x00003009      0x20e main.o
 .debug_loc     0x00003217       0xbd MCAL/ADC.o
 .debug_loc     0x000032d4      0x199 MCAL/DIO.o
 .debug_loc     0x0000346d      0x4a0 MCAL/Timer.o
 .debug_loc     0x0000390d     0x150e MCAL/UART.o
 .debug_loc     0x00004e1b      0x160 RTE/RTE_invertersetting.o
 .debug_loc     0x00004f7b       0x8c RTE/RTE_levels.o
 .debug_loc     0x00005007       0xf6 RTE/RTE_operations.o
 .debug_loc     0x000050fd      0x195 RTE/RTE_temperature.o
 .debug_loc     0x00005292       0x92 rtos/hooks.o
 .debug_loc     0x00005324      0x145 rtos/list.o
 .debug_loc     0x00005469      0x29b rtos/port.o
 .debug_loc     0x00005704     0x1e53 rtos/queue.o
 .debug_loc     0x00007557     0x2130 rtos/tasks.o
 .debug_loc     0x00009687      0xcdb rtos/timers.o
 .debug_loc     0x0000a362       0x22 RTOS_sync.o
 .debug_loc     0x0000a384       0x70 Services/Ignition_operation.o
 .debug_loc     0x0000a3f4      0x263 Services/LCD_Tasks.o
 .debug_loc     0x0000a657       0x52 Services/Level_Task.o
 .debug_loc     0x0000a6a9       0x6e Services/tank_operation.o
 .debug_loc     0x0000a717       0x99 Services/TEMP_Task.o
 .debug_loc     0x0000a7b0       0x79 utils/CRC16.o
 .debug_loc     0x0000a829       0x83 utils/Millis.o

.debug_macinfo
 *(.debug_macinfo)

.debug_weaknames
 *(.debug_weaknames)

.debug_funcnames
 *(.debug_funcnames)

.debug_typenames
 *(.debug_typenames)

.debug_varnames
 *(.debug_varnames)

.debug_pubtypes
 *(.debug_pubtypes)

.debug_ranges   0x00000000      0xd30
 *(.debug_ranges)
 .debug_ranges  0x00000000       0x10 application/errors.o
 .debug_ranges  0x00000010       0x18 application/Temp_monitor.o
 .debug_ranges  0x00000028       0x20 ECUAL/Drum.o
 .debug_ranges  0x00000048       0x10 ECUAL/Encoder/Encoder.o
 .debug_ranges  0x00000058       0x20 ECUAL/Flow_rate.o
 .debug_ranges  0x00000078       0x38 ECUAL/Inverter.o
 .debug_ranges  0x000000b0       0x70 ECUAL/LCD.o
 .debug_ranges  0x00000120      0x108 ECUAL/Modbus/Modbus_master.o
 .debug_ranges  0x00000228       0x18 ECUAL/Temperature.o
 .debug_ranges  0x00000240       0x30 error_callbacks.o
 .debug_ranges  0x00000270       0x38 main.o
 .debug_ranges  0x000002a8       0x28 MCAL/ADC.o
 .debug_ranges  0x000002d0       0xc8 MCAL/DIO.o
 .debug_ranges  0x00000398       0x30 MCAL/Timer.o
 .debug_ranges  0x000003c8      0x1d0 MCAL/UART.o
 .debug_ranges  0x00000598       0x20 RTE/RTE_drum.o
 .debug_ranges  0x000005b8       0x70 RTE/RTE_invertersetting.o
 .debug_ranges  0x00000628       0x30 RTE/RTE_levels.o
 .debug_ranges  0x00000658       0x10 RTE/RTE_main.o
 .debug_ranges  0x00000668       0x50 RTE/RTE_operations.o
 .debug_ranges  0x000006b8       0x90 RTE/RTE_temperature.o
 .debug_ranges  0x00000748       0x28 rtos/hooks.o
 .debug_ranges  0x00000770       0x30 rtos/list.o
 .debug_ranges  0x000007a0       0x38 rtos/port.o
 .debug_ranges  0x000007d8      0x160 rtos/queue.o
 .debug_ranges  0x00000938      0x1e0 rtos/tasks.o
 .debug_ranges  0x00000b18       0xd8 rtos/timers.o
 .debug_ranges  0x00000bf0       0x10 RTOS_sync.o
 .debug_ranges  0x00000c00       0x18 Services/Drum_speed_Tasks.o
 .debug_ranges  0x00000c18       0x38 Services/Ignition_operation.o
 .debug_ranges  0x00000c50       0x40 Services/LCD_Tasks.o
 .debug_ranges  0x00000c90       0x18 Services/Level_Task.o
 .debug_ranges  0x00000ca8       0x30 Services/tank_operation.o
 .debug_ranges  0x00000cd8       0x18 Services/TEMP_Task.o
 .debug_ranges  0x00000cf0       0x10 System.o
 .debug_ranges  0x00000d00       0x10 utils/CRC16.o
 .debug_ranges  0x00000d10       0x20 utils/Millis.o

.debug_macro    0x00000000     0x7feb
 *(.debug_macro)
 .debug_macro   0x00000000      0x214 application/errors.o
 .debug_macro   0x00000214      0xa78 application/errors.o
 .debug_macro   0x00000c8c      0x1c9 application/errors.o
 .debug_macro   0x00000e55       0x10 application/errors.o
 .debug_macro   0x00000e65      0x302 application/errors.o
 .debug_macro   0x00001167       0x9e application/errors.o
 .debug_macro   0x00001205     0x1ecb application/errors.o
 .debug_macro   0x000030d0      0x100 application/errors.o
 .debug_macro   0x000031d0      0x2ea application/errors.o
 .debug_macro   0x000034ba       0xd9 application/errors.o
 .debug_macro   0x00003593       0x34 application/errors.o
 .debug_macro   0x000035c7       0x18 application/errors.o
 .debug_macro   0x000035df       0x6c application/errors.o
 .debug_macro   0x0000364b       0xcb application/errors.o
 .debug_macro   0x00003716       0x40 application/errors.o
 .debug_macro   0x00003756       0x94 application/errors.o
 .debug_macro   0x000037ea       0xac application/errors.o
 .debug_macro   0x00003896       0x28 application/errors.o
 .debug_macro   0x000038be       0x10 application/errors.o
 .debug_macro   0x000038ce       0x10 application/errors.o
 .debug_macro   0x000038de      0x166 application/errors.o
 .debug_macro   0x00003a44      0x106 application/errors.o
 .debug_macro   0x00003b4a       0x52 application/errors.o
 .debug_macro   0x00003b9c       0x82 application/errors.o
 .debug_macro   0x00003c1e       0x16 application/errors.o
 .debug_macro   0x00003c34       0x68 application/errors.o
 .debug_macro   0x00003c9c       0x1f application/errors.o
 .debug_macro   0x00003cbb      0x3f3 application/errors.o
 .debug_macro   0x000040ae       0xb5 application/errors.o
 .debug_macro   0x00004163       0x8c application/errors.o
 .debug_macro   0x000041ef       0x10 application/errors.o
 .debug_macro   0x000041ff       0x18 application/errors.o
 .debug_macro   0x00004217       0x66 application/errors.o
 .debug_macro   0x0000427d       0x86 application/errors.o
 .debug_macro   0x00004303       0x78 application/errors.o
 .debug_macro   0x0000437b       0x10 application/errors.o
 .debug_macro   0x0000438b       0x10 application/errors.o
 .debug_macro   0x0000439b      0x166 application/errors.o
 .debug_macro   0x00004501      0x1f8 application/Temp_monitor.o
 .debug_macro   0x000046f9       0xc5 ECUAL/Drum.o
 .debug_macro   0x000047be      0x114 ECUAL/Encoder/Encoder.o
 .debug_macro   0x000048d2       0x63 ECUAL/Encoder/Encoder.o
 .debug_macro   0x00004935       0x10 ECUAL/Encoder/Encoder.o
 .debug_macro   0x00004945       0x8e ECUAL/Encoder/Encoder.o
 .debug_macro   0x000049d3      0x112 ECUAL/Encoder/Encoder.o
 .debug_macro   0x00004ae5       0x34 ECUAL/Encoder/Encoder.o
 .debug_macro   0x00004b19      0x122 ECUAL/Flow_rate.o
 .debug_macro   0x00004c3b       0xeb ECUAL/Inverter.o
 .debug_macro   0x00004d26      0x193 ECUAL/LCD.o
 .debug_macro   0x00004eb9      0x12d ECUAL/Modbus/Modbus_master.o
 .debug_macro   0x00004fe6       0x69 ECUAL/Modbus/Modbus_master.o
 .debug_macro   0x0000504f      0x172 ECUAL/Temperature.o
 .debug_macro   0x000051c1      0x11e error_callbacks.o
 .debug_macro   0x000052df       0x10 error_callbacks.o
 .debug_macro   0x000052ef       0x16 error_callbacks.o
 .debug_macro   0x00005305       0x3d GLOBAL.o
 .debug_macro   0x00005342      0x2e9 main.o
 .debug_macro   0x0000562b       0x16 main.o
 .debug_macro   0x00005641       0x16 main.o
 .debug_macro   0x00005657       0xe6 MCAL/ADC.o
 .debug_macro   0x0000573d      0x2e5 MCAL/ADC.o
 .debug_macro   0x00005a22       0xcf MCAL/DIO.o
 .debug_macro   0x00005af1       0x88 MCAL/DIO.o
 .debug_macro   0x00005b79       0x52 MCAL/DIO.o
 .debug_macro   0x00005bcb       0xfd MCAL/Timer.o
 .debug_macro   0x00005cc8      0x1c8 MCAL/UART.o
 .debug_macro   0x00005e90       0x10 MCAL/UART.o
 .debug_macro   0x00005ea0       0x89 MCAL/UART.o
 .debug_macro   0x00005f29      0x181 MCAL/UART.o
 .debug_macro   0x000060aa      0x155 RTE/RTE_drum.o
 .debug_macro   0x000061ff      0x155 RTE/RTE_invertersetting.o
 .debug_macro   0x00006354      0x15e RTE/RTE_levels.o
 .debug_macro   0x000064b2       0x69 RTE/RTE_main.o
 .debug_macro   0x0000651b      0x155 RTE/RTE_operations.o
 .debug_macro   0x00006670      0x15e RTE/RTE_temperature.o
 .debug_macro   0x000067ce      0x15c rtos/hooks.o
 .debug_macro   0x0000692a       0x3b rtos/hooks.o
 .debug_macro   0x00006965       0x10 rtos/hooks.o
 .debug_macro   0x00006975      0x128 rtos/list.o
 .debug_macro   0x00006a9d      0x155 rtos/port.o