Archive member included to satisfy reference by file (symbol)

c:/program files (x86)/atmel/studio/7.0/toolchain/avr8/avr8-gnu-toolchain/bin/../lib/gcc/avr/5.4.0/../../../../avr/lib/avr6\libm.a(addsf3.o)
                              ECUAL/PowderIF.o (__subsf3)
c:/program files (x86)/atmel/studio/7.0/toolchain/avr8/avr8-gnu-toolchain/bin/../lib/gcc/avr/5.4.0/../../../../avr/lib/avr6\libm.a(addsf3x.o)
                              c:/program files (x86)/atmel/studio/7.0/toolchain/avr8/avr8-gnu-toolchain/bin/../lib/gcc/avr/5.4.0/../../../../avr/lib/avr6\libm.a(addsf3.o) (__addsf3x)
c:/program files (x86)/atmel/studio/7.0/toolchain/avr8/avr8-gnu-toolchain/bin/../lib/gcc/avr/5.4.0/../../../../avr/lib/avr6\libm.a(cmpsf2.o)
                              Services/Encoder_Tasks.o (__nesf2)
c:/program files (x86)/atmel/studio/7.0/toolchain/avr8/avr8-gnu-toolchain/bin/../lib/gcc/avr/5.4.0/../../../../avr/lib/avr6\libm.a(divsf3.o)
                              ECUAL/Temperature.o (__divsf3)
c:/program files (x86)/atmel/studio/7.0/toolchain/avr8/avr8-gnu-toolchain/bin/../lib/gcc/avr/5.4.0/../../../../avr/lib/avr6\libm.a(divsf3x.o)
                              c:/program files (x86)/atmel/studio/7.0/toolchain/avr8/avr8-gnu-toolchain/bin/../lib/gcc/avr/5.4.0/../../../../avr/lib/avr6\libm.a(divsf3.o) (__divsf3x)
c:/program files (x86)/atmel/studio/7.0/toolchain/avr8/avr8-gnu-toolchain/bin/../lib/gcc/avr/5.4.0/../../../../avr/lib/avr6\libm.a(fixunssfsi.o)
                              ECUAL/Temperature.o (__fixunssfsi)
c:/program files (x86)/atmel/studio/7.0/toolchain/avr8/avr8-gnu-toolchain/bin/../lib/gcc/avr/5.4.0/../../../../avr/lib/avr6\libm.a(floatsisf.o)
                              ECUAL/Temperature.o (__floatunsisf)
c:/program files (x86)/atmel/studio/7.0/toolchain/avr8/avr8-gnu-toolchain/bin/../lib/gcc/avr/5.4.0/../../../../avr/lib/avr6\libm.a(fp_cmp.o)
                              c:/program files (x86)/atmel/studio/7.0/toolchain/avr8/avr8-gnu-toolchain/bin/../lib/gcc/avr/5.4.0/../../../../avr/lib/avr6\libm.a(cmpsf2.o) (__fp_cmp)
c:/program files (x86)/atmel/studio/7.0/toolchain/avr8/avr8-gnu-toolchain/bin/../lib/gcc/avr/5.4.0/../../../../avr/lib/avr6\libm.a(fp_inf.o)
                              c:/program files (x86)/atmel/studio/7.0/toolchain/avr8/avr8-gnu-toolchain/bin/../lib/gcc/avr/5.4.0/../../../../avr/lib/avr6\libm.a(addsf3x.o) (__fp_inf)
c:/program files (x86)/atmel/studio/7.0/toolchain/avr8/avr8-gnu-toolchain/bin/../lib/gcc/avr/5.4.0/../../../../avr/lib/avr6\libm.a(fp_nan.o)
                              c:/program files (x86)/atmel/studio/7.0/toolchain/avr8/avr8-gnu-toolchain/bin/../lib/gcc/avr/5.4.0/../../../../avr/lib/avr6\libm.a(addsf3x.o) (__fp_nan)
c:/program files (x86)/atmel/studio/7.0/toolchain/avr8/avr8-gnu-toolchain/bin/../lib/gcc/avr/5.4.0/../../../../avr/lib/avr6\libm.a(fp_pscA.o)
                              c:/program files (x86)/atmel/studio/7.0/toolchain/avr8/avr8-gnu-toolchain/bin/../lib/gcc/avr/5.4.0/../../../../avr/lib/avr6\libm.a(addsf3x.o) (__fp_pscA)
c:/program files (x86)/atmel/studio/7.0/toolchain/avr8/avr8-gnu-toolchain/bin/../lib/gcc/avr/5.4.0/../../../../avr/lib/avr6\libm.a(fp_pscB.o)
                              c:/program files (x86)/atmel/studio/7.0/toolchain/avr8/avr8-gnu-toolchain/bin/../lib/gcc/avr/5.4.0/../../../../avr/lib/avr6\libm.a(addsf3x.o) (__fp_pscB)
c:/program files (x86)/atmel/studio/7.0/toolchain/avr8/avr8-gnu-toolchain/bin/../lib/gcc/avr/5.4.0/../../../../avr/lib/avr6\libm.a(fp_round.o)
                              c:/program files (x86)/atmel/studio/7.0/toolchain/avr8/avr8-gnu-toolchain/bin/../lib/gcc/avr/5.4.0/../../../../avr/lib/avr6\libm.a(addsf3.o) (__fp_round)
c:/program files (x86)/atmel/studio/7.0/toolchain/avr8/avr8-gnu-toolchain/bin/../lib/gcc/avr/5.4.0/../../../../avr/lib/avr6\libm.a(fp_split3.o)
                              c:/program files (x86)/atmel/studio/7.0/toolchain/avr8/avr8-gnu-toolchain/bin/../lib/gcc/avr/5.4.0/../../../../avr/lib/avr6\libm.a(addsf3x.o) (__fp_split3)
c:/program files (x86)/atmel/studio/7.0/toolchain/avr8/avr8-gnu-toolchain/bin/../lib/gcc/avr/5.4.0/../../../../avr/lib/avr6\libm.a(fp_zero.o)
                              c:/program files (x86)/atmel/studio/7.0/toolchain/avr8/avr8-gnu-toolchain/bin/../lib/gcc/avr/5.4.0/../../../../avr/lib/avr6\libm.a(addsf3x.o) (__fp_zero)
c:/program files (x86)/atmel/studio/7.0/toolchain/avr8/avr8-gnu-toolchain/bin/../lib/gcc/avr/5.4.0/../../../../avr/lib/avr6\libm.a(gesf2.o)
                              ECUAL/PowderIF.o (__gtsf2)
c:/program files (x86)/atmel/studio/7.0/toolchain/avr8/avr8-gnu-toolchain/bin/../lib/gcc/avr/5.4.0/../../../../avr/lib/avr6\libm.a(mulsf3.o)
                              ECUAL/Temperature.o (__mulsf3)
c:/program files (x86)/atmel/studio/7.0/toolchain/avr8/avr8-gnu-toolchain/bin/../lib/gcc/avr/5.4.0/../../../../avr/lib/avr6\libm.a(mulsf3x.o)
[...]
Memory Configuration

Name             Origin             Length             Attributes
text             0x00000000         0x00100000         xr
data             0x00800200         0x0000fe00         rw !x
eeprom           0x00810000         0x00010000         rw !x
fuse             0x00820000         0x00000003         rw !x
lock             0x00830000         0x00000400         rw !x
signature        0x00840000         0x00000400         rw !x
user_signatures  0x00850000         0x00000400         rw !x
*default*        0x00000000         0xffffffff

Linker script and memory map

Address of section .data set to 0x800200
LOAD C:/Program Files (x86)/Atmel/Studio/7.0/Packs/atmel/ATmega_DFP/1.1.130/gcc/dev/atmega2560/avr6/crtatmega2560.o
LOAD ECUAL/Blancher_level.o
LOAD ECUAL/Encoder/Encoder.o
LOAD ECUAL/Flow_rate.o
LOAD ECUAL/Gas.o
LOAD ECUAL/Inverter.o
LOAD ECUAL/LCD.o
LOAD ECUAL/Modbus/Modbus_master.o
LOAD ECUAL/PowderIF.o
LOAD ECUAL/Pumb.o
LOAD ECUAL/Tank_level.o
LOAD ECUAL/Temperature.o
LOAD GLOBAL.o
LOAD main.o
LOAD MCAL/ADC.o
LOAD MCAL/DIO.o
LOAD MCAL/Interrupt.o
LOAD MCAL/SPI.o
LOAD MCAL/Timer.o
LOAD MCAL/UART.o
LOAD RTE/RTE_encoders.o
LOAD RTE/RTE_invertersetting.o
LOAD RTE/RTE_operations.o
LOAD RTE/RTE_tankslevels.o
LOAD RTE/RTE_temperature.o
LOAD rtos/croutine.o
LOAD rtos/event_groups.o
LOAD rtos/hooks.o
LOAD rtos/list.o
LOAD rtos/port.o
LOAD rtos/queue.o
LOAD rtos/stream_buffer.o
LOAD rtos/tasks.o
LOAD rtos/timers.o
LOAD Services/Encoder_Tasks.o
LOAD Services/LCD_Tasks.o
LOAD Services/tank_operation.o
LOAD Tasks.o
LOAD utils/CRC16.o
LOAD utils/Millis.o
START GROUP
LOAD c:/program files (x86)/atmel/studio/7.0/toolchain/avr8/avr8-gnu-toolchain/bin/../lib/gcc/avr/5.4.0/../../../../avr/lib/avr6\libm.a
END GROUP
START GROUP
LOAD c:/program files (x86)/atmel/studio/7.0/toolchain/avr8/avr8-gnu-toolchain/bin/../lib/gcc/avr/5.4.0/avr6\libgcc.a
LOAD c:/program files (x86)/atmel/studio/7.0/toolchain/avr8/avr8-gnu-toolchain/bin/../lib/gcc/avr/5.4.0/../../../../avr/lib/avr6\libm.a
LOAD c:/program files (x86)/atmel/studio/7.0/toolchain/avr8/avr8-gnu-toolchain/bin/../lib/gcc/avr/5.4.0/../../../../avr/lib/avr6\libc.a
LOAD C:/Program Files (x86)/Atmel/Studio/7.0/Packs/atmel/ATmega_DFP/1.1.130/gcc/dev/atmega2560/avr6\libatmega2560.a
END GROUP
                0x00100000                __TEXT_REGION_LENGTH__ = DEFINED (__TEXT_REGION_LENGTH__)?__TEXT_REGION_LENGTH__:0x100000
                0x0000fe00                __DATA_REGION_LENGTH__ = DEFINED (__DATA_REGION_LENGTH__)?__DATA_REGION_LENGTH__:0xfe00
                0x00010000                __EEPROM_REGION_LENGTH__ = DEFINED (__EEPROM_REGION_LENGTH__)?__EEPROM_REGION_LENGTH__:0x10000
                [0x00000003]                __FUSE_REGION_LENGTH__ = DEFINED (__FUSE_REGION_LENGTH__)?__FUSE_REGION_LENGTH__:0x400
                0x00000400                __LOCK_REGION_LENGTH__ = DEFINED (__LOCK_REGION_LENGTH__)?__LOCK_REGION_LENGTH__:0x400
                0x00000400                __SIGNATURE_REGION_LENGTH__ = DEFINED (__SIGNATURE_REGION_LENGTH__)?__SIGNATURE_REGION_LENGTH__:0x400
                0x00000400                __USER_SIGNATURE_REGION_LENGTH__ = DEFINED (__USER_SIGNATURE_REGION_LENGTH__)?__USER_SIGNATURE_REGION_LENGTH__:0x400

.hash
 *(.hash)

.dynsym
 *(.dynsym)

.dynstr
 *(.dynstr)

.gnu.version
 *(.gnu.version)

.gnu.version_d
 *(.gnu.version_d)

.gnu.version_r
 *(.gnu.version_r)

.rel.init
 *(.rel.init)

.rela.init
 *(.rela.init)

.rel.text
 *(.rel.text)
 *(.rel.text.*)
 *(.rel.gnu.linkonce.t*)

.rela.text
 *(.rela.text)
 *(.rela.text.*)
 *(.rela.gnu.linkonce.t*)

.rel.fini
 *(.rel.fini)

.rela.fini
 *(.rela.fini)

.rel.rodata
 *(.rel.rodata)
 *(.rel.rodata.*)
 *(.rel.gnu.linkonce.r*)

.rela.rodata
 *(.rela.rodata)
 *(.rela.rodata.*)
 *(.rela.gnu.linkonce.r*)

.rel.data
 *(.rel.data)
 *(.rel.data.*)
 *(.rel.gnu.linkonce.d*)

.rela.data
 *(.rela.data)
 *(.rela.data.*)
 *(.rela.gnu.linkonce.d*)

.rel.ctors
 *(.rel.ctors)

.rela.ctors
 *(.rela.ctors)

.rel.dtors
 *(.rel.dtors)

.rela.dtors
 *(.rela.dtors)

.rel.got
 *(.rel.got)

.rela.got
 *(.rela.got)

.rel.bss
 *(.rel.bss)

.rela.bss
 *(.rela.bss)

.rel.plt
 *(.rel.plt)

.rela.plt
 *(.rela.plt)

.text           0x00000000     0x2fd8
 *(.vectors)
 .vectors       0x00000000       0xe4 C:/Program Files (x86)/Atmel/Studio/7.0/Packs/atmel/ATmega_DFP/1.1.130/gcc/dev/atmega2560/avr6/crtatmega2560.o
                0x00000000                __vector_default
                0x00000000                __vectors
 *(.vectors)
 *(.progmem.gcc*)
                0x000000e4                . = ALIGN (0x2)
                0x000000e4                __trampolines_start = .
 *(.trampolines)
 .trampolines   0x000000e4        0x0 linker stubs
 *(.trampolines*)
                0x000000e4                __trampolines_end = .
 *libprintf_flt.a:*(.progmem.data)
 *libc.a:*(.progmem.data)
 *(.progmem*)
                0x000000e4                . = ALIGN (0x2)
 *(.jumptables)
 *(.jumptables*)
 *(.lowtext)
 .lowtext       0x000000e4       0x52 rtos/tasks.o
 *(.lowtext*)
                0x00000136                __ctors_start = .
 *(.ctors)
                0x00000136                __ctors_end = .
                0x00000136                __dtors_start = .
 *(.dtors)
                0x00000136                __dtors_end = .
 SORT(*)(.ctors)
 SORT(*)(.dtors)
 *(.init0)
 .init0         0x00000136        0x0 C:/Program Files (x86)/Atmel/Studio/7.0/Packs/atmel/ATmega_DFP/1.1.130/gcc/dev/atmega2560/avr6/crtatmega2560.o
                0x00000136                __init
 *(.init0)
 *(.init1)
 *(.init1)
 *(.init2)
 .init2         0x00000136       0x10 C:/Program Files (x86)/Atmel/Studio/7.0/Packs/atmel/ATmega_DFP/1.1.130/gcc/dev/atmega2560/avr6/crtatmega2560.o
 *(.init2)
 *(.init3)
 *(.init3)
 *(.init4)
 .init4         0x00000146       0x1a c:/program files (x86)/atmel/studio/7.0/toolchain/avr8/avr8-gnu-toolchain/bin/../lib/gcc/avr/5.4.0/avr6\libgcc.a(_copy_data.o)
                0x00000146                __do_copy_data
 .init4         0x00000160       0x10 c:/program files (x86)/atmel/studio/7.0/toolchain/avr8/avr8-gnu-toolchain/bin/../lib/gcc/avr/5.4.0/avr6\libgcc.a(_clear_bss.o)
                0x00000160                __do_clear_bss
 *(.init4)
 *(.init5)
 *(.init5)
 *(.init6)
 *(.init6)
 *(.init7)
 *(.init7)
 *(.init8)
 *(.init8)
 *(.init9)
 .init9         0x00000170        0x6 C:/Program Files (x86)/Atmel/Studio/7.0/Packs/atmel/ATmega_DFP/1.1.130/gcc/dev/atmega2560/avr6/crtatmega2560.o
 *(.init9)
 *(.text)
 .text          0x00000176        0x2 C:/Program Files (x86)/Atmel/Studio/7.0/Packs/atmel/ATmega_DFP/1.1.130/gcc/dev/atmega2560/avr6/crtatmega2560.o
                0x00000176                __vector_38
                0x00000176                __vector_22
                0x00000176                __vector_28
                0x00000176                __vector_1
                0x00000176                __vector_34
                0x00000176                __vector_24
                0x00000176                __vector_46
                0x00000176                __bad_interrupt
                0x00000176                __vector_6
                0x00000176                __vector_31
                0x00000176                __vector_35
                0x00000176                __vector_39
                0x00000176                __vector_3
                0x00000176                __vector_23
                0x00000176                __vector_30
                0x00000176                __vector_45
                0x00000176                __vector_11
                0x00000176                __vector_19
                0x00000176                __vector_56
                0x00000176                __vector_7
                0x00000176                __vector_49
                0x00000176                __vector_41
                0x00000176                __vector_43
                0x00000176                __vector_27
                0x00000176                __vector_5
                0x00000176                __vector_33
                0x00000176                __vector_4
                0x00000176                __vector_44
                0x00000176                __vector_9
                0x00000176                __vector_2
                0x00000176                __vector_21
                0x00000176                __vector_15
                0x00000176                __vector_40
                0x00000176                __vector_8
                0x00000176                __vector_48
                0x00000176                __vector_14
                0x00000176                __vector_53
                0x00000176                __vector_10
                0x00000176                __vector_50
                0x00000176                __vector_16
                0x00000176                __vector_18
                0x00000176                __vector_20
                0x00000178                . = ALIGN (0x2)
 *(.text.*)
 .text.__vector_17
                0x00000178       0xcc ECUAL/Encoder/Encoder.o
                0x00000178                __vector_17
 .text.__vector_32
                0x00000244       0xcc ECUAL/Encoder/Encoder.o
                0x00000244                __vector_32
 .text.__vector_42
                0x00000310       0xcc ECUAL/Encoder/Encoder.o
                0x00000310                __vector_42
 .text.__vector_47
                0x000003dc       0x74 ECUAL/Encoder/Encoder.o
                0x000003dc                __vector_47
 .text.LCD_pre_transmission
                0x00000450        0x8 ECUAL/LCD.o
                0x00000450                LCD_pre_transmission
 .text.LCD_post_transmission
                0x00000458        0x8 ECUAL/LCD.o
                0x00000458                LCD_post_transmission
 .text.Lcd_init
                0x00000460       0x28 ECUAL/LCD.o
                0x00000460                Lcd_init
 .text.Modbus_init
                0x00000488      0x1dc ECUAL/Modbus/Modbus_master.o
                0x00000488                Modbus_init
 .text.vTask2   0x00000664       0x6a main.o
 .text.vTask1   0x000006ce       0x84 main.o
 .text.main     0x00000752       0xa0 main.o
                0x00000752                main
 .text.__vector_29
                0x000007f2       0x3a MCAL/ADC.o
                0x000007f2                __vector_29
 .text.DIO_init
                0x0000082c       0x54 MCAL/DIO.o
                0x0000082c                DIO_init
 .text.Modbus_change_state
                0x00000880       0x3a MCAL/DIO.o
                0x00000880                Modbus_change_state
 .text.__vector_25
                0x000008ba       0x72 MCAL/UART.o
                0x000008ba                __vector_25
 .text.__vector_26
                0x0000092c       0x6a MCAL/UART.o
                0x0000092c                __vector_26
 .text.UART0_init
                0x00000996       0xaa MCAL/UART.o
                0x00000996                UART0_init
 .text.UART0_putc
                0x00000a40       0x32 MCAL/UART.o
                0x00000a40                UART0_putc
 .text.UART0_OutUDec
                0x00000a72       0x38 MCAL/UART.o
                0x00000a72                UART0_OutUDec
 .text.UART0_puts
                0x00000aaa       0x1c MCAL/UART.o
                0x00000aaa                UART0_puts
 .text.__vector_36
                0x00000ac6       0x72 MCAL/UART.o
                0x00000ac6                __vector_36
 .text.__vector_37
                0x00000b38       0x6a MCAL/UART.o
                0x00000b38                __vector_37
 .text.UART1_init
                0x00000ba2       0xaa MCAL/UART.o
                0x00000ba2                UART1_init
 .text.UART1_getc
                0x00000c4c       0x40 MCAL/UART.o
                0x00000c4c                UART1_getc
 .text.UART1_putc
                0x00000c8c       0x32 MCAL/UART.o
                0x00000c8c                UART1_putc
 .text.UART1_available
                0x00000cbe       0x1c MCAL/UART.o
                0x00000cbe                UART1_available
 .text.UART1_flush
                0x00000cda        0xa MCAL/UART.o
                0x00000cda                UART1_flush
 .text.__vector_51
                0x00000ce4       0x72 MCAL/UART.o
                0x00000ce4                __vector_51
 .text.__vector_52
                0x00000d56       0x6a MCAL/UART.o
                0x00000d56                __vector_52
 .text.UART2_init
                0x00000dc0       0xaa MCAL/UART.o
                0x00000dc0                UART2_init
 .text.UART2_getc
                0x00000e6a       0x3a MCAL/UART.o
                0x00000e6a                UART2_getc
 .text.UART2_putc
                0x00000ea4       0x32 MCAL/UART.o
                0x00000ea4                UART2_putc
 .text.UART2_available
                0x00000ed6       0x1c MCAL/UART.o
                0x00000ed6                UART2_available
 .text.UART2_flush
                0x00000ef2        0xa MCAL/UART.o
                0x00000ef2                UART2_flush
 .text.__vector_54
                0x00000efc       0x72 MCAL/UART.o
                0x00000efc                __vector_54
 .text.__vector_55
                0x00000f6e       0x6a MCAL/UART.o
                0x00000f6e                __vector_55
 .text.UART3_init
                0x00000fd8       0xaa MCAL/UART.o
                0x00000fd8                UART3_init
 .text.UART3_getc
                0x00001082       0x3a MCAL/UART.o
                0x00001082                UART3_getc
 .text.UART3_putc
                0x000010bc       0x32 MCAL/UART.o
                0x000010bc                UART3_putc
 .text.UART3_available
                0x000010ee       0x1c MCAL/UART.o
                0x000010ee                UART3_available
 .text.UART3_flush
                0x0000110a        0xa MCAL/UART.o
                0x0000110a                UART3_flush
 .text.vApplicationStackOverflowHook
                0x00001114       0x1a rtos/hooks.o
                0x00001114                vApplicationStackOverflowHook
 .text.vApplicationGetIdleTaskMemory
                0x0000112e       0x20 rtos/hooks.o
                0x0000112e                vApplicationGetIdleTaskMemory
 .text.vApplicationGetTimerTaskMemory
                0x0000114e       0x20 rtos/hooks.o
                0x0000114e                vApplicationGetTimerTaskMemory
 .text.vListInitialise
                0x0000116e       0x1c rtos/list.o
                0x0000116e                vListInitialise
 .text.vListInitialiseItem
                0x0000118a        0x8 rtos/list.o
                0x0000118a                vListInitialiseItem
 .text.vListInsertEnd
                0x00001192       0x42 rtos/list.o
                0x00001192                vListInsertEnd
 .text.vListInsert
                0x000011d4       0x62 rtos/list.o
                0x000011d4                vListInsert
 .text.uxListRemove
                0x00001236       0x4e rtos/list.o
                0x00001236                uxListRemove
 .text.pxPortInitialiseStack
                0x00001284       0xe4 rtos/port.o
                0x00001284                pxPortInitialiseStack
 .text.xPortStartScheduler
                0x00001368       0x78 rtos/port.o
                0x00001368                xPortStartScheduler
 .text.vPortYield
                0x000013e0       0xc2 rtos/port.o
                0x000013e0                vPortYield
 .text.vPortYieldFromTick
                0x000014a2       0xc8 rtos/port.o
                0x000014a2                vPortYieldFromTick
 .text.__vector_12
                0x0000156a        0x4 rtos/port.o
                0x0000156a                __vector_12
 .text.prvIsQueueEmpty
                0x0000156e       0x16 rtos/queue.o
 .text.prvCopyDataToQueue
                0x00001584       0xbe rtos/queue.o
 .text.prvCopyDataFromQueue
                0x00001642       0x34 rtos/queue.o
 .text.prvUnlockQueue
                0x00001676       0x96 rtos/queue.o
 .text.xQueueGenericReset
                0x0000170c       0x84 rtos/queue.o
                0x0000170c                xQueueGenericReset
 .text.xQueueGenericCreateStatic
                0x00001790       0x2a rtos/queue.o
                0x00001790                xQueueGenericCreateStatic
 .text.xQueueGenericSend
                0x000017ba      0x124 rtos/queue.o
                0x000017ba                xQueueGenericSend
 .text.xQueueGenericSendFromISR
                0x000018de       0x70 rtos/queue.o
                0x000018de                xQueueGenericSendFromISR
 .text.xQueueReceive
                0x0000194e      0x112 rtos/queue.o
                0x0000194e                xQueueReceive
 .text.vQueueWaitForMessageRestricted
                0x00001a60       0x36 rtos/queue.o
                0x00001a60                vQueueWaitForMessageRestricted
 .text.prvBytesInBuffer
                0x00001a96       0x26 rtos/stream_buffer.o
 .text.prvWriteBytesToBuffer
                0x00001abc       0x92 rtos/stream_buffer.o
 .text.prvWriteMessageToBuffer
                0x00001b4e       0x80 rtos/stream_buffer.o
 .text.prvReadBytesFromBuffer
                0x00001bce       0x9c rtos/stream_buffer.o
 .text.xStreamBufferGenericCreateStatic
                0x00001c6a       0x5e rtos/stream_buffer.o
                0x00001c6a                xStreamBufferGenericCreateStatic
 .text.xStreamBufferSpacesAvailable
                0x00001cc8       0x24 rtos/stream_buffer.o
                0x00001cc8                xStreamBufferSpacesAvailable
 .text.xStreamBufferSend
                0x00001cec      0x130 rtos/stream_buffer.o
                0x00001cec                xStreamBufferSend
 .text.xStreamBufferReceive
                0x00001e1c      0x134 rtos/stream_buffer.o
                0x00001e1c                xStreamBufferReceive
 .text.prvResetNextTaskUnblockTime
                0x00001f50       0x3e rtos/tasks.o
 .text.prvAddCurrentTaskToDelayedList
                0x00001f8e       0x82 rtos/tasks.o
 .text.xTaskCreateStatic
                0x00002010      0x1ee rtos/tasks.o
                0x00002010                xTaskCreateStatic
 .text.vTaskStartScheduler
                0x000021fe       0x92 rtos/tasks.o
                0x000021fe                vTaskStartScheduler
 .text.vTaskSuspendAll
                0x00002290        0xc rtos/tasks.o
                0x00002290                vTaskSuspendAll
 .text.xTaskGetTickCount
                0x0000229c       0x14 rtos/tasks.o
                0x0000229c                xTaskGetTickCount
 .text.xTaskIncrementTick
                0x000022b0      0x174 rtos/tasks.o
                0x000022b0                xTaskIncrementTick
 .text.xTaskResumeAll
                0x00002424       0xfa rtos/tasks.o
                0x00002424                xTaskResumeAll
 .text.vTaskDelay
                0x0000251e       0x22 rtos/tasks.o
                0x0000251e                vTaskDelay
 .text.vTaskSwitchContext
                0x00002540      0x102 rtos/tasks.o
                0x00002540                vTaskSwitchContext
 .text.vTaskPlaceOnEventList
                0x00002642       0x22 rtos/tasks.o
                0x00002642                vTaskPlaceOnEventList
 .text.vTaskPlaceOnEventListRestricted
                0x00002664       0x30 rtos/tasks.o
                0x00002664                vTaskPlaceOnEventListRestricted
 .text.xTaskRemoveFromEventList
                0x00002694       0x90 rtos/tasks.o
                0x00002694                xTaskRemoveFromEventList
 .text.vTaskSetTimeOutState
                0x00002724       0x20 rtos/tasks.o
                0x00002724                vTaskSetTimeOutState
 .text.vTaskInternalSetTimeOutState
                0x00002744       0x16 rtos/tasks.o
                0x00002744                vTaskInternalSetTimeOutState
 .text.xTaskCheckForTimeOut
                0x0000275a       0x56 rtos/tasks.o
                0x0000275a                xTaskCheckForTimeOut
 .text.vTaskMissedYield
                0x000027b0        0x8 rtos/tasks.o
                0x000027b0                vTaskMissedYield
 .text.xTaskGetCurrentTaskHandle
                0x000027b8        0xa rtos/tasks.o
                0x000027b8                xTaskGetCurrentTaskHandle
 .text.xTaskGetSchedulerState
                0x000027c2       0x1c rtos/tasks.o
                0x000027c2                xTaskGetSchedulerState
 .text.xTaskPriorityDisinherit
                0x000027de       0x80 rtos/tasks.o
                0x000027de                xTaskPriorityDisinherit
 .text.xTaskNotifyWait
                0x0000285e      0x106 rtos/tasks.o
                0x0000285e                xTaskNotifyWait
 .text.xTaskGenericNotify
                0x00002964       0xfc rtos/tasks.o
                0x00002964                xTaskGenericNotify
 .text.xTaskNotifyStateClear
                0x00002a60       0x28 rtos/tasks.o
                0x00002a60                xTaskNotifyStateClear
 .text.prvInsertTimerInActiveList
                0x00002a88       0x5e rtos/timers.o
 .text.prvCheckForValidListAndQueue
                0x00002ae6       0x5e rtos/timers.o
 .text.xTimerCreateTimerTask
                0x00002b44       0x8e rtos/timers.o
                0x00002b44                xTimerCreateTimerTask
 .text.xTimerGenericCommand
                0x00002bd2       0x8e rtos/timers.o
                0x00002bd2                xTimerGenericCommand
 .text.prvSampleTimeNow
                0x00002c60       0xdc rtos/timers.o
 .text.prvTimerTask
                0x00002d3c      0x1b6 rtos/timers.o
 .text.millis_init
                0x00002ef2       0x1e utils/Millis.o
                0x00002ef2                millis_init
 .text.Get_millis
                0x00002f10       0x16 utils/Millis.o
                0x00002f10                Get_millis
 .text.__vector_13
                0x00002f26       0x4a utils/Millis.o
                0x00002f26                __vector_13
 .text.libgcc.div
                0x00002f70       0x44 c:/program files (x86)/atmel/studio/7.0/toolchain/avr8/avr8-gnu-toolchain/bin/../lib/gcc/avr/5.4.0/avr6\libgcc.a(_udivmodsi4.o)
                0x00002f70                __udivmodsi4
 .text.avr-libc
                0x00002fb4       0x12 c:/program files (x86)/atmel/studio/7.0/toolchain/avr8/avr8-gnu-toolchain/bin/../lib/gcc/avr/5.4.0/../../../../avr/lib/avr6\libc.a(memcpy.o)
                0x00002fb4                memcpy
 .text.avr-libc
                0x00002fc6        0xe c:/program files (x86)/atmel/studio/7.0/toolchain/avr8/avr8-gnu-toolchain/bin/../lib/gcc/avr/5.4.0/../../../../avr/lib/avr6\libc.a(memset.o)
                0x00002fc6                memset
                0x00002fd4                . = ALIGN (0x2)
 *(.fini9)
 .fini9         0x00002fd4        0x0 c:/program files (x86)/atmel/studio/7.0/toolchain/avr8/avr8-gnu-toolchain/bin/../lib/gcc/avr/5.4.0/avr6\libgcc.a(_exit.o)
                0x00002fd4                _exit
                0x00002fd4                exit
 *(.fini9)
 *(.fini8)
 *(.fini8)
 *(.fini7)
 *(.fini7)
 *(.fini6)
 *(.fini6)
 *(.fini5)
 *(.fini5)
 *(.fini4)
 *(.fini4)
 *(.fini3)
 *(.fini3)
 *(.fini2)
 *(.fini2)
 *(.fini1)
 *(.fini1)
 *(.fini0)
 .fini0         0x00002fd4        0x4 c:/program files (x86)/atmel/studio/7.0/toolchain/avr8/avr8-gnu-toolchain/bin/../lib/gcc/avr/5.4.0/avr6\libgcc.a(_exit.o)
 *(.fini0)
                0x00002fd8                _etext = .

.data           0x00800200       0x7a load address 0x00002fd8
                0x00800200                PROVIDE (__data_start, .)
 *(.data)
 *(.data*)
 *(.gnu.linkonce.d*)
 *(.rodata)
 *(.rodata*)
 .rodata.str1.1
                0x00800200       0x6c main.o
 .rodata.str1.1
                0x0080026c        0x5 rtos/tasks.o
 .rodata.str1.1
                0x00800271        0x8 rtos/timers.o
 *(.gnu.linkonce.r*)
                0x0080027a                . = ALIGN (0x2)
 *fill*         0x00800279        0x1 
                0x0080027a                _edata = .
                0x0080027a                PROVIDE (__data_end, .)

.bss            0x0080027a      0x8a3
                0x0080027a                PROVIDE (__bss_start, .)
 *(.bss)
 *(.bss*)
 .bss.g_LCD_modbus_config
                0x0080027a        0xa ECUAL/LCD.o
 .bss.UART3_used.1996
                0x00800284        0x1 ECUAL/Modbus/Modbus_master.o
 .bss.UART2_used.1995
                0x00800285        0x1 ECUAL/Modbus/Modbus_master.o
 .bss.UART1_used.1994
                0x00800286        0x1 ECUAL/Modbus/Modbus_master.o
 .bss.g_mod1_Serial_flush
                0x00800287        0x2 ECUAL/Modbus/Modbus_master.o
 .bss.g_mod1_Serial_available
                0x00800289        0x2 ECUAL/Modbus/Modbus_master.o
 .bss.g_mod1_Serial_getc
                0x0080028b        0x2 ECUAL/Modbus/Modbus_master.o
 .bss.g_mod1_Serial_putc
                0x0080028d        0x2 ECUAL/Modbus/Modbus_master.o
 .bss.g_mod1_post_transmission
                0x0080028f        0x2 ECUAL/Modbus/Modbus_master.o
 .bss.g_mod1_pre_transmission
                0x00800291        0x2 ECUAL/Modbus/Modbus_master.o
 .bss.g_mod1_idle
                0x00800293        0x2 ECUAL/Modbus/Modbus_master.o
 .bss.g_mod1_response_buffer_length
                0x00800295        0x1 ECUAL/Modbus/Modbus_master.o
 .bss.g_mod1_response_buffer_index
                0x00800296        0x1 ECUAL/Modbus/Modbus_master.o
 .bss.g_mod1_slave
                0x00800297        0x1 ECUAL/Modbus/Modbus_master.o
 .bss.g_mod0_Serial_available
                0x00800298        0x2 ECUAL/Modbus/Modbus_master.o
 .bss.g_mod0_Serial_flush
                0x0080029a        0x2 ECUAL/Modbus/Modbus_master.o
 .bss.g_mod0_Serial_getc
                0x0080029c        0x2 ECUAL/Modbus/Modbus_master.o
 .bss.g_mod0_Serial_putc
                0x0080029e        0x2 ECUAL/Modbus/Modbus_master.o
 .bss.g_mod0_post_transmission
                0x008002a0        0x2 ECUAL/Modbus/Modbus_master.o
 .bss.g_mod0_pre_transmission
                0x008002a2        0x2 ECUAL/Modbus/Modbus_master.o
 .bss.g_mod0_idle
                0x008002a4        0x2 ECUAL/Modbus/Modbus_master.o
 .bss.g_mod0_response_buffer_length
                0x008002a6        0x1 ECUAL/Modbus/Modbus_master.o
 .bss.g_mod0_response_buffer_index
                0x008002a7        0x1 ECUAL/Modbus/Modbus_master.o
 .bss.g_mod0_slave
                0x008002a8        0x1 ECUAL/Modbus/Modbus_master.o
 .bss.ucStorageBuffer
                0x008002a9       0x64 main.o
 .bss.g_converted
                0x0080030d        0x1 MCAL/ADC.o
                0x0080030d                g_converted
 .bss.g_analog_data
                0x0080030e        0x2 MCAL/ADC.o
                0x0080030e                g_analog_data
 .bss.UART3_Transmission_end
                0x00800310        0x1 MCAL/UART.o
 .bss.UART2_Transmission_end
                0x00800311        0x1 MCAL/UART.o
 .bss.UART1_Transmission_end
                0x00800312        0x1 MCAL/UART.o
 .bss.UART0_Transmission_end
                0x00800313        0x1 MCAL/UART.o
 .bss.UART3_LastRxError
                0x00800314        0x1 MCAL/UART.o
 .bss.UART3_RxTail
                0x00800315        0x1 MCAL/UART.o
 .bss.UART3_RxHead
                0x00800316        0x1 MCAL/UART.o
 .bss.UART3_TxTail
                0x00800317        0x1 MCAL/UART.o
 .bss.UART3_TxHead
                0x00800318        0x1 MCAL/UART.o
 .bss.UART3_RxBuf
                0x00800319       0x80 MCAL/UART.o
 .bss.UART3_TxBuf
                0x00800399       0x80 MCAL/UART.o
 .bss.UART2_LastRxError
                0x00800419        0x1 MCAL/UART.o
 .bss.UART2_RxTail
                0x0080041a        0x1 MCAL/UART.o
 .bss.UART2_RxHead
                0x0080041b        0x1 MCAL/UART.o
 .bss.UART2_TxTail
                0x0080041c        0x1 MCAL/UART.o
 .bss.UART2_TxHead
                0x0080041d        0x1 MCAL/UART.o
 .bss.UART2_RxBuf
                0x0080041e       0x80 MCAL/UART.o
 .bss.UART2_TxBuf
                0x0080049e       0x80 MCAL/UART.o
 .bss.UART1_LastRxError
                0x0080051e        0x1 MCAL/UART.o
 .bss.UART1_RxTail
                0x0080051f        0x1 MCAL/UART.o
 .bss.UART1_RxHead
                0x00800520        0x1 MCAL/UART.o
 .bss.UART1_TxTail
                0x00800521        0x1 MCAL/UART.o
 .bss.UART1_TxHead
                0x00800522        0x1 MCAL/UART.o
 .bss.UART1_RxBuf
                0x00800523       0x80 MCAL/UART.o
 .bss.UART1_TxBuf
                0x008005a3       0x80 MCAL/UART.o
 .bss.UART_LastRxError
                0x00800623        0x1 MCAL/UART.o
 .bss.UART_RxTail
                0x00800624        0x1 MCAL/UART.o
 .bss.UART_RxHead
                0x00800625        0x1 MCAL/UART.o
 .bss.UART_TxTail
                0x00800626        0x1 MCAL/UART.o
 .bss.UART_TxHead
                0x00800627        0x1 MCAL/UART.o
 .bss.UART_RxBuf
                0x00800628       0x80 MCAL/UART.o
 .bss.UART_TxBuf
                0x008006a8       0x80 MCAL/UART.o
 .bss.uxTimerTaskStack.2224
                0x00800728       0x55 rtos/hooks.o
 .bss.xTimerTaskTCB.2223
                0x0080077d       0x28 rtos/hooks.o
 .bss.uxIdleTaskStack.2213
                0x008007a5       0x55 rtos/hooks.o
 .bss.xIdleTaskTCB.2212
                0x008007fa       0x28 rtos/hooks.o
 .bss.xDelayedTaskList2.2504
                0x00800822        0x9 rtos/tasks.o
 .bss.xDelayedTaskList1.2503
                0x0080082b        0x9 rtos/tasks.o
 .bss.uxSchedulerSuspended
                0x00800834        0x1 rtos/tasks.o
 .bss.xNextTaskUnblockTime
                0x00800835        0x2 rtos/tasks.o
 .bss.uxTaskNumber
                0x00800837        0x1 rtos/tasks.o
 .bss.xNumOfOverflows
                0x00800838        0x1 rtos/tasks.o
 .bss.xYieldPending
                0x00800839        0x1 rtos/tasks.o
 .bss.uxPendedTicks
                0x0080083a        0x1 rtos/tasks.o
 .bss.xSchedulerRunning
                0x0080083b        0x1 rtos/tasks.o
 .bss.uxTopReadyPriority
                0x0080083c        0x1 rtos/tasks.o
 .bss.xTickCount
                0x0080083d        0x2 rtos/tasks.o
 .bss.uxCurrentNumberOfTasks
                0x0080083f        0x1 rtos/tasks.o
 .bss.uxDeletedTasksWaitingCleanUp
                0x00800840        0x1 rtos/tasks.o
 .bss.xTasksWaitingTermination
                0x00800841        0x9 rtos/tasks.o
 .bss.xPendingReadyList
                0x0080084a        0x9 rtos/tasks.o
 .bss.pxOverflowDelayedTaskList
                0x00800853        0x2 rtos/tasks.o
 .bss.pxDelayedTaskList
                0x00800855        0x2 rtos/tasks.o
 .bss.pxReadyTasksLists
                0x00800857       0x24 rtos/tasks.o
 .bss.pxCurrentTCB
                0x0080087b        0x2 rtos/tasks.o
                0x0080087b                pxCurrentTCB
 .bss.xStaticTimerQueue.2438
                0x0080087d       0x1f rtos/timers.o
 .bss.ucStaticTimerQueueStorage.2439
                0x0080089c       0x32 rtos/timers.o
 .bss.xActiveTimerList2.2437
                0x008008ce        0x9 rtos/timers.o
 .bss.xActiveTimerList1.2436
                0x008008d7        0x9 rtos/timers.o
 .bss.xLastTime.2391
                0x008008e0        0x2 rtos/timers.o
 .bss.xTimerTaskHandle
                0x008008e2        0x2 rtos/timers.o
 .bss.xTimerQueue
                0x008008e4        0x2 rtos/timers.o
 .bss.pxOverflowTimerList
                0x008008e6        0x2 rtos/timers.o
 .bss.pxCurrentTimerList
                0x008008e8        0x2 rtos/timers.o
 *(COMMON)
 COMMON         0x008008ea       0x2c ECUAL/Encoder/Encoder.o
                0x008008ea                g_Timer3_old_time
                0x008008ee                g_timer3_config
                0x008008f0                g_Timer1_old_time
                0x008008f4                g_Timer5_old_time
                0x008008f8                g_diff_time
                0x008008fc                g_Timer4_new_time
                0x00800900                g_timer4_config
                0x00800902                g_Timer5_new_time
                0x00800906                g_Timer3_new_time
                0x0080090a                g_timer1_config
                0x0080090c                g_Timer4_old_time
                0x00800910                g_Timer1_new_time
                0x00800914                g_timer5_config
 COMMON         0x00800916      0x203 main.o
                0x00800916                xTask1Buffer
                0x0080093e                xMessageBuffer
                0x00800940                xTask2Buffer
                0x00800968                debug_send_lcd
                0x00800973                xStack1
                0x00800a3b                xMessageBufferStruct
                0x00800a4a                xStack2
                0x00800b12                debug_rece_lcd
 COMMON         0x00800b19        0x4 utils/Millis.o
                0x00800b19                timer1_millis
                0x00800b1d                PROVIDE (__bss_end, .)
                0x00002fd8                __data_load_start = LOADADDR (.data)
                0x00003052                __data_load_end = (__data_load_start + SIZEOF (.data))

.noinit         0x00800b1d        0x0
                [!provide]                PROVIDE (__noinit_start, .)
 *(.noinit*)
                [!provide]                PROVIDE (__noinit_end, .)
                0x00800b1d                _end = .
                [!provide]                PROVIDE (__heap_start, .)

.eeprom         0x00810000        0x0
 *(.eeprom*)
                0x00810000                __eeprom_end = .

.fuse
 *(.fuse)
 *(.lfuse)
 *(.hfuse)
 *(.efuse)

.lock
 *(.lock*)

.signature
 *(.signature*)

.user_signatures
 *(.user_signatures*)

.stab
 *(.stab)

.stabstr
 *(.stabstr)

.stab.excl
 *(.stab.excl)

.stab.exclstr
 *(.stab.exclstr)

.stab.index
 *(.stab.index)

.stab.indexstr
 *(.stab.indexstr)

.comment        0x00000000       0x30
 *(.comment)
 .comment       0x00000000       0x30 ECUAL/Encoder/Encoder.o
                                 0x31 (size before relaxing)
 .comment       0x00000030       0x31 ECUAL/LCD.o
 .comment       0x00000030       0x31 ECUAL/Modbus/Modbus_master.o
 .comment       0x00000030       0x31 main.o
 .comment       0x00000030       0x31 MCAL/ADC.o
 .comment       0x00000030       0x31 MCAL/DIO.o
 .comment       0x00000030       0x31 MCAL/UART.o
 .comment       0x00000030       0x31 rtos/hooks.o
 .comment       0x00000030       0x31 rtos/list.o
 .comment       0x00000030       0x31 rtos/port.o
 .comment       0x00000030       0x31 rtos/queue.o
 .comment       0x00000030       0x31 rtos/stream_buffer.o
 .comment       0x00000030       0x31 rtos/tasks.o
 .comment       0x00000030       0x31 rtos/timers.o
 .comment       0x00000030       0x31 utils/Millis.o

.note.gnu.avr.deviceinfo
                0x00000000       0x40
 .note.gnu.avr.deviceinfo
                0x00000000       0x40 C:/Program Files (x86)/Atmel/Studio/7.0/Packs/atmel/ATmega_DFP/1.1.130/gcc/dev/atmega2560/avr6/crtatmega2560.o

.note.gnu.build-id
 *(.note.gnu.build-id)

.debug
 *(.debug)

.line
 *(.line)

.debug_srcinfo
 *(.debug_srcinfo)

.debug_sfnames
 *(.debug_sfnames)

.debug_aranges  0x00000000      0x898
 *(.debug_aranges)
 .debug_aranges
                0x00000000       0x40 ECUAL/Encoder/Encoder.o
 .debug_aranges
                0x00000040       0x60 ECUAL/LCD.o
 .debug_aranges
                0x000000a0       0xd8 ECUAL/Modbus/Modbus_master.o
 .debug_aranges
                0x00000178       0x30 main.o
 .debug_aranges
                0x000001a8       0x38 MCAL/ADC.o
 .debug_aranges
                0x000001e0       0xc0 MCAL/DIO.o
 .debug_aranges
                0x000002a0      0x180 MCAL/UART.o
 .debug_aranges
                0x00000420       0x38 rtos/hooks.o
 .debug_aranges
                0x00000458       0x40 rtos/list.o
 .debug_aranges
                0x00000498       0x48 rtos/port.o
 .debug_aranges
                0x000004e0       0xe0 rtos/queue.o
 .debug_aranges
                0x000005c0       0xb0 rtos/stream_buffer.o
 .debug_aranges
                0x00000670      0x170 rtos/tasks.o
 .debug_aranges
                0x000007e0       0x88 rtos/timers.o
 .debug_aranges
                0x00000868       0x30 utils/Millis.o

.debug_pubnames
 *(.debug_pubnames)

.debug_info     0x00000000     0xb1fe
 *(.debug_info .gnu.linkonce.wi.*)
 .debug_info    0x00000000      0xbbc C:/Program Files (x86)/Atmel/Studio/7.0/Packs/atmel/ATmega_DFP/1.1.130/gcc/dev/atmega2560/avr6/crtatmega2560.o
 .debug_info    0x00000bbc      0x330 ECUAL/Encoder/Encoder.o
 .debug_info    0x00000eec      0x5a4 ECUAL/LCD.o
 .debug_info    0x00001490     0x10ba ECUAL/Modbus/Modbus_master.o
 .debug_info    0x0000254a      0x844 main.o
 .debug_info    0x00002d8e      0x156 MCAL/ADC.o
 .debug_info    0x00002ee4      0x36a MCAL/DIO.o
 .debug_info    0x0000324e     0x145b MCAL/UART.o
 .debug_info    0x000046a9      0x3f0 rtos/hooks.o
 .debug_info    0x00004a99      0x2e3 rtos/list.o
 .debug_info    0x00004d7c      0x288 rtos/port.o
 .debug_info    0x00005004     0x1a8c rtos/queue.o
 .debug_info    0x00006a90     0x1465 rtos/stream_buffer.o
 .debug_info    0x00007ef5     0x1e37 rtos/tasks.o
 .debug_info    0x00009d2c     0x1366 rtos/timers.o
 .debug_info    0x0000b092      0x16c utils/Millis.o

.debug_abbrev   0x00000000     0x2824
 *(.debug_abbrev)
 .debug_abbrev  0x00000000      0xb1a C:/Program Files (x86)/Atmel/Studio/7.0/Packs/atmel/ATmega_DFP/1.1.130/gcc/dev/atmega2560/avr6/crtatmega2560.o
 .debug_abbrev  0x00000b1a      0x120 ECUAL/Encoder/Encoder.o
 .debug_abbrev  0x00000c3a      0x179 ECUAL/LCD.o
 .debug_abbrev  0x00000db3      0x2d3 ECUAL/Modbus/Modbus_master.o
 .debug_abbrev  0x00001086      0x1bd main.o
 .debug_abbrev  0x00001243       0xee MCAL/ADC.o
 .debug_abbrev  0x00001331      0x103 MCAL/DIO.o
 .debug_abbrev  0x00001434      0x1e9 MCAL/UART.o
 .debug_abbrev  0x0000161d      0x184 rtos/hooks.o
 .debug_abbrev  0x000017a1      0x102 rtos/list.o
 .debug_abbrev  0x000018a3      0x15b rtos/port.o
 .debug_abbrev  0x000019fe      0x387 rtos/queue.o
 .debug_abbrev  0x00001d85      0x2ab rtos/stream_buffer.o
 .debug_abbrev  0x00002030      0x335 rtos/tasks.o
 .debug_abbrev  0x00002365      0x392 rtos/timers.o
 .debug_abbrev  0x000026f7      0x12d utils/Millis.o

.debug_line     0x00000000     0x7c11
 *(.debug_line .debug_line.* .debug_line_end)
 .debug_line    0x00000000      0x1f9 C:/Program Files (x86)/Atmel/Studio/7.0/Packs/atmel/ATmega_DFP/1.1.130/gcc/dev/atmega2560/avr6/crtatmega2560.o
 .debug_line    0x000001f9      0x534 ECUAL/Encoder/Encoder.o
 .debug_line    0x0000072d      0x44d ECUAL/LCD.o
 .debug_line    0x00000b7a     0x1263 ECUAL/Modbus/Modbus_master.o
 .debug_line    0x00001ddd      0x5e7 main.o
 .debug_line    0x000023c4      0x381 MCAL/ADC.o
 .debug_line    0x00002745      0x64c MCAL/DIO.o
 .debug_line    0x00002d91      0xe80 MCAL/UART.o
 .debug_line    0x00003c11      0x448 rtos/hooks.o
 .debug_line    0x00004059      0x3fb rtos/list.o
 .debug_line    0x00004454      0x4ce rtos/port.o
 .debug_line    0x00004922      0xd67 rtos/queue.o
 .debug_line    0x00005689      0x902 rtos/stream_buffer.o
 .debug_line    0x00005f8b     0x124d rtos/tasks.o
 .debug_line    0x000071d8      0x6e8 rtos/timers.o
 .debug_line    0x000078c0      0x351 utils/Millis.o

.debug_frame    0x00000000     0x1bcc
 *(.debug_frame)
 .debug_frame   0x00000000      0x1e4 ECUAL/Encoder/Encoder.o
 .debug_frame   0x000001e4       0xf8 ECUAL/LCD.o
 .debug_frame   0x000002dc      0x1fc ECUAL/Modbus/Modbus_master.o
 .debug_frame   0x000004d8       0x64 main.o
 .debug_frame   0x0000053c       0x70 MCAL/ADC.o
 .debug_frame   0x000005ac      0x164 MCAL/DIO.o
 .debug_frame   0x00000710      0x514 MCAL/UART.o
 .debug_frame   0x00000c24       0x54 rtos/hooks.o
 .debug_frame   0x00000c78       0x88 rtos/list.o
 .debug_frame   0x00000d00       0x74 rtos/port.o
 .debug_frame   0x00000d74      0x394 rtos/queue.o
 .debug_frame   0x00001108      0x384 rtos/stream_buffer.o
 .debug_frame   0x0000148c      0x510 rtos/tasks.o
 .debug_frame   0x0000199c      0x1cc rtos/timers.o
 .debug_frame   0x00001b68       0x64 utils/Millis.o

.debug_str      0x00000000    0x1884b
 *(.debug_str)
 .debug_str     0x00000000      0x3e6 C:/Program Files (x86)/Atmel/Studio/7.0/Packs/atmel/ATmega_DFP/1.1.130/gcc/dev/atmega2560/avr6/crtatmega2560.o
 .debug_str     0x000003e6     0x9cb9 ECUAL/Encoder/Encoder.o
                               0x9e07 (size before relaxing)
 .debug_str     0x0000a09f      0x5bc ECUAL/LCD.o
                               0x9137 (size before relaxing)
 .debug_str     0x0000a65b      0x832 ECUAL/Modbus/Modbus_master.o
                               0xa8ac (size before relaxing)
 .debug_str     0x0000ae8d     0x4fad main.o
                               0xf0a7 (size before relaxing)
 .debug_str     0x0000fe3a      0xa56 MCAL/ADC.o
                               0x9d1d (size before relaxing)
 .debug_str     0x00010890      0x2ed MCAL/DIO.o
                               0x9889 (size before relaxing)
 .debug_str     0x00010b7d     0x2fbe MCAL/UART.o
                               0xc22d (size before relaxing)
 .debug_str     0x00013b3b      0xbd0 rtos/hooks.o
                               0xd3bb (size before relaxing)
 .debug_str     0x0001470b      0x2a1 rtos/list.o
                               0xbec3 (size before relaxing)
 .debug_str     0x000149ac     0x14aa rtos/port.o
                               0xd7b8 (size before relaxing)
 .debug_str     0x00015e56      0xaf8 rtos/queue.o
                               0xd153 (size before relaxing)
 .debug_str     0x0001694e      0xb00 rtos/stream_buffer.o
                               0xcc7a (size before relaxing)
 .debug_str     0x0001744e      0xf18 rtos/tasks.o
                               0xdca4 (size before relaxing)
 .debug_str     0x00018366      0x4ab rtos/timers.o
                               0xd5d3 (size before relaxing)
 .debug_str     0x00018811       0x3a utils/Millis.o
                               0x950c (size before relaxing)

.debug_loc      0x00000000     0xb2e1
 *(.debug_loc)
 .debug_loc     0x00000000      0x47b ECUAL/Encoder/Encoder.o
 .debug_loc     0x0000047b      0x482 ECUAL/LCD.o
 .debug_loc     0x000008fd     0x1f60 ECUAL/Modbus/Modbus_master.o
 .debug_loc     0x0000285d      0x1d5 main.o
 .debug_loc     0x00002a32       0xbd MCAL/ADC.o
 .debug_loc     0x00002aef       0xb1 MCAL/DIO.o
 .debug_loc     0x00002ba0     0x17be MCAL/UART.o
 .debug_loc     0x0000435e      0x122 rtos/hooks.o
 .debug_loc     0x00004480      0x145 rtos/list.o
 .debug_loc     0x000045c5      0x2af rtos/port.o
 .debug_loc     0x00004874     0x1ee1 rtos/queue.o
 .debug_loc     0x00006755     0x1e05 rtos/stream_buffer.o
 .debug_loc     0x0000855a     0x2048 rtos/tasks.o
 .debug_loc     0x0000a5a2      0xc90 rtos/timers.o
 .debug_loc     0x0000b232       0xaf utils/Millis.o

.debug_macinfo
 *(.debug_macinfo)

.debug_weaknames
 *(.debug_weaknames)

.debug_funcnames
 *(.debug_funcnames)

.debug_typenames
 *(.debug_typenames)

.debug_varnames
 *(.debug_varnames)

.debug_pubtypes
 *(.debug_pubtypes)

.debug_ranges   0x00000000      0x9c8
 *(.debug_ranges)
 .debug_ranges  0x00000000       0x30 ECUAL/Encoder/Encoder.o
 .debug_ranges  0x00000030       0x68 ECUAL/LCD.o
 .debug_ranges  0x00000098      0x118 ECUAL/Modbus/Modbus_master.o
 .debug_ranges  0x000001b0       0x20 main.o
 .debug_ranges  0x000001d0       0x28 MCAL/ADC.o
 .debug_ranges  0x000001f8       0xb0 MCAL/DIO.o
 .debug_ranges  0x000002a8      0x1d0 MCAL/UART.o
 .debug_ranges  0x00000478       0x28 rtos/hooks.o
 .debug_ranges  0x000004a0       0x30 rtos/list.o
 .debug_ranges  0x000004d0       0x38 rtos/port.o
 .debug_ranges  0x00000508      0x160 rtos/queue.o
 .debug_ranges  0x00000668       0xa0 rtos/stream_buffer.o
 .debug_ranges  0x00000708      0x1c8 rtos/tasks.o
 .debug_ranges  0x000008d0       0xd8 rtos/timers.o
 .debug_ranges  0x000009a8       0x20 utils/Millis.o

.debug_macro    0x00000000     0x56b9
 *(.debug_macro)
 .debug_macro   0x00000000      0x106 ECUAL/Encoder/Encoder.o
 .debug_macro   0x00000106       0x10 ECUAL/Encoder/Encoder.o
 .debug_macro   0x00000116       0x10 ECUAL/Encoder/Encoder.o
 .debug_macro   0x00000126      0x1c9 ECUAL/Encoder/Encoder.o
 .debug_macro   0x000002ef      0x2fc ECUAL/Encoder/Encoder.o
 .debug_macro   0x000005eb       0x9e ECUAL/Encoder/Encoder.o
 .debug_macro   0x00000689     0x1ecb ECUAL/Encoder/Encoder.o
 .debug_macro   0x00002554      0x100 ECUAL/Encoder/Encoder.o
 .debug_macro   0x00002654      0x2ea ECUAL/Encoder/Encoder.o
 .debug_macro   0x0000293e       0xd9 ECUAL/Encoder/Encoder.o
 .debug_macro   0x00002a17       0x34 ECUAL/Encoder/Encoder.o
 .debug_macro   0x00002a4b       0x18 ECUAL/Encoder/Encoder.o
 .debug_macro   0x00002a63       0x6c ECUAL/Encoder/Encoder.o
 .debug_macro   0x00002acf       0x63 ECUAL/Encoder/Encoder.o
 .debug_macro   0x00002b32       0x8e ECUAL/Encoder/Encoder.o
 .debug_macro   0x00002bc0      0x112 ECUAL/Encoder/Encoder.o
 .debug_macro   0x00002cd2       0x34 ECUAL/Encoder/Encoder.o
 .debug_macro   0x00002d06       0x10 ECUAL/Encoder/Encoder.o
 .debug_macro   0x00002d16      0x166 ECUAL/Encoder/Encoder.o
 .debug_macro   0x00002e7c       0xd1 ECUAL/Encoder/Encoder.o
 .debug_macro   0x00002f4d       0xde ECUAL/LCD.o
 .debug_macro   0x0000302b       0xcb ECUAL/LCD.o
 .debug_macro   0x000030f6       0x94 ECUAL/LCD.o
 .debug_macro   0x0000318a       0x40 ECUAL/LCD.o
 .debug_macro   0x000031ca      0x130 ECUAL/Modbus/Modbus_master.o
 .debug_macro   0x000032fa       0x69 ECUAL/Modbus/Modbus_master.o
 .debug_macro   0x00003363       0x10 ECUAL/Modbus/Modbus_master.o
 .debug_macro   0x00003373      0x20f main.o
 .debug_macro   0x00003582      0x16d main.o
 .debug_macro   0x000036ef      0x106 main.o
 .debug_macro   0x000037f5       0x52 main.o
 .debug_macro   0x00003847       0x82 main.o
 .debug_macro   0x000038c9       0x16 main.o
 .debug_macro   0x000038df       0x68 main.o
 .debug_macro   0x00003947       0x1f main.o
 .debug_macro   0x00003966      0x3f3 main.o
 .debug_macro   0x00003d59       0xb5 main.o
 .debug_macro   0x00003e0e       0x8c main.o
 .debug_macro   0x00003e9a       0x10 main.o
 .debug_macro   0x00003eaa       0x18 main.o
 .debug_macro   0x00003ec2       0x66 main.o
 .debug_macro   0x00003f28       0x86 main.o
 .debug_macro   0x00003fae       0x78 main.o
 .debug_macro   0x00004026       0xde MCAL/ADC.o
 .debug_macro   0x00004104       0xaa MCAL/ADC.o
 .debug_macro   0x000041ae      0x291 MCAL/ADC.o
 .debug_macro   0x0000443f       0xcf MCAL/DIO.o
 .debug_macro   0x0000450e       0x88 MCAL/DIO.o
 .debug_macro   0x00004596       0x52 MCAL/DIO.o
 .debug_macro   0x000045e8      0x1c8 MCAL/UART.o
 .debug_macro   0x000047b0       0x10 MCAL/UART.o
 .debug_macro   0x000047c0       0x89 MCAL/UART.o
 .debug_macro   0x00004849      0x181 MCAL/UART.o
 .debug_macro   0x000049ca      0x15c rtos/hooks.o
 .debug_macro   0x00004b26       0x3b rtos/hooks.o
 .debug_macro   0x00004b61       0x10 rtos/hooks.o
 .debug_macro   0x00004b71      0x128 rtos/list.o
 .debug_macro   0x00004c99      0x155 rtos/port.o
 .debug_macro   0x00004dee      0x182 rtos/queue.o
 .debug_macro   0x00004f70       0x16 rtos/queue.o
 .debug_macro   0x00004f86       0x20 rtos/queue.o
 .debug_macro   0x00004fa6      0x166 rtos/stream_buffer.o
 .debug_macro   0x0000510c       0x97 rtos/stream_buffer.o
 .debug_macro   0x000051a3       0x16 rtos/stream_buffer.o
 .debug_macro   0x000051b9       0xf6 rtos/stream_buffer.o
 .debug_macro   0x000052af      0x1f3 rtos/tasks.o
 .debug_macro   0x000054a2      0x14e rtos/timers.o
 .debug_macro   0x000055f0       0xc9 utils/Millis.o
OUTPUT(blancher.elf elf32-avr)
LOAD linker stubs
